Archive member included because of file (symbol)

/opt/Freescale/KDS_v3/toolchain/bin/../lib/gcc/arm-none-eabi/4.8.4/armv6-m/libgcc.a(_udivsi3.o)
                              ./Sources/SerialCommunication.o (__aeabi_uidiv)
/opt/Freescale/KDS_v3/toolchain/bin/../lib/gcc/arm-none-eabi/4.8.4/armv6-m/libgcc.a(_divsi3.o)
                              ./Sources/SerialCommunication.o (__aeabi_idiv)
/opt/Freescale/KDS_v3/toolchain/bin/../lib/gcc/arm-none-eabi/4.8.4/armv6-m/libgcc.a(_dvmd_tls.o)
                              /opt/Freescale/KDS_v3/toolchain/bin/../lib/gcc/arm-none-eabi/4.8.4/armv6-m/libgcc.a(_udivsi3.o) (__aeabi_idiv0)
/opt/Freescale/KDS_v3/toolchain/bin/../lib/gcc/arm-none-eabi/4.8.4/../../../../arm-none-eabi/lib/armv6-m/libg_s.a(lib_a-exit.o)
                              /opt/Freescale/KDS_v3/toolchain/bin/../lib/gcc/arm-none-eabi/4.8.4/../../../../arm-none-eabi/lib/armv6-m/crt0.o (exit)
/opt/Freescale/KDS_v3/toolchain/bin/../lib/gcc/arm-none-eabi/4.8.4/../../../../arm-none-eabi/lib/armv6-m/libg_s.a(lib_a-impure.o)
                              /opt/Freescale/KDS_v3/toolchain/bin/../lib/gcc/arm-none-eabi/4.8.4/../../../../arm-none-eabi/lib/armv6-m/libg_s.a(lib_a-exit.o) (_global_impure_ptr)
/opt/Freescale/KDS_v3/toolchain/bin/../lib/gcc/arm-none-eabi/4.8.4/../../../../arm-none-eabi/lib/armv6-m/libg_s.a(lib_a-init.o)
                              /opt/Freescale/KDS_v3/toolchain/bin/../lib/gcc/arm-none-eabi/4.8.4/../../../../arm-none-eabi/lib/armv6-m/crt0.o (__libc_init_array)
/opt/Freescale/KDS_v3/toolchain/bin/../lib/gcc/arm-none-eabi/4.8.4/../../../../arm-none-eabi/lib/armv6-m/libg_s.a(lib_a-memset.o)
                              /opt/Freescale/KDS_v3/toolchain/bin/../lib/gcc/arm-none-eabi/4.8.4/../../../../arm-none-eabi/lib/armv6-m/crt0.o (memset)
/opt/Freescale/KDS_v3/toolchain/bin/../lib/gcc/arm-none-eabi/4.8.4/../../../../arm-none-eabi/lib/armv6-m/libnosys.a(_exit.o)
                              /opt/Freescale/KDS_v3/toolchain/bin/../lib/gcc/arm-none-eabi/4.8.4/../../../../arm-none-eabi/lib/armv6-m/libg_s.a(lib_a-exit.o) (_exit)

Allocating common symbols
Common symbol       size              file

clockCounter        0x4               ./Sources/CameraController.o
transferTime        0x4               ./Sources/CameraController.o
arrayOfPixels       0x400             ./Sources/CameraController.o
ImageConverter_OutV
                    0x1               ./Generated_Code/ImageConverter.o
serialTest          0x1               ./Sources/main.o
state               0x4               ./Sources/CameraController.o
AdcLdd1_DeviceDataPtr
                    0x4               ./Generated_Code/ImageConverter.o
COMMUNICATION_SERIAL
                    0x4               ./Sources/CameraController.o
SR_reg              0x1               ./Generated_Code/Cpu.o
serialFinished      0x1               ./Sources/main.o
serialTestStart     0x1               ./Sources/main.o
pixelArray          0x100             ./Sources/main.o

Discarded input sections

 .text          0x00000000        0x0 /opt/Freescale/KDS_v3/toolchain/bin/../lib/gcc/arm-none-eabi/4.8.4/armv6-m/crti.o
 .data          0x00000000        0x0 /opt/Freescale/KDS_v3/toolchain/bin/../lib/gcc/arm-none-eabi/4.8.4/armv6-m/crti.o
 .bss           0x00000000        0x0 /opt/Freescale/KDS_v3/toolchain/bin/../lib/gcc/arm-none-eabi/4.8.4/armv6-m/crti.o
 .data          0x00000000        0x4 /opt/Freescale/KDS_v3/toolchain/bin/../lib/gcc/arm-none-eabi/4.8.4/armv6-m/crtbegin.o
 .data          0x00000000        0x0 /opt/Freescale/KDS_v3/toolchain/bin/../lib/gcc/arm-none-eabi/4.8.4/../../../../arm-none-eabi/lib/armv6-m/crt0.o
 .bss           0x00000000        0x0 /opt/Freescale/KDS_v3/toolchain/bin/../lib/gcc/arm-none-eabi/4.8.4/../../../../arm-none-eabi/lib/armv6-m/crt0.o
 .ARM.extab     0x00000000        0x0 /opt/Freescale/KDS_v3/toolchain/bin/../lib/gcc/arm-none-eabi/4.8.4/../../../../arm-none-eabi/lib/armv6-m/crt0.o
 .group         0x00000000        0x8 ./Sources/CameraController.o
 .group         0x00000000        0x8 ./Sources/CameraController.o
 .group         0x00000000        0x8 ./Sources/CameraController.o
 .group         0x00000000        0x8 ./Sources/CameraController.o
 .group         0x00000000        0x8 ./Sources/CameraController.o
 .group         0x00000000        0x8 ./Sources/CameraController.o
 .group         0x00000000        0x8 ./Sources/CameraController.o
 .group         0x00000000        0x8 ./Sources/CameraController.o
 .group         0x00000000        0x8 ./Sources/CameraController.o
 .group         0x00000000        0x8 ./Sources/CameraController.o
 .group         0x00000000        0x8 ./Sources/CameraController.o
 .group         0x00000000        0x8 ./Sources/CameraController.o
 .group         0x00000000        0x8 ./Sources/CameraController.o
 .group         0x00000000        0x8 ./Sources/CameraController.o
 .text          0x00000000        0x0 ./Sources/CameraController.o
[...]
Memory Configuration

Name             Origin             Length             Attributes
m_interrupts     0x00000000         0x000000c0         xr
m_text           0x00000410         0x0001fbf0         xr
m_data           0x1ffff000         0x00004000         rw
m_cfmprotrom     0x00000400         0x00000010         xr
*default*        0x00000000         0xffffffff

Linker script and memory map

LOAD /opt/Freescale/KDS_v3/toolchain/bin/../lib/gcc/arm-none-eabi/4.8.4/armv6-m/crti.o
LOAD /opt/Freescale/KDS_v3/toolchain/bin/../lib/gcc/arm-none-eabi/4.8.4/armv6-m/crtbegin.o
LOAD /opt/Freescale/KDS_v3/toolchain/bin/../lib/gcc/arm-none-eabi/4.8.4/../../../../arm-none-eabi/lib/armv6-m/crt0.o
LOAD ./Sources/CameraController.o
LOAD ./Sources/Events.o
LOAD ./Sources/SerialCommunication.o
LOAD ./Sources/main.o
LOAD ./Project_Settings/Startup_Code/startup.o
LOAD ./Generated_Code/AdcLdd1.o
LOAD ./Generated_Code/BitIoLdd1.o
LOAD ./Generated_Code/BitIoLdd2.o
LOAD ./Generated_Code/BitIoLdd3.o
LOAD ./Generated_Code/CLK.o
LOAD ./Generated_Code/ClockInterruption.o
LOAD ./Generated_Code/Cpu.o
LOAD ./Generated_Code/DebugLED.o
LOAD ./Generated_Code/ImageConverter.o
LOAD ./Generated_Code/PE_LDD.o
LOAD ./Generated_Code/SI.o
LOAD ./Generated_Code/SerialCom.o
LOAD ./Generated_Code/TU1.o
LOAD ./Generated_Code/TimerIntLdd1.o
LOAD ./Generated_Code/Vectors.o
LOAD /opt/Freescale/KDS_v3/toolchain/bin/../lib/gcc/arm-none-eabi/4.8.4/../../../../arm-none-eabi/lib/armv6-m/libstdc++_s.a
LOAD /opt/Freescale/KDS_v3/toolchain/bin/../lib/gcc/arm-none-eabi/4.8.4/../../../../arm-none-eabi/lib/armv6-m/libm.a
START GROUP
LOAD /opt/Freescale/KDS_v3/toolchain/bin/../lib/gcc/arm-none-eabi/4.8.4/armv6-m/libgcc.a
LOAD /opt/Freescale/KDS_v3/toolchain/bin/../lib/gcc/arm-none-eabi/4.8.4/../../../../arm-none-eabi/lib/armv6-m/libg_s.a
LOAD /opt/Freescale/KDS_v3/toolchain/bin/../lib/gcc/arm-none-eabi/4.8.4/../../../../arm-none-eabi/lib/armv6-m/libc_s.a
END GROUP
START GROUP
LOAD /opt/Freescale/KDS_v3/toolchain/bin/../lib/gcc/arm-none-eabi/4.8.4/armv6-m/libgcc.a
LOAD /opt/Freescale/KDS_v3/toolchain/bin/../lib/gcc/arm-none-eabi/4.8.4/../../../../arm-none-eabi/lib/armv6-m/libc_s.a
LOAD /opt/Freescale/KDS_v3/toolchain/bin/../lib/gcc/arm-none-eabi/4.8.4/../../../../arm-none-eabi/lib/armv6-m/libnosys.a
END GROUP
START GROUP
LOAD /opt/Freescale/KDS_v3/toolchain/bin/../lib/gcc/arm-none-eabi/4.8.4/armv6-m/libgcc.a
LOAD /opt/Freescale/KDS_v3/toolchain/bin/../lib/gcc/arm-none-eabi/4.8.4/../../../../arm-none-eabi/lib/armv6-m/libc_s.a
LOAD /opt/Freescale/KDS_v3/toolchain/bin/../lib/gcc/arm-none-eabi/4.8.4/../../../../arm-none-eabi/lib/armv6-m/libnosys.a
END GROUP
LOAD /opt/Freescale/KDS_v3/toolchain/bin/../lib/gcc/arm-none-eabi/4.8.4/armv6-m/crtend.o
LOAD /opt/Freescale/KDS_v3/toolchain/bin/../lib/gcc/arm-none-eabi/4.8.4/armv6-m/crtn.o
                0x20003000                _estack = 0x20003000
                0x20003000                __SP_INIT = _estack
                0x20003000                __stack = _estack
                0x00000000                __heap_size = 0x0
                0x00000400                __stack_size = 0x400

.interrupts     0x00000000       0xc0
                0x00000000                __vector_table = .
                0x00000000                . = ALIGN (0x4)
 *(.vectortable)
 .vectortable   0x00000000       0xc0 ./Generated_Code/Vectors.o
                0x00000000                __vect_table
                0x000000c0                . = ALIGN (0x4)

.cfmprotect     0x00000400       0x10
                0x00000400                . = ALIGN (0x4)
 *(.cfmconfig)
 .cfmconfig     0x00000400       0x10 ./Generated_Code/Cpu.o
                0x00000400                _cfm
                0x00000410                . = ALIGN (0x4)

.text           0x00000410     0x1560
                0x00000410                . = ALIGN (0x4)
 *(.text)
 .text          0x00000410       0x60 /opt/Freescale/KDS_v3/toolchain/bin/../lib/gcc/arm-none-eabi/4.8.4/armv6-m/crtbegin.o
 .text          0x00000470       0x78 /opt/Freescale/KDS_v3/toolchain/bin/../lib/gcc/arm-none-eabi/4.8.4/../../../../arm-none-eabi/lib/armv6-m/crt0.o
                0x00000470                _mainCRTStartup
                0x00000470                _start
 .text          0x000004e8       0x9c /opt/Freescale/KDS_v3/toolchain/bin/../lib/gcc/arm-none-eabi/4.8.4/armv6-m/libgcc.a(_udivsi3.o)
                0x000004e8                __udivsi3
                0x000004e8                __aeabi_uidiv
                0x00000570                __aeabi_uidivmod
 .text          0x00000584       0xc0 /opt/Freescale/KDS_v3/toolchain/bin/../lib/gcc/arm-none-eabi/4.8.4/armv6-m/libgcc.a(_divsi3.o)
                0x00000584                __aeabi_idiv
                0x00000584                __divsi3
                0x00000630                __aeabi_idivmod
 .text          0x00000644        0x4 /opt/Freescale/KDS_v3/toolchain/bin/../lib/gcc/arm-none-eabi/4.8.4/armv6-m/libgcc.a(_dvmd_tls.o)
                0x00000644                __aeabi_ldiv0
                0x00000644                __aeabi_idiv0
 *(.text*)
 .text.Cpu_OnNMIINT
                0x00000648        0x8 ./Sources/Events.o
                0x00000648                Cpu_OnNMIINT
 .text.ClockInterruption_OnInterrupt
                0x00000650      0x104 ./Sources/Events.o
                0x00000650                ClockInterruption_OnInterrupt
 .text.ImageConverter_OnEnd
                0x00000754       0x20 ./Sources/Events.o
                0x00000754                ImageConverter_OnEnd
 .text.ImageConverter_OnCalibrationEnd
                0x00000774        0x8 ./Sources/Events.o
                0x00000774                ImageConverter_OnCalibrationEnd
 .text.SerialCom_OnBlockReceived
                0x0000077c       0x10 ./Sources/Events.o
                0x0000077c                SerialCom_OnBlockReceived
 .text.SerialCom_OnBlockSent
                0x0000078c       0x18 ./Sources/Events.o
                0x0000078c                SerialCom_OnBlockSent
 .text.init_Serial
                0x000007a4       0x20 ./Sources/SerialCommunication.o
 .text.sendChar
                0x000007c4       0x44 ./Sources/SerialCommunication.o
 .text.itoa_8_bit
                0x00000808       0x9c ./Sources/SerialCommunication.o
                0x00000808                itoa_8_bit
 .text.sendArrayOfPixels
                0x000008a4       0x50 ./Sources/SerialCommunication.o
                0x000008a4                sendArrayOfPixels
 .text.main     0x000008f4       0x58 ./Sources/main.o
                0x000008f4                main
 .text.__copy_rom_section
                0x0000094c       0xd8 ./Project_Settings/Startup_Code/startup.o
                0x0000094c                __copy_rom_section
 .text.__copy_rom_sections_to_ram
                0x00000a24       0x98 ./Project_Settings/Startup_Code/startup.o
                0x00000a24                __copy_rom_sections_to_ram
 .text.__init_registers
                0x00000abc        0x8 ./Project_Settings/Startup_Code/startup.o
                0x00000abc                __init_registers
 .text.__init_user
                0x00000ac4        0x8 ./Project_Settings/Startup_Code/startup.o
                0x00000ac4                __init_user
 .text.__thumb_startup
                0x00000acc       0x30 ./Project_Settings/Startup_Code/startup.o
                0x00000acc                __thumb_startup
 .text.AdcLdd1_Init
                0x00000afc       0xc4 ./Generated_Code/AdcLdd1.o
                0x00000afc                AdcLdd1_Init
 .text.AdcLdd1_StartSingleMeasurement
                0x00000bc0       0x44 ./Generated_Code/AdcLdd1.o
                0x00000bc0                AdcLdd1_StartSingleMeasurement
 .text.AdcLdd1_CreateSampleGroup
                0x00000c04       0x64 ./Generated_Code/AdcLdd1.o
                0x00000c04                AdcLdd1_CreateSampleGroup
 .text.AdcLdd1_GetMeasuredValues
                0x00000c68       0x60 ./Generated_Code/AdcLdd1.o
                0x00000c68                AdcLdd1_GetMeasuredValues
 .text.AdcLdd1_GetCalibrationResultStatus
                0x00000cc8       0xb8 ./Generated_Code/AdcLdd1.o
                0x00000cc8                AdcLdd1_GetCalibrationResultStatus
 .text.AdcLdd1_MeasurementCompleteInterrupt
                0x00000d80       0x30 ./Generated_Code/AdcLdd1.o
                0x00000d80                AdcLdd1_MeasurementCompleteInterrupt
 .text.BitIoLdd1_Init
                0x00000db0       0x60 ./Generated_Code/BitIoLdd1.o
                0x00000db0                BitIoLdd1_Init
 .text.BitIoLdd1_GetVal
                0x00000e10       0x28 ./Generated_Code/BitIoLdd1.o
                0x00000e10                BitIoLdd1_GetVal
 .text.BitIoLdd1_ClrVal
                0x00000e38       0x18 ./Generated_Code/BitIoLdd1.o
                0x00000e38                BitIoLdd1_ClrVal
 .text.BitIoLdd1_SetVal
                0x00000e50       0x18 ./Generated_Code/BitIoLdd1.o
                0x00000e50                BitIoLdd1_SetVal
 .text.BitIoLdd2_Init
                0x00000e68       0x60 ./Generated_Code/BitIoLdd2.o
                0x00000e68                BitIoLdd2_Init
 .text.BitIoLdd2_ClrVal
                0x00000ec8       0x18 ./Generated_Code/BitIoLdd2.o
                0x00000ec8                BitIoLdd2_ClrVal
 .text.BitIoLdd2_SetVal
                0x00000ee0       0x18 ./Generated_Code/BitIoLdd2.o
                0x00000ee0                BitIoLdd2_SetVal
 .text.BitIoLdd3_Init
                0x00000ef8       0x60 ./Generated_Code/BitIoLdd3.o
                0x00000ef8                BitIoLdd3_Init
 .text.TimerIntLdd1_OnInterrupt
                0x00000f58       0x14 ./Generated_Code/ClockInterruption.o
                0x00000f58                TimerIntLdd1_OnInterrupt
 .text.Cpu_INT_NMIInterrupt
                0x00000f6c        0xc ./Generated_Code/Cpu.o
                0x00000f6c                Cpu_INT_NMIInterrupt
 .text.Cpu_Interrupt
                0x00000f78        0xc ./Generated_Code/Cpu.o
                0x00000f78                Cpu_Interrupt
 .text.__init_hardware
                0x00000f84      0x110 ./Generated_Code/Cpu.o
                0x00000f84                __init_hardware
 .text.PE_low_level_init
                0x00001094       0xe4 ./Generated_Code/Cpu.o
                0x00001094                PE_low_level_init
 .text.ImageConverter_HWEnDi
                0x00001178       0x48 ./Generated_Code/ImageConverter.o
                0x00001178                ImageConverter_HWEnDi
 .text.ImageConverter_Measure
                0x000011c0       0x48 ./Generated_Code/ImageConverter.o
                0x000011c0                ImageConverter_Measure
 .text.PE_ImageConverter_GetChanValue
                0x00001208       0x34 ./Generated_Code/ImageConverter.o
                0x00001208                PE_ImageConverter_GetChanValue
 .text.AdcLdd1_OnMeasurementComplete
                0x0000123c       0x5c ./Generated_Code/ImageConverter.o
                0x0000123c                AdcLdd1_OnMeasurementComplete
 .text.ImageConverter_Init
                0x00001298       0x2c ./Generated_Code/ImageConverter.o
                0x00001298                ImageConverter_Init
 .text.SerialCom_Init
                0x000012c4      0x1b0 ./Generated_Code/SerialCom.o
                0x000012c4                SerialCom_Init
 .text.SerialCom_SendBlock
                0x00001474       0xc4 ./Generated_Code/SerialCom.o
                0x00001474                SerialCom_SendBlock
 .text.InterruptRx
                0x00001538       0x58 ./Generated_Code/SerialCom.o
 .text.InterruptTx
                0x00001590       0x80 ./Generated_Code/SerialCom.o
 .text.SerialCom_Interrupt
                0x00001610       0x64 ./Generated_Code/SerialCom.o
                0x00001610                SerialCom_Interrupt
 .text.TU1_Init
                0x00001674       0xd4 ./Generated_Code/TU1.o
                0x00001674                TU1_Init
 .text.TU1_Enable
                0x00001748       0x2c ./Generated_Code/TU1.o
                0x00001748                TU1_Enable
 .text.TU1_Disable
                0x00001774       0x30 ./Generated_Code/TU1.o
                0x00001774                TU1_Disable
 .text.TU1_Interrupt
                0x000017a4       0x38 ./Generated_Code/TU1.o
                0x000017a4                TU1_Interrupt
 .text.TimerIntLdd1_Init
                0x000017dc       0x50 ./Generated_Code/TimerIntLdd1.o
                0x000017dc                TimerIntLdd1_Init
 .text.TimerIntLdd1_Enable
                0x0000182c       0x30 ./Generated_Code/TimerIntLdd1.o
                0x0000182c                TimerIntLdd1_Enable
 .text.TimerIntLdd1_Disable
                0x0000185c       0x30 ./Generated_Code/TimerIntLdd1.o
                0x0000185c                TimerIntLdd1_Disable
 .text.TU1_OnCounterRestart
                0x0000188c       0x24 ./Generated_Code/TimerIntLdd1.o
                0x0000188c                TU1_OnCounterRestart
 .text.exit     0x000018b0       0x2c /opt/Freescale/KDS_v3/toolchain/bin/../lib/gcc/arm-none-eabi/4.8.4/../../../../arm-none-eabi/lib/armv6-m/libg_s.a(lib_a-exit.o)
                0x000018b0                exit
 .text.__libc_init_array
                0x000018dc       0x4c /opt/Freescale/KDS_v3/toolchain/bin/../lib/gcc/arm-none-eabi/4.8.4/../../../../arm-none-eabi/lib/armv6-m/libg_s.a(lib_a-init.o)
                0x000018dc                __libc_init_array
 .text.memset   0x00001928       0x10 /opt/Freescale/KDS_v3/toolchain/bin/../lib/gcc/arm-none-eabi/4.8.4/../../../../arm-none-eabi/lib/armv6-m/libg_s.a(lib_a-memset.o)
                0x00001928                memset
 .text._exit    0x00001938        0x4 /opt/Freescale/KDS_v3/toolchain/bin/../lib/gcc/arm-none-eabi/4.8.4/../../../../arm-none-eabi/lib/armv6-m/libnosys.a(_exit.o)
                0x00001938                _exit
 *(.rodata)
 *(.rodata*)
 .rodata.ClockInterruption_OnInterrupt
                0x0000193c       0x14 ./Sources/Events.o
 .rodata.str1.1
                0x00001950        0x2 /opt/Freescale/KDS_v3/toolchain/bin/../lib/gcc/arm-none-eabi/4.8.4/../../../../arm-none-eabi/lib/armv6-m/libg_s.a(lib_a-impure.o)
 *fill*         0x00001952        0x2 
 .rodata._global_impure_ptr
                0x00001954        0x4 /opt/Freescale/KDS_v3/toolchain/bin/../lib/gcc/arm-none-eabi/4.8.4/../../../../arm-none-eabi/lib/armv6-m/libg_s.a(lib_a-impure.o)
                0x00001954                _global_impure_ptr
 *(.glue_7)
 .glue_7        0x00000000        0x0 linker stubs
 *(.glue_7t)
 .glue_7t       0x00000000        0x0 linker stubs
 *(.eh_frame)
 .eh_frame      0x00001958        0x0 /opt/Freescale/KDS_v3/toolchain/bin/../lib/gcc/arm-none-eabi/4.8.4/armv6-m/crtbegin.o
 *(.init)
 .init          0x00001958        0x4 /opt/Freescale/KDS_v3/toolchain/bin/../lib/gcc/arm-none-eabi/4.8.4/armv6-m/crti.o
                0x00001958                _init
 .init          0x0000195c        0x8 /opt/Freescale/KDS_v3/toolchain/bin/../lib/gcc/arm-none-eabi/4.8.4/armv6-m/crtn.o
 *(.fini)
 .fini          0x00001964        0x4 /opt/Freescale/KDS_v3/toolchain/bin/../lib/gcc/arm-none-eabi/4.8.4/armv6-m/crti.o
                0x00001964                _fini
 .fini          0x00001968        0x8 /opt/Freescale/KDS_v3/toolchain/bin/../lib/gcc/arm-none-eabi/4.8.4/armv6-m/crtn.o
                0x00001970                . = ALIGN (0x4)
                0x00001970                _etext = .

.vfp11_veneer   0x00001970        0x0
 .vfp11_veneer  0x00000000        0x0 linker stubs

.v4_bx          0x00001970        0x0
 .v4_bx         0x00000000        0x0 linker stubs

.iplt           0x00001970        0x0
 .iplt          0x00000000        0x0 /opt/Freescale/KDS_v3/toolchain/bin/../lib/gcc/arm-none-eabi/4.8.4/armv6-m/crtbegin.o

.ARM.extab
 *(.ARM.extab* .gnu.linkonce.armextab.*)

.ARM            0x00001970        0x8
                0x00001970                __exidx_start = .
 *(.ARM.exidx*)
 .ARM.exidx     0x00001970        0x8 /opt/Freescale/KDS_v3/toolchain/bin/../lib/gcc/arm-none-eabi/4.8.4/../../../../arm-none-eabi/lib/armv6-m/crt0.o
                0x00001978                __exidx_end = .

.rel.dyn        0x00001978        0x0
 .rel.iplt      0x00000000        0x0 /opt/Freescale/KDS_v3/toolchain/bin/../lib/gcc/arm-none-eabi/4.8.4/armv6-m/crtbegin.o

.ctors          0x00001978        0x0
                0x00001978                __CTOR_LIST__ = .
 *crtbegin.o(.ctors)
 *(EXCLUDE_FILE(*crtend.o) .ctors)
 *(SORT(.ctors.*))
 *(.ctors)
                0x00001978                __CTOR_END__ = .

.dtors          0x00001978        0x0
                0x00001978                __DTOR_LIST__ = .
 *crtbegin.o(.dtors)
 *(EXCLUDE_FILE(*crtend.o) .dtors)
 *(SORT(.dtors.*))
 *(.dtors)
                0x00001978                __DTOR_END__ = .

.preinit_array  0x00001978        0x0
                0x00001978                PROVIDE (__preinit_array_start, .)
 *(.preinit_array*)
                0x00001978                PROVIDE (__preinit_array_end, .)

.init_array     0x00001978        0x4
                0x00001978                PROVIDE (__init_array_start, .)
 *(SORT(.init_array.*))
 *(.init_array*)
 .init_array    0x00001978        0x4 /opt/Freescale/KDS_v3/toolchain/bin/../lib/gcc/arm-none-eabi/4.8.4/armv6-m/crtbegin.o
                0x0000197c                PROVIDE (__init_array_end, .)

.fini_array     0x0000197c        0x4
                0x0000197c                PROVIDE (__fini_array_start, .)
 *(SORT(.fini_array.*))
 *(.fini_array*)
 .fini_array    0x0000197c        0x4 /opt/Freescale/KDS_v3/toolchain/bin/../lib/gcc/arm-none-eabi/4.8.4/armv6-m/crtbegin.o
                0x00001980                PROVIDE (__fini_array_end, .)
                0x00001980                ___ROM_AT = .

.mtb            0x1ffff000        0x0
                0x1ffff000                . = ALIGN (0x8)
                0x1ffff000                _mtb_start = .
 *(.mtb_buf)
                0x1ffff000                . = ALIGN (0x8)
                0x1ffff000                _mtb_end = .

.data           0x1ffff000       0x60 load address 0x00001980
                0x1ffff000                . = ALIGN (0x4)
                0x1ffff000                _sdata = .
 *(.data)
 *(.data*)
 .data.impure_data
                0x1ffff000       0x60 /opt/Freescale/KDS_v3/toolchain/bin/../lib/gcc/arm-none-eabi/4.8.4/../../../../arm-none-eabi/lib/armv6-m/libg_s.a(lib_a-impure.o)
                0x1ffff060                . = ALIGN (0x4)
                0x1ffff060                _edata = .
                0x00000060                ___data_size = (_edata - _sdata)

.jcr            0x1ffff060        0x0 load address 0x000019e0
 .jcr           0x1ffff060        0x0 /opt/Freescale/KDS_v3/toolchain/bin/../lib/gcc/arm-none-eabi/4.8.4/armv6-m/crtbegin.o

.igot.plt       0x1ffff060        0x0 load address 0x000019e0
 .igot.plt      0x00000000        0x0 /opt/Freescale/KDS_v3/toolchain/bin/../lib/gcc/arm-none-eabi/4.8.4/armv6-m/crtbegin.o
                0x1ffff060                . = ALIGN (0x4)

.bss            0x1ffff060      0x5b8 load address 0x000019e0
                0x1ffff060                __START_BSS = .
                0x1ffff060                PROVIDE (__bss_start__, __START_BSS)
 *(.bss)
 .bss           0x1ffff060       0x1c /opt/Freescale/KDS_v3/toolchain/bin/../lib/gcc/arm-none-eabi/4.8.4/armv6-m/crtbegin.o
 *(.bss*)
 .bss.deviceData
                0x1ffff07c        0x8 ./Sources/SerialCommunication.o
 .bss.DeviceDataPrv__DEFAULT_RTOS_ALLOC
                0x1ffff084        0x8 ./Generated_Code/AdcLdd1.o
 .bss.INT_ADC0__DEFAULT_RTOS_ISRPARAM
                0x1ffff08c        0x4 ./Generated_Code/AdcLdd1.o
 .bss.DeviceDataPrv__DEFAULT_RTOS_ALLOC
                0x1ffff090        0x4 ./Generated_Code/BitIoLdd1.o
 .bss.DeviceDataPrv__DEFAULT_RTOS_ALLOC
                0x1ffff094        0x4 ./Generated_Code/BitIoLdd2.o
 .bss.DeviceDataPrv__DEFAULT_RTOS_ALLOC
                0x1ffff098        0x4 ./Generated_Code/BitIoLdd3.o
 .bss.SR_lock   0x1ffff09c        0x1 ./Generated_Code/Cpu.o
                0x1ffff09c                SR_lock
 .bss.ModeFlg   0x1ffff09d        0x1 ./Generated_Code/ImageConverter.o
 *fill*         0x1ffff09e        0x2 
 .bss.SampleGroup
                0x1ffff0a0        0x4 ./Generated_Code/ImageConverter.o
 .bss.OutFlg    0x1ffff0a4        0x1 ./Generated_Code/ImageConverter.o
 *fill*         0x1ffff0a5        0x3 
 .bss.PE_LDD_DeviceDataList
                0x1ffff0a8       0x1c ./Generated_Code/PE_LDD.o
                0x1ffff0a8                PE_LDD_DeviceDataList
 .bss.DeviceDataPrv__DEFAULT_RTOS_ALLOC
                0x1ffff0c4       0x18 ./Generated_Code/SerialCom.o
 .bss.INT_UART0__DEFAULT_RTOS_ISRPARAM
                0x1ffff0dc        0x4 ./Generated_Code/SerialCom.o
 .bss.DeviceDataPrv__DEFAULT_RTOS_ALLOC
                0x1ffff0e0        0x8 ./Generated_Code/TU1.o
 .bss.INT_PIT__DEFAULT_RTOS_ISRPARAM
                0x1ffff0e8        0x4 ./Generated_Code/TU1.o
 .bss.DeviceDataPrv__DEFAULT_RTOS_ALLOC
                0x1ffff0ec        0xc ./Generated_Code/TimerIntLdd1.o
 *(COMMON)
 COMMON         0x1ffff0f8      0x410 ./Sources/CameraController.o
                0x1ffff0f8                clockCounter
                0x1ffff0fc                transferTime
                0x1ffff100                arrayOfPixels
                0x1ffff500                state
                0x1ffff504                COMMUNICATION_SERIAL
 COMMON         0x1ffff508      0x104 ./Sources/main.o
                0x1ffff508                serialTest
                0x1ffff509                serialFinished
                0x1ffff50a                serialTestStart
                0x1ffff50c                pixelArray
 COMMON         0x1ffff60c        0x1 ./Generated_Code/Cpu.o
                0x1ffff60c                SR_reg
 *fill*         0x1ffff60d        0x3 
 COMMON         0x1ffff610        0x8 ./Generated_Code/ImageConverter.o
                0x1ffff610                ImageConverter_OutV
                0x1ffff614                AdcLdd1_DeviceDataPtr
                0x1ffff618                . = ALIGN (0x4)
                0x1ffff618                __END_BSS = .
                0x1ffff618                PROVIDE (__bss_end__, __END_BSS)
                0x000019e0                _romp_at = (___ROM_AT + SIZEOF (.data))

.romp           0x1ffff618       0x18 load address 0x000019e0
                0x000019e0                __S_romp = _romp_at
                0x1ffff618        0x4 LONG 0x1980 ___ROM_AT
                0x1ffff61c        0x4 LONG 0x1ffff000 _sdata
                0x1ffff620        0x4 LONG 0x60 ___data_size
                0x1ffff624        0x4 LONG 0x0
                0x1ffff628        0x4 LONG 0x0
                0x1ffff62c        0x4 LONG 0x0
                0x00020000                text_end = (ORIGIN (m_text) + 0x1fbf0)
                0x000019f8                data_init_end = ((___ROM_AT + SIZEOF (.data)) + SIZEOF (.romp))
                0x00000001                ASSERT ((data_init_end <= text_end), region m_text overflowed with text and data)

._user_heap_stack
                0x1ffff630      0x400 load address 0x000019f8
                0x1ffff630                . = ALIGN (0x4)
                0x1ffff630                PROVIDE (end, .)
                0x1ffff630                PROVIDE (_end, .)
                0x1ffff630                PROVIDE (__end__, .)
                0x1ffff630                __heap_addr = .
                0x1ffff630                __HeapBase = .
                0x1ffff630                . = (. + __heap_size)
                0x1ffff630                __HeapLimit = .
                0x1ffffa30                . = (. + __stack_size)
 *fill*         0x1ffff630      0x400 
                0x1ffffa30                . = ALIGN (0x4)

.ARM.attributes
                0x00000000       0x28
 *(.ARM.attributes)
 .ARM.attributes
                0x00000000       0x1e /opt/Freescale/KDS_v3/toolchain/bin/../lib/gcc/arm-none-eabi/4.8.4/armv6-m/crti.o
 .ARM.attributes
                0x0000001e       0x2c /opt/Freescale/KDS_v3/toolchain/bin/../lib/gcc/arm-none-eabi/4.8.4/armv6-m/crtbegin.o
 .ARM.attributes
                0x0000004a       0x1b /opt/Freescale/KDS_v3/toolchain/bin/../lib/gcc/arm-none-eabi/4.8.4/../../../../arm-none-eabi/lib/armv6-m/crt0.o
 .ARM.attributes
                0x00000065       0x32 ./Sources/CameraController.o
 .ARM.attributes
                0x00000097       0x32 ./Sources/Events.o
 .ARM.attributes
                0x000000c9       0x32 ./Sources/SerialCommunication.o
 .ARM.attributes
                0x000000fb       0x32 ./Sources/main.o
 .ARM.attributes
                0x0000012d       0x32 ./Project_Settings/Startup_Code/startup.o
 .ARM.attributes
                0x0000015f       0x32 ./Generated_Code/AdcLdd1.o
 .ARM.attributes
                0x00000191       0x32 ./Generated_Code/BitIoLdd1.o
 .ARM.attributes
                0x000001c3       0x32 ./Generated_Code/BitIoLdd2.o
 .ARM.attributes
                0x000001f5       0x32 ./Generated_Code/BitIoLdd3.o
 .ARM.attributes
                0x00000227       0x32 ./Generated_Code/ClockInterruption.o
 .ARM.attributes
                0x00000259       0x32 ./Generated_Code/Cpu.o
 .ARM.attributes
                0x0000028b       0x32 ./Generated_Code/ImageConverter.o
 .ARM.attributes
                0x000002bd       0x32 ./Generated_Code/PE_LDD.o
 .ARM.attributes
                0x000002ef       0x32 ./Generated_Code/SerialCom.o
 .ARM.attributes
                0x00000321       0x32 ./Generated_Code/TU1.o
 .ARM.attributes
                0x00000353       0x32 ./Generated_Code/TimerIntLdd1.o
 .ARM.attributes
                0x00000385       0x32 ./Generated_Code/Vectors.o
 .ARM.attributes
                0x000003b7       0x1e /opt/Freescale/KDS_v3/toolchain/bin/../lib/gcc/arm-none-eabi/4.8.4/armv6-m/libgcc.a(_udivsi3.o)
 .ARM.attributes
                0x000003d5       0x1e /opt/Freescale/KDS_v3/toolchain/bin/../lib/gcc/arm-none-eabi/4.8.4/armv6-m/libgcc.a(_divsi3.o)
 .ARM.attributes
                0x000003f3       0x1e /opt/Freescale/KDS_v3/toolchain/bin/../lib/gcc/arm-none-eabi/4.8.4/armv6-m/libgcc.a(_dvmd_tls.o)
 .ARM.attributes
                0x00000411       0x2c /opt/Freescale/KDS_v3/toolchain/bin/../lib/gcc/arm-none-eabi/4.8.4/../../../../arm-none-eabi/lib/armv6-m/libg_s.a(lib_a-exit.o)
 .ARM.attributes
                0x0000043d       0x2c /opt/Freescale/KDS_v3/toolchain/bin/../lib/gcc/arm-none-eabi/4.8.4/../../../../arm-none-eabi/lib/armv6-m/libg_s.a(lib_a-impure.o)
 .ARM.attributes
                0x00000469       0x2c /opt/Freescale/KDS_v3/toolchain/bin/../lib/gcc/arm-none-eabi/4.8.4/../../../../arm-none-eabi/lib/armv6-m/libg_s.a(lib_a-init.o)
 .ARM.attributes
                0x00000495       0x2c /opt/Freescale/KDS_v3/toolchain/bin/../lib/gcc/arm-none-eabi/4.8.4/../../../../arm-none-eabi/lib/armv6-m/libg_s.a(lib_a-memset.o)
 .ARM.attributes
                0x000004c1       0x2c /opt/Freescale/KDS_v3/toolchain/bin/../lib/gcc/arm-none-eabi/4.8.4/../../../../arm-none-eabi/lib/armv6-m/libnosys.a(_exit.o)
 .ARM.attributes
                0x000004ed       0x1e /opt/Freescale/KDS_v3/toolchain/bin/../lib/gcc/arm-none-eabi/4.8.4/armv6-m/crtn.o
OUTPUT(SDP_2016.elf elf32-littlearm)

.debug_info     0x00000000     0x3ee9
 .debug_info    0x00000000      0x1a5 ./Sources/CameraController.o
 .debug_info    0x000001a5      0x263 ./Sources/Events.o
 .debug_info    0x00000408      0x250 ./Sources/SerialCommunication.o
 .debug_info    0x00000658      0x1d8 ./Sources/main.o
 .debug_info    0x00000830      0x20a ./Project_Settings/Startup_Code/startup.o
 .debug_info    0x00000a3a      0x8d9 ./Generated_Code/AdcLdd1.o
 .debug_info    0x00001313      0x3a6 ./Generated_Code/BitIoLdd1.o
 .debug_info    0x000016b9      0x3a6 ./Generated_Code/BitIoLdd2.o
 .debug_info    0x00001a5f      0x3a6 ./Generated_Code/BitIoLdd3.o
 .debug_info    0x00001e05      0x126 ./Generated_Code/ClockInterruption.o
 .debug_info    0x00001f2b      0x8b2 ./Generated_Code/Cpu.o
 .debug_info    0x000027dd      0x2f8 ./Generated_Code/ImageConverter.o
 .debug_info    0x00002ad5      0x251 ./Generated_Code/PE_LDD.o
 .debug_info    0x00002d26      0x7e7 ./Generated_Code/SerialCom.o
 .debug_info    0x0000350d      0x5f2 ./Generated_Code/TU1.o
 .debug_info    0x00003aff      0x26c ./Generated_Code/TimerIntLdd1.o
 .debug_info    0x00003d6b      0x17e ./Generated_Code/Vectors.o

.debug_abbrev   0x00000000     0x14b5
 .debug_abbrev  0x00000000      0x10f ./Sources/CameraController.o
 .debug_abbrev  0x0000010f      0x12a ./Sources/Events.o
 .debug_abbrev  0x00000239      0x137 ./Sources/SerialCommunication.o
 .debug_abbrev  0x00000370       0xc0 ./Sources/main.o
 .debug_abbrev  0x00000430      0x11e ./Project_Settings/Startup_Code/startup.o
 .debug_abbrev  0x0000054e      0x1d2 ./Generated_Code/AdcLdd1.o
 .debug_abbrev  0x00000720      0x15f ./Generated_Code/BitIoLdd1.o
 .debug_abbrev  0x0000087f      0x15f ./Generated_Code/BitIoLdd2.o
 .debug_abbrev  0x000009de      0x15f ./Generated_Code/BitIoLdd3.o
 .debug_abbrev  0x00000b3d       0x94 ./Generated_Code/ClockInterruption.o
 .debug_abbrev  0x00000bd1      0x160 ./Generated_Code/Cpu.o
 .debug_abbrev  0x00000d31      0x173 ./Generated_Code/ImageConverter.o
 .debug_abbrev  0x00000ea4      0x10d ./Generated_Code/PE_LDD.o
 .debug_abbrev  0x00000fb1      0x1c9 ./Generated_Code/SerialCom.o
 .debug_abbrev  0x0000117a      0x195 ./Generated_Code/TU1.o
 .debug_abbrev  0x0000130f       0xfb ./Generated_Code/TimerIntLdd1.o
 .debug_abbrev  0x0000140a       0xab ./Generated_Code/Vectors.o

.debug_aranges  0x00000000      0x428
 .debug_aranges
                0x00000000       0x30 ./Sources/CameraController.o
 .debug_aranges
                0x00000030       0x48 ./Sources/Events.o
 .debug_aranges
                0x00000078       0x48 ./Sources/SerialCommunication.o
 .debug_aranges
                0x000000c0       0x20 ./Sources/main.o
 .debug_aranges
                0x000000e0       0x50 ./Project_Settings/Startup_Code/startup.o
 .debug_aranges
                0x00000130       0x60 ./Generated_Code/AdcLdd1.o
 .debug_aranges
                0x00000190       0x48 ./Generated_Code/BitIoLdd1.o
 .debug_aranges
                0x000001d8       0x48 ./Generated_Code/BitIoLdd2.o
 .debug_aranges
                0x00000220       0x48 ./Generated_Code/BitIoLdd3.o
 .debug_aranges
                0x00000268       0x20 ./Generated_Code/ClockInterruption.o
 .debug_aranges
                0x00000288       0x38 ./Generated_Code/Cpu.o
 .debug_aranges
                0x000002c0       0x58 ./Generated_Code/ImageConverter.o
 .debug_aranges
                0x00000318       0x30 ./Generated_Code/PE_LDD.o
 .debug_aranges
                0x00000348       0x48 ./Generated_Code/SerialCom.o
 .debug_aranges
                0x00000390       0x40 ./Generated_Code/TU1.o
 .debug_aranges
                0x000003d0       0x40 ./Generated_Code/TimerIntLdd1.o
 .debug_aranges
                0x00000410       0x18 ./Generated_Code/Vectors.o

.debug_ranges   0x00000000      0x310
 .debug_ranges  0x00000000       0x20 ./Sources/CameraController.o
 .debug_ranges  0x00000020       0x38 ./Sources/Events.o
 .debug_ranges  0x00000058       0x38 ./Sources/SerialCommunication.o
 .debug_ranges  0x00000090       0x10 ./Sources/main.o
 .debug_ranges  0x000000a0       0x40 ./Project_Settings/Startup_Code/startup.o
 .debug_ranges  0x000000e0       0x50 ./Generated_Code/AdcLdd1.o
 .debug_ranges  0x00000130       0x38 ./Generated_Code/BitIoLdd1.o
 .debug_ranges  0x00000168       0x38 ./Generated_Code/BitIoLdd2.o
 .debug_ranges  0x000001a0       0x38 ./Generated_Code/BitIoLdd3.o
 .debug_ranges  0x000001d8       0x10 ./Generated_Code/ClockInterruption.o
 .debug_ranges  0x000001e8       0x28 ./Generated_Code/Cpu.o
 .debug_ranges  0x00000210       0x48 ./Generated_Code/ImageConverter.o
 .debug_ranges  0x00000258       0x20 ./Generated_Code/PE_LDD.o
 .debug_ranges  0x00000278       0x38 ./Generated_Code/SerialCom.o
 .debug_ranges  0x000002b0       0x30 ./Generated_Code/TU1.o
 .debug_ranges  0x000002e0       0x30 ./Generated_Code/TimerIntLdd1.o

.debug_macro    0x00000000    0x12e4c
 .debug_macro   0x00000000       0xd2 ./Sources/CameraController.o
 .debug_macro   0x000000d2      0x802 ./Sources/CameraController.o
 .debug_macro   0x000008d4       0x16 ./Sources/CameraController.o
 .debug_macro   0x000008ea       0x44 ./Sources/CameraController.o
 .debug_macro   0x0000092e      0x209 ./Sources/CameraController.o
 .debug_macro   0x00000b37     0x1599 ./Sources/CameraController.o
 .debug_macro   0x000020d0      0x14e ./Sources/CameraController.o
 .debug_macro   0x0000221e       0x64 ./Sources/CameraController.o
 .debug_macro   0x00002282     0x6691 ./Sources/CameraController.o
 .debug_macro   0x00008913       0x94 ./Sources/CameraController.o
 .debug_macro   0x000089a7       0xb5 ./Sources/CameraController.o
 .debug_macro   0x00008a5c       0x9a ./Sources/CameraController.o
 .debug_macro   0x00008af6       0x62 ./Sources/CameraController.o
 .debug_macro   0x00008b58       0x2f ./Sources/CameraController.o
 .debug_macro   0x00008b87       0x1f ./Sources/CameraController.o
 .debug_macro   0x00008ba6      0x19b ./Sources/Events.o
 .debug_macro   0x00008d41       0x94 ./Sources/Events.o
 .debug_macro   0x00008dd5      0x12c ./Sources/Events.o
 .debug_macro   0x00008f01       0x46 ./Sources/Events.o
 .debug_macro   0x00008f47       0x26 ./Sources/Events.o
 .debug_macro   0x00008f6d       0x4c ./Sources/Events.o
 .debug_macro   0x00008fb9       0x26 ./Sources/Events.o
 .debug_macro   0x00008fdf       0xbb ./Sources/Events.o
 .debug_macro   0x0000909a       0x4c ./Sources/Events.o
 .debug_macro   0x000090e6       0x26 ./Sources/Events.o
 .debug_macro   0x0000910c      0x61c ./Sources/Events.o
 .debug_macro   0x00009728       0x7b ./Sources/Events.o
 .debug_macro   0x000097a3       0x1e ./Sources/Events.o
 .debug_macro   0x000097c1       0x50 ./Sources/Events.o
 .debug_macro   0x00009811       0x16 ./Sources/Events.o
 .debug_macro   0x00009827       0xdd ./Sources/SerialCommunication.o
 .debug_macro   0x00009904       0x4a ./Sources/SerialCommunication.o
 .debug_macro   0x0000994e       0x10 ./Sources/SerialCommunication.o
 .debug_macro   0x0000995e       0x46 ./Sources/SerialCommunication.o
 .debug_macro   0x000099a4      0x1a5 ./Sources/main.o
 .debug_macro   0x00009b49      0x121 ./Project_Settings/Startup_Code/startup.o
 .debug_macro   0x00009c6a       0x58 ./Project_Settings/Startup_Code/startup.o
 .debug_macro   0x00009cc2       0x35 ./Project_Settings/Startup_Code/startup.o
 .debug_macro   0x00009cf7       0xa3 ./Project_Settings/Startup_Code/startup.o
 .debug_macro   0x00009d9a      0x166 ./Project_Settings/Startup_Code/startup.o
 .debug_macro   0x00009f00       0x4a ./Project_Settings/Startup_Code/startup.o
 .debug_macro   0x00009f4a       0x52 ./Project_Settings/Startup_Code/startup.o
 .debug_macro   0x00009f9c       0x16 ./Project_Settings/Startup_Code/startup.o
 .debug_macro   0x00009fb2       0x43 ./Project_Settings/Startup_Code/startup.o
 .debug_macro   0x00009ff5      0x180 ./Project_Settings/Startup_Code/startup.o
 .debug_macro   0x0000a175      0x2a6 ./Project_Settings/Startup_Code/startup.o
 .debug_macro   0x0000a41b       0x10 ./Project_Settings/Startup_Code/startup.o
 .debug_macro   0x0000a42b       0x35 ./Project_Settings/Startup_Code/startup.o
 .debug_macro   0x0000a460       0x16 ./Project_Settings/Startup_Code/startup.o
 .debug_macro   0x0000a476       0x22 ./Project_Settings/Startup_Code/startup.o
 .debug_macro   0x0000a498       0x10 ./Project_Settings/Startup_Code/startup.o
 .debug_macro   0x0000a4a8      0x20f ./Project_Settings/Startup_Code/startup.o
 .debug_macro   0x0000a6b7     0x6685 ./Project_Settings/Startup_Code/startup.o
 .debug_macro   0x00010d3c       0xd3 ./Generated_Code/AdcLdd1.o
 .debug_macro   0x00010e0f      0x616 ./Generated_Code/AdcLdd1.o
 .debug_macro   0x00011425       0xa6 ./Generated_Code/BitIoLdd1.o
 .debug_macro   0x000114cb       0xa6 ./Generated_Code/BitIoLdd2.o
 .debug_macro   0x00011571       0x46 ./Generated_Code/BitIoLdd2.o
 .debug_macro   0x000115b7       0xa6 ./Generated_Code/BitIoLdd3.o
 .debug_macro   0x0001165d      0x195 ./Generated_Code/ClockInterruption.o
 .debug_macro   0x000117f2      0x1b0 ./Generated_Code/Cpu.o
 .debug_macro   0x000119a2      0x1b3 ./Generated_Code/ImageConverter.o
 .debug_macro   0x00011b55      0x156 ./Generated_Code/PE_LDD.o
 .debug_macro   0x00011cab      0x1ce ./Generated_Code/SerialCom.o
 .debug_macro   0x00011e79      0x303 ./Generated_Code/SerialCom.o
 .debug_macro   0x0001217c      0x99c ./Generated_Code/SerialCom.o
 .debug_macro   0x00012b18       0xbb ./Generated_Code/TU1.o
 .debug_macro   0x00012bd3       0xca ./Generated_Code/TimerIntLdd1.o
 .debug_macro   0x00012c9d      0x1af ./Generated_Code/Vectors.o

.debug_line     0x00000000     0x3fe3
 .debug_line    0x00000000      0x332 ./Sources/CameraController.o
 .debug_line    0x00000332      0x42b ./Sources/Events.o
 .debug_line    0x0000075d      0x389 ./Sources/SerialCommunication.o
 .debug_line    0x00000ae6      0x3c6 ./Sources/main.o
 .debug_line    0x00000eac      0x3de ./Project_Settings/Startup_Code/startup.o
 .debug_line    0x0000128a      0x390 ./Generated_Code/AdcLdd1.o
 .debug_line    0x0000161a      0x2de ./Generated_Code/BitIoLdd1.o
 .debug_line    0x000018f8      0x2de ./Generated_Code/BitIoLdd2.o
 .debug_line    0x00001bd6      0x2de ./Generated_Code/BitIoLdd3.o
 .debug_line    0x00001eb4      0x409 ./Generated_Code/ClockInterruption.o
 .debug_line    0x000022bd      0x52b ./Generated_Code/Cpu.o
 .debug_line    0x000027e8      0x4c1 ./Generated_Code/ImageConverter.o
 .debug_line    0x00002ca9      0x375 ./Generated_Code/PE_LDD.o
 .debug_line    0x0000301e      0x514 ./Generated_Code/SerialCom.o
 .debug_line    0x00003532      0x2ea ./Generated_Code/TU1.o
 .debug_line    0x0000381c      0x30d ./Generated_Code/TimerIntLdd1.o
 .debug_line    0x00003b29      0x4ba ./Generated_Code/Vectors.o

.debug_str      0x00000000    0x40d98
 .debug_str     0x00000000    0x2cc69 ./Sources/CameraController.o
                              0x2d070 (size before relaxing)
 .debug_str     0x0002cc69     0x61c5 ./Sources/Events.o
                              0x331e2 (size before relaxing)
 .debug_str     0x00032e2e       0xb2 ./Sources/SerialCommunication.o
                              0x2cde2 (size before relaxing)
 .debug_str     0x00032ee0       0x33 ./Sources/main.o
                              0x33165 (size before relaxing)
 .debug_str     0x00032f13     0x25f6 ./Project_Settings/Startup_Code/startup.o
                              0x27313 (size before relaxing)
 .debug_str     0x00035509      0x4e4 ./Generated_Code/AdcLdd1.o
                              0x3145d (size before relaxing)
 .debug_str     0x000359ed       0xf5 ./Generated_Code/BitIoLdd1.o
                              0x2cc15 (size before relaxing)
 .debug_str     0x00035ae2       0xb1 ./Generated_Code/BitIoLdd2.o
                              0x2cc15 (size before relaxing)
 .debug_str     0x00035b93       0xb1 ./Generated_Code/BitIoLdd3.o
                              0x2cc15 (size before relaxing)
 .debug_str     0x00035c44       0x3f ./Generated_Code/ClockInterruption.o
                              0x330cd (size before relaxing)
 .debug_str     0x00035c83      0x19c ./Generated_Code/Cpu.o
                              0x33396 (size before relaxing)
 .debug_str     0x00035e1f      0x185 ./Generated_Code/ImageConverter.o
                              0x3328c (size before relaxing)
 .debug_str     0x00035fa4      0x17e ./Generated_Code/PE_LDD.o
                              0x331bc (size before relaxing)
 .debug_str     0x00036122     0xaa18 ./Generated_Code/SerialCom.o
                              0x3dce7 (size before relaxing)
 .debug_str     0x00040b3a      0x141 ./Generated_Code/TU1.o
                              0x2d0ef (size before relaxing)
 .debug_str     0x00040c7b      0x101 ./Generated_Code/TimerIntLdd1.o
                              0x2d113 (size before relaxing)
 .debug_str     0x00040d7c       0x1c ./Generated_Code/Vectors.o
                              0x330dd (size before relaxing)

.comment        0x00000000       0x70
 .comment       0x00000000       0x70 ./Sources/CameraController.o
                                 0x71 (size before relaxing)
 .comment       0x00000000       0x71 ./Sources/Events.o
 .comment       0x00000000       0x71 ./Sources/SerialCommunication.o
 .comment       0x00000000       0x71 ./Sources/main.o
 .comment       0x00000000       0x71 ./Project_Settings/Startup_Code/startup.o
 .comment       0x00000000       0x71 ./Generated_Code/AdcLdd1.o
 .comment       0x00000000       0x71 ./Generated_Code/BitIoLdd1.o
 .comment       0x00000000       0x71 ./Generated_Code/BitIoLdd2.o
 .comment       0x00000000       0x71 ./Generated_Code/BitIoLdd3.o
 .comment       0x00000000       0x71 ./Generated_Code/ClockInterruption.o
 .comment       0x00000000       0x71 ./Generated_Code/Cpu.o
 .comment       0x00000000       0x71 ./Generated_Code/ImageConverter.o
 .comment       0x00000000       0x71 ./Generated_Code/PE_LDD.o
 .comment       0x00000000       0x71 ./Generated_Code/SerialCom.o
 .comment       0x00000000       0x71 ./Generated_Code/TU1.o
 .comment       0x00000000       0x71 ./Generated_Code/TimerIntLdd1.o
 .comment       0x00000000       0x71 ./Generated_Code/Vectors.o

.debug_frame    0x00000000      0xbb4
 .debug_frame   0x00000000       0x68 ./Sources/CameraController.o
 .debug_frame   0x00000068       0xc0 ./Sources/Events.o
 .debug_frame   0x00000128       0xc8 ./Sources/SerialCommunication.o
 .debug_frame   0x000001f0       0x2c ./Sources/main.o
 .debug_frame   0x0000021c       0xd0 ./Project_Settings/Startup_Code/startup.o
 .debug_frame   0x000002ec      0x130 ./Generated_Code/AdcLdd1.o
 .debug_frame   0x0000041c       0xd0 ./Generated_Code/BitIoLdd1.o
 .debug_frame   0x000004ec       0xd0 ./Generated_Code/BitIoLdd2.o
 .debug_frame   0x000005bc       0xd0 ./Generated_Code/BitIoLdd3.o
 .debug_frame   0x0000068c       0x30 ./Generated_Code/ClockInterruption.o
 .debug_frame   0x000006bc       0x80 ./Generated_Code/Cpu.o
 .debug_frame   0x0000073c      0x108 ./Generated_Code/ImageConverter.o
 .debug_frame   0x00000844       0x6c ./Generated_Code/PE_LDD.o
 .debug_frame   0x000008b0       0xd0 ./Generated_Code/SerialCom.o
 .debug_frame   0x00000980       0xb0 ./Generated_Code/TU1.o
 .debug_frame   0x00000a30       0xb0 ./Generated_Code/TimerIntLdd1.o
 .debug_frame   0x00000ae0       0x20 /opt/Freescale/KDS_v3/toolchain/bin/../lib/gcc/arm-none-eabi/4.8.4/armv6-m/libgcc.a(_udivsi3.o)
 .debug_frame   0x00000b00       0x20 /opt/Freescale/KDS_v3/toolchain/bin/../lib/gcc/arm-none-eabi/4.8.4/armv6-m/libgcc.a(_divsi3.o)
 .debug_frame   0x00000b20       0x28 /opt/Freescale/KDS_v3/toolchain/bin/../lib/gcc/arm-none-eabi/4.8.4/../../../../arm-none-eabi/lib/armv6-m/libg_s.a(lib_a-exit.o)
 .debug_frame   0x00000b48       0x2c /opt/Freescale/KDS_v3/toolchain/bin/../lib/gcc/arm-none-eabi/4.8.4/../../../../arm-none-eabi/lib/armv6-m/libg_s.a(lib_a-init.o)
 .debug_frame   0x00000b74       0x20 /opt/Freescale/KDS_v3/toolchain/bin/../lib/gcc/arm-none-eabi/4.8.4/../../../../arm-none-eabi/lib/armv6-m/libg_s.a(lib_a-memset.o)
 .debug_frame   0x00000b94       0x20 /opt/Freescale/KDS_v3/toolchain/bin/../lib/gcc/arm-none-eabi/4.8.4/../../../../arm-none-eabi/lib/armv6-m/libnosys.a(_exit.o)
