Archive member included because of file (symbol)

/opt/Freescale/KDS_v3/toolchain/bin/../lib/gcc/arm-none-eabi/4.8.4/armv6-m/libgcc.a(_udivsi3.o)
                              ./Sources/SerialCommunication.o (__aeabi_uidiv)
/opt/Freescale/KDS_v3/toolchain/bin/../lib/gcc/arm-none-eabi/4.8.4/armv6-m/libgcc.a(_divsi3.o)
                              ./Sources/CameraController.o (__aeabi_idiv)
/opt/Freescale/KDS_v3/toolchain/bin/../lib/gcc/arm-none-eabi/4.8.4/armv6-m/libgcc.a(_dvmd_tls.o)
                              /opt/Freescale/KDS_v3/toolchain/bin/../lib/gcc/arm-none-eabi/4.8.4/armv6-m/libgcc.a(_udivsi3.o) (__aeabi_idiv0)
/opt/Freescale/KDS_v3/toolchain/bin/../lib/gcc/arm-none-eabi/4.8.4/armv6-m/libgcc.a(_arm_cmpdf2.o)
                              ./Sources/BatteryController.o (__aeabi_dcmpgt)
/opt/Freescale/KDS_v3/toolchain/bin/../lib/gcc/arm-none-eabi/4.8.4/armv6-m/libgcc.a(_arm_cmpsf2.o)
                              ./Sources/BatteryController.o (__aeabi_fcmpgt)
/opt/Freescale/KDS_v3/toolchain/bin/../lib/gcc/arm-none-eabi/4.8.4/armv6-m/libgcc.a(_fixunssfsi.o)
                              ./Generated_Code/PwmLdd5.o (__aeabi_f2uiz)
/opt/Freescale/KDS_v3/toolchain/bin/../lib/gcc/arm-none-eabi/4.8.4/armv6-m/libgcc.a(addsf3.o)
                              ./Sources/BatteryController.o (__aeabi_fadd)
/opt/Freescale/KDS_v3/toolchain/bin/../lib/gcc/arm-none-eabi/4.8.4/armv6-m/libgcc.a(divsf3.o)
                              ./Sources/BatteryController.o (__aeabi_fdiv)
/opt/Freescale/KDS_v3/toolchain/bin/../lib/gcc/arm-none-eabi/4.8.4/armv6-m/libgcc.a(eqsf2.o)
                              /opt/Freescale/KDS_v3/toolchain/bin/../lib/gcc/arm-none-eabi/4.8.4/armv6-m/libgcc.a(_arm_cmpsf2.o) (__eqsf2)
/opt/Freescale/KDS_v3/toolchain/bin/../lib/gcc/arm-none-eabi/4.8.4/armv6-m/libgcc.a(gesf2.o)
                              /opt/Freescale/KDS_v3/toolchain/bin/../lib/gcc/arm-none-eabi/4.8.4/armv6-m/libgcc.a(_arm_cmpsf2.o) (__gesf2)
/opt/Freescale/KDS_v3/toolchain/bin/../lib/gcc/arm-none-eabi/4.8.4/armv6-m/libgcc.a(lesf2.o)
                              /opt/Freescale/KDS_v3/toolchain/bin/../lib/gcc/arm-none-eabi/4.8.4/armv6-m/libgcc.a(_arm_cmpsf2.o) (__lesf2)
/opt/Freescale/KDS_v3/toolchain/bin/../lib/gcc/arm-none-eabi/4.8.4/armv6-m/libgcc.a(mulsf3.o)
                              ./Sources/SerialCommunication.o (__aeabi_fmul)
/opt/Freescale/KDS_v3/toolchain/bin/../lib/gcc/arm-none-eabi/4.8.4/armv6-m/libgcc.a(subsf3.o)
                              /opt/Freescale/KDS_v3/toolchain/bin/../lib/gcc/arm-none-eabi/4.8.4/armv6-m/libgcc.a(_fixunssfsi.o) (__aeabi_fsub)
/opt/Freescale/KDS_v3/toolchain/bin/../lib/gcc/arm-none-eabi/4.8.4/armv6-m/libgcc.a(fixsfsi.o)
                              ./Sources/SerialCommunication.o (__aeabi_f2iz)
/opt/Freescale/KDS_v3/toolchain/bin/../lib/gcc/arm-none-eabi/4.8.4/armv6-m/libgcc.a(floatsisf.o)
                              ./Sources/SerialCommunication.o (__aeabi_i2f)
/opt/Freescale/KDS_v3/toolchain/bin/../lib/gcc/arm-none-eabi/4.8.4/armv6-m/libgcc.a(floatunsisf.o)
                              ./Sources/BatteryController.o (__aeabi_ui2f)
/opt/Freescale/KDS_v3/toolchain/bin/../lib/gcc/arm-none-eabi/4.8.4/armv6-m/libgcc.a(eqdf2.o)
                              /opt/Freescale/KDS_v3/toolchain/bin/../lib/gcc/arm-none-eabi/4.8.4/armv6-m/libgcc.a(_arm_cmpdf2.o) (__eqdf2)
/opt/Freescale/KDS_v3/toolchain/bin/../lib/gcc/arm-none-eabi/4.8.4/armv6-m/libgcc.a(gedf2.o)
                              /opt/Freescale/KDS_v3/toolchain/bin/../lib/gcc/arm-none-eabi/4.8.4/armv6-m/libgcc.a(_arm_cmpdf2.o) (__gedf2)
/opt/Freescale/KDS_v3/toolchain/bin/../lib/gcc/arm-none-eabi/4.8.4/armv6-m/libgcc.a(ledf2.o)
                              /opt/Freescale/KDS_v3/toolchain/bin/../lib/gcc/arm-none-eabi/4.8.4/armv6-m/libgcc.a(_arm_cmpdf2.o) (__ledf2)
/opt/Freescale/KDS_v3/toolchain/bin/../lib/gcc/arm-none-eabi/4.8.4/armv6-m/libgcc.a(muldf3.o)
                              ./Sources/BatteryController.o (__aeabi_dmul)
/opt/Freescale/KDS_v3/toolchain/bin/../lib/gcc/arm-none-eabi/4.8.4/armv6-m/libgcc.a(extendsfdf2.o)
                              ./Sources/BatteryController.o (__aeabi_f2d)
/opt/Freescale/KDS_v3/toolchain/bin/../lib/gcc/arm-none-eabi/4.8.4/armv6-m/libgcc.a(truncdfsf2.o)
                              ./Sources/BatteryController.o (__aeabi_d2f)
/opt/Freescale/KDS_v3/toolchain/bin/../lib/gcc/arm-none-eabi/4.8.4/armv6-m/libgcc.a(_clzsi2.o)
                              /opt/Freescale/KDS_v3/toolchain/bin/../lib/gcc/arm-none-eabi/4.8.4/armv6-m/libgcc.a(addsf3.o) (__clzsi2)
/opt/Freescale/KDS_v3/toolchain/bin/../lib/gcc/arm-none-eabi/4.8.4/../../../../arm-none-eabi/lib/armv6-m/libg_s.a(lib_a-exit.o)
                              /opt/Freescale/KDS_v3/toolchain/bin/../lib/gcc/arm-none-eabi/4.8.4/../../../../arm-none-eabi/lib/armv6-m/crt0.o (exit)
/opt/Freescale/KDS_v3/toolchain/bin/../lib/gcc/arm-none-eabi/4.8.4/../../../../arm-none-eabi/lib/armv6-m/libg_s.a(lib_a-impure.o)
[...]
Memory Configuration

Name             Origin             Length             Attributes
m_interrupts     0x00000000         0x000000c0         xr
m_text           0x00000410         0x0001fbf0         xr
m_data           0x1ffff000         0x00004000         rw
m_cfmprotrom     0x00000400         0x00000010         xr
*default*        0x00000000         0xffffffff

Linker script and memory map

LOAD /opt/Freescale/KDS_v3/toolchain/bin/../lib/gcc/arm-none-eabi/4.8.4/armv6-m/crti.o
LOAD /opt/Freescale/KDS_v3/toolchain/bin/../lib/gcc/arm-none-eabi/4.8.4/armv6-m/crtbegin.o
LOAD /opt/Freescale/KDS_v3/toolchain/bin/../lib/gcc/arm-none-eabi/4.8.4/../../../../arm-none-eabi/lib/armv6-m/crt0.o
LOAD ./Sources/BatteryController.o
LOAD ./Sources/CameraController.o
LOAD ./Sources/Events.o
LOAD ./Sources/MotorController.o
LOAD ./Sources/SerialCommunication.o
LOAD ./Sources/ServoController.o
LOAD ./Sources/main.o
LOAD ./Project_Settings/Startup_Code/startup.o
LOAD ./Generated_Code/AD_Converter.o
LOAD ./Generated_Code/AdcLdd1.o
LOAD ./Generated_Code/BitIoLdd1.o
LOAD ./Generated_Code/BitIoLdd10.o
LOAD ./Generated_Code/BitIoLdd11.o
LOAD ./Generated_Code/BitIoLdd2.o
LOAD ./Generated_Code/BitIoLdd3.o
LOAD ./Generated_Code/BitIoLdd4.o
LOAD ./Generated_Code/BitIoLdd5.o
LOAD ./Generated_Code/BitIoLdd6.o
LOAD ./Generated_Code/BitIoLdd7.o
LOAD ./Generated_Code/BitIoLdd8.o
LOAD ./Generated_Code/BitIoLdd9.o
LOAD ./Generated_Code/BlueLED.o
LOAD ./Generated_Code/CLK.o
LOAD ./Generated_Code/Camera_CLK_Interruption.o
LOAD ./Generated_Code/Cpu.o
LOAD ./Generated_Code/Enable_Motors.o
LOAD ./Generated_Code/ErrorLED.o
LOAD ./Generated_Code/GreenLED.o
LOAD ./Generated_Code/Motor_A_In1.o
LOAD ./Generated_Code/Motor_A_In2.o
LOAD ./Generated_Code/Motor_B_In1.o
LOAD ./Generated_Code/Motor_B_In2.o
LOAD ./Generated_Code/PE_LDD.o
LOAD ./Generated_Code/Power_Level1.o
LOAD ./Generated_Code/Power_Level2.o
LOAD ./Generated_Code/Power_Level3.o
LOAD ./Generated_Code/Power_Level4.o
LOAD ./Generated_Code/PwmLdd1.o
LOAD ./Generated_Code/PwmLdd2.o
LOAD ./Generated_Code/PwmLdd3.o
LOAD ./Generated_Code/PwmLdd4.o
LOAD ./Generated_Code/PwmLdd5.o
LOAD ./Generated_Code/SI.o
LOAD ./Generated_Code/SW2_Start_Button.o
LOAD ./Generated_Code/SerialCom.o
LOAD ./Generated_Code/Servomotor.o
LOAD ./Generated_Code/TU1.o
LOAD ./Generated_Code/TU2.o
LOAD ./Generated_Code/TU3.o
LOAD ./Generated_Code/TimerIntLdd1.o
LOAD ./Generated_Code/Vectors.o
LOAD /opt/Freescale/KDS_v3/toolchain/bin/../lib/gcc/arm-none-eabi/4.8.4/../../../../arm-none-eabi/lib/armv6-m/libstdc++_s.a
LOAD /opt/Freescale/KDS_v3/toolchain/bin/../lib/gcc/arm-none-eabi/4.8.4/../../../../arm-none-eabi/lib/armv6-m/libm.a
START GROUP
LOAD /opt/Freescale/KDS_v3/toolchain/bin/../lib/gcc/arm-none-eabi/4.8.4/armv6-m/libgcc.a
LOAD /opt/Freescale/KDS_v3/toolchain/bin/../lib/gcc/arm-none-eabi/4.8.4/../../../../arm-none-eabi/lib/armv6-m/libg_s.a
LOAD /opt/Freescale/KDS_v3/toolchain/bin/../lib/gcc/arm-none-eabi/4.8.4/../../../../arm-none-eabi/lib/armv6-m/libc_s.a
END GROUP
START GROUP
LOAD /opt/Freescale/KDS_v3/toolchain/bin/../lib/gcc/arm-none-eabi/4.8.4/armv6-m/libgcc.a
LOAD /opt/Freescale/KDS_v3/toolchain/bin/../lib/gcc/arm-none-eabi/4.8.4/../../../../arm-none-eabi/lib/armv6-m/libc_s.a
LOAD /opt/Freescale/KDS_v3/toolchain/bin/../lib/gcc/arm-none-eabi/4.8.4/../../../../arm-none-eabi/lib/armv6-m/libnosys.a
END GROUP
START GROUP
LOAD /opt/Freescale/KDS_v3/toolchain/bin/../lib/gcc/arm-none-eabi/4.8.4/armv6-m/libgcc.a
LOAD /opt/Freescale/KDS_v3/toolchain/bin/../lib/gcc/arm-none-eabi/4.8.4/../../../../arm-none-eabi/lib/armv6-m/libc_s.a
LOAD /opt/Freescale/KDS_v3/toolchain/bin/../lib/gcc/arm-none-eabi/4.8.4/../../../../arm-none-eabi/lib/armv6-m/libnosys.a
END GROUP
LOAD /opt/Freescale/KDS_v3/toolchain/bin/../lib/gcc/arm-none-eabi/4.8.4/armv6-m/crtend.o
LOAD /opt/Freescale/KDS_v3/toolchain/bin/../lib/gcc/arm-none-eabi/4.8.4/armv6-m/crtn.o
                0x20003000                _estack = 0x20003000
                0x20003000                __SP_INIT = _estack
                0x20003000                __stack = _estack
                0x00000000                __heap_size = 0x0
                0x00000400                __stack_size = 0x400

.interrupts     0x00000000       0xc0
                0x00000000                __vector_table = .
                0x00000000                . = ALIGN (0x4)
 *(.vectortable)
 .vectortable   0x00000000       0xc0 ./Generated_Code/Vectors.o
                0x00000000                __vect_table
                0x000000c0                . = ALIGN (0x4)

.cfmprotect     0x00000400       0x10
                0x00000400                . = ALIGN (0x4)
 *(.cfmconfig)
 .cfmconfig     0x00000400       0x10 ./Generated_Code/Cpu.o
                0x00000400                _cfm
                0x00000410                . = ALIGN (0x4)

.text           0x00000410     0x3604
                0x00000410                . = ALIGN (0x4)
 *(.text)
 .text          0x00000410       0x60 /opt/Freescale/KDS_v3/toolchain/bin/../lib/gcc/arm-none-eabi/4.8.4/armv6-m/crtbegin.o
 .text          0x00000470       0x78 /opt/Freescale/KDS_v3/toolchain/bin/../lib/gcc/arm-none-eabi/4.8.4/../../../../arm-none-eabi/lib/armv6-m/crt0.o
                0x00000470                _mainCRTStartup
                0x00000470                _start
 .text          0x000004e8       0x9c /opt/Freescale/KDS_v3/toolchain/bin/../lib/gcc/arm-none-eabi/4.8.4/armv6-m/libgcc.a(_udivsi3.o)
                0x000004e8                __udivsi3
                0x000004e8                __aeabi_uidiv
                0x00000570                __aeabi_uidivmod
 .text          0x00000584       0xc0 /opt/Freescale/KDS_v3/toolchain/bin/../lib/gcc/arm-none-eabi/4.8.4/armv6-m/libgcc.a(_divsi3.o)
                0x00000584                __aeabi_idiv
                0x00000584                __divsi3
                0x00000630                __aeabi_idivmod
 .text          0x00000644        0x4 /opt/Freescale/KDS_v3/toolchain/bin/../lib/gcc/arm-none-eabi/4.8.4/armv6-m/libgcc.a(_dvmd_tls.o)
                0x00000644                __aeabi_ldiv0
                0x00000644                __aeabi_idiv0
 .text          0x00000648       0x7c /opt/Freescale/KDS_v3/toolchain/bin/../lib/gcc/arm-none-eabi/4.8.4/armv6-m/libgcc.a(_arm_cmpdf2.o)
                0x00000648                __aeabi_cdrcmple
                0x00000658                __aeabi_cdcmple
                0x00000658                __aeabi_cdcmpeq
                0x00000668                __aeabi_dcmpeq
                0x00000674                __aeabi_dcmplt
                0x00000688                __aeabi_dcmple
                0x0000069c                __aeabi_dcmpgt
                0x000006b0                __aeabi_dcmpge
 .text          0x000006c4       0x74 /opt/Freescale/KDS_v3/toolchain/bin/../lib/gcc/arm-none-eabi/4.8.4/armv6-m/libgcc.a(_arm_cmpsf2.o)
                0x000006c4                __aeabi_cfrcmple
                0x000006cc                __aeabi_cfcmple
                0x000006cc                __aeabi_cfcmpeq
                0x000006dc                __aeabi_fcmpeq
                0x000006e8                __aeabi_fcmplt
                0x000006fc                __aeabi_fcmple
                0x00000710                __aeabi_fcmpgt
                0x00000724                __aeabi_fcmpge
 .text          0x00000738      0x2d8 /opt/Freescale/KDS_v3/toolchain/bin/../lib/gcc/arm-none-eabi/4.8.4/armv6-m/libgcc.a(addsf3.o)
                0x00000738                __aeabi_fadd
 .text          0x00000a10      0x24c /opt/Freescale/KDS_v3/toolchain/bin/../lib/gcc/arm-none-eabi/4.8.4/armv6-m/libgcc.a(divsf3.o)
                0x00000a10                __aeabi_fdiv
 .text          0x00000c5c       0x54 /opt/Freescale/KDS_v3/toolchain/bin/../lib/gcc/arm-none-eabi/4.8.4/armv6-m/libgcc.a(eqsf2.o)
                0x00000c5c                __nesf2
                0x00000c5c                __eqsf2
 .text          0x00000cb0       0x90 /opt/Freescale/KDS_v3/toolchain/bin/../lib/gcc/arm-none-eabi/4.8.4/armv6-m/libgcc.a(gesf2.o)
                0x00000cb0                __gtsf2
                0x00000cb0                __gesf2
 .text          0x00000d40       0x98 /opt/Freescale/KDS_v3/toolchain/bin/../lib/gcc/arm-none-eabi/4.8.4/armv6-m/libgcc.a(lesf2.o)
                0x00000d40                __lesf2
                0x00000d40                __ltsf2
 .text          0x00000dd8       0xa0 /opt/Freescale/KDS_v3/toolchain/bin/../lib/gcc/arm-none-eabi/4.8.4/armv6-m/libgcc.a(floatunsisf.o)
                0x00000dd8                __aeabi_ui2f
 .text          0x00000e78       0x94 /opt/Freescale/KDS_v3/toolchain/bin/../lib/gcc/arm-none-eabi/4.8.4/armv6-m/libgcc.a(eqdf2.o)
                0x00000e78                __eqdf2
                0x00000e78                __nedf2
 .text          0x00000f0c       0xfc /opt/Freescale/KDS_v3/toolchain/bin/../lib/gcc/arm-none-eabi/4.8.4/armv6-m/libgcc.a(gedf2.o)
                0x00000f0c                __gtdf2
                0x00000f0c                __gedf2
 .text          0x00001008       0xfc /opt/Freescale/KDS_v3/toolchain/bin/../lib/gcc/arm-none-eabi/4.8.4/armv6-m/libgcc.a(ledf2.o)
                0x00001008                __ltdf2
                0x00001008                __ledf2
 .text          0x00001104      0x520 /opt/Freescale/KDS_v3/toolchain/bin/../lib/gcc/arm-none-eabi/4.8.4/armv6-m/libgcc.a(muldf3.o)
                0x00001104                __aeabi_dmul
 .text          0x00001624       0xa4 /opt/Freescale/KDS_v3/toolchain/bin/../lib/gcc/arm-none-eabi/4.8.4/armv6-m/libgcc.a(extendsfdf2.o)
                0x00001624                __aeabi_f2d
 .text          0x000016c8      0x118 /opt/Freescale/KDS_v3/toolchain/bin/../lib/gcc/arm-none-eabi/4.8.4/armv6-m/libgcc.a(truncdfsf2.o)
                0x000016c8                __aeabi_d2f
 .text          0x000017e0       0x3c /opt/Freescale/KDS_v3/toolchain/bin/../lib/gcc/arm-none-eabi/4.8.4/armv6-m/libgcc.a(_clzsi2.o)
                0x000017e0                __clzsi2
 *(.text*)
 .text.updateBatteryLevel
                0x0000181c       0x28 ./Sources/BatteryController.o
                0x0000181c                updateBatteryLevel
 *fill*         0x00001844        0x4 
 .text.updatePowerState
                0x00001848      0x230 ./Sources/BatteryController.o
                0x00001848                updatePowerState
 .text.initializeCamera
                0x00001a78       0x28 ./Sources/CameraController.o
                0x00001a78                initializeCamera
 .text.getRawImageMean
                0x00001aa0       0x70 ./Sources/CameraController.o
                0x00001aa0                getRawImageMean
 .text.verifySample
                0x00001b10       0x70 ./Sources/CameraController.o
                0x00001b10                verifySample
 .text.Cpu_OnNMIINT
                0x00001b80        0x8 ./Sources/Events.o
                0x00001b80                Cpu_OnNMIINT
 .text.Camera_CLK_Interruption_OnInterrupt
                0x00001b88      0x120 ./Sources/Events.o
                0x00001b88                Camera_CLK_Interruption_OnInterrupt
 .text.AD_Converter_OnEnd
                0x00001ca8       0x34 ./Sources/Events.o
                0x00001ca8                AD_Converter_OnEnd
 .text.SerialCom_OnBlockSent
                0x00001cdc       0x18 ./Sources/Events.o
                0x00001cdc                SerialCom_OnBlockSent
 .text.init_Serial
                0x00001cf4       0x20 ./Sources/SerialCommunication.o
 .text.sendAChar
                0x00001d14       0x44 ./Sources/SerialCommunication.o
 .text.itoa_8_bit
                0x00001d58       0x9c ./Sources/SerialCommunication.o
                0x00001d58                itoa_8_bit
 .text.sendArrayOfPixels
                0x00001df4       0x50 ./Sources/SerialCommunication.o
                0x00001df4                sendArrayOfPixels
 .text.main     0x00001e44       0x94 ./Sources/main.o
                0x00001e44                main
 .text.__copy_rom_section
                0x00001ed8       0xd8 ./Project_Settings/Startup_Code/startup.o
                0x00001ed8                __copy_rom_section
 .text.__copy_rom_sections_to_ram
                0x00001fb0       0x98 ./Project_Settings/Startup_Code/startup.o
                0x00001fb0                __copy_rom_sections_to_ram
 .text.__init_registers
                0x00002048        0x8 ./Project_Settings/Startup_Code/startup.o
                0x00002048                __init_registers
 .text.__init_user
                0x00002050        0x8 ./Project_Settings/Startup_Code/startup.o
                0x00002050                __init_user
 .text.__thumb_startup
                0x00002058       0x30 ./Project_Settings/Startup_Code/startup.o
                0x00002058                __thumb_startup
 .text.ClrSumV  0x00002088       0x18 ./Generated_Code/AD_Converter.o
 .text.AD_Converter_HWEnDi
                0x000020a0       0x9c ./Generated_Code/AD_Converter.o
                0x000020a0                AD_Converter_HWEnDi
 .text.AD_Converter_MeasureChan
                0x0000213c       0x64 ./Generated_Code/AD_Converter.o
                0x0000213c                AD_Converter_MeasureChan
 .text.AD_Converter_GetChanValue
                0x000021a0       0x58 ./Generated_Code/AD_Converter.o
                0x000021a0                AD_Converter_GetChanValue
 .text.AdcLdd1_OnMeasurementComplete
                0x000021f8       0xf8 ./Generated_Code/AD_Converter.o
                0x000021f8                AdcLdd1_OnMeasurementComplete
 .text.AD_Converter_Init
                0x000022f0       0x2c ./Generated_Code/AD_Converter.o
                0x000022f0                AD_Converter_Init
 .text.AdcLdd1_Init
                0x0000231c       0xe0 ./Generated_Code/AdcLdd1.o
                0x0000231c                AdcLdd1_Init
 .text.AdcLdd1_StartSingleMeasurement
                0x000023fc       0x44 ./Generated_Code/AdcLdd1.o
                0x000023fc                AdcLdd1_StartSingleMeasurement
 .text.AdcLdd1_CreateSampleGroup
                0x00002440       0x6c ./Generated_Code/AdcLdd1.o
                0x00002440                AdcLdd1_CreateSampleGroup
 .text.AdcLdd1_GetMeasuredValues
                0x000024ac       0x60 ./Generated_Code/AdcLdd1.o
                0x000024ac                AdcLdd1_GetMeasuredValues
 .text.AdcLdd1_GetCalibrationResultStatus
                0x0000250c       0xb8 ./Generated_Code/AdcLdd1.o
                0x0000250c                AdcLdd1_GetCalibrationResultStatus
 .text.AdcLdd1_MeasurementCompleteInterrupt
                0x000025c4       0x30 ./Generated_Code/AdcLdd1.o
                0x000025c4                AdcLdd1_MeasurementCompleteInterrupt
 .text.BitIoLdd1_Init
                0x000025f4       0x60 ./Generated_Code/BitIoLdd1.o
                0x000025f4                BitIoLdd1_Init
 .text.BitIoLdd1_GetVal
                0x00002654       0x28 ./Generated_Code/BitIoLdd1.o
                0x00002654                BitIoLdd1_GetVal
 .text.BitIoLdd1_ClrVal
                0x0000267c       0x18 ./Generated_Code/BitIoLdd1.o
                0x0000267c                BitIoLdd1_ClrVal
 .text.BitIoLdd1_SetVal
                0x00002694       0x18 ./Generated_Code/BitIoLdd1.o
                0x00002694                BitIoLdd1_SetVal
 .text.BitIoLdd10_Init
                0x000026ac       0x60 ./Generated_Code/BitIoLdd10.o
                0x000026ac                BitIoLdd10_Init
 .text.BitIoLdd11_Init
                0x0000270c       0x60 ./Generated_Code/BitIoLdd11.o
                0x0000270c                BitIoLdd11_Init
 .text.BitIoLdd2_Init
                0x0000276c       0x60 ./Generated_Code/BitIoLdd2.o
                0x0000276c                BitIoLdd2_Init
 .text.BitIoLdd2_GetVal
                0x000027cc       0x28 ./Generated_Code/BitIoLdd2.o
                0x000027cc                BitIoLdd2_GetVal
 .text.BitIoLdd2_ClrVal
                0x000027f4       0x18 ./Generated_Code/BitIoLdd2.o
                0x000027f4                BitIoLdd2_ClrVal
 .text.BitIoLdd2_SetVal
                0x0000280c       0x18 ./Generated_Code/BitIoLdd2.o
                0x0000280c                BitIoLdd2_SetVal
 .text.BitIoLdd3_Init
                0x00002824       0x58 ./Generated_Code/BitIoLdd3.o
                0x00002824                BitIoLdd3_Init
 .text.BitIoLdd3_GetVal
                0x0000287c       0x28 ./Generated_Code/BitIoLdd3.o
                0x0000287c                BitIoLdd3_GetVal
 .text.BitIoLdd4_Init
                0x000028a4       0x68 ./Generated_Code/BitIoLdd4.o
                0x000028a4                BitIoLdd4_Init
 .text.BitIoLdd4_SetVal
                0x0000290c       0x1c ./Generated_Code/BitIoLdd4.o
                0x0000290c                BitIoLdd4_SetVal
 .text.BitIoLdd5_Init
                0x00002928       0x68 ./Generated_Code/BitIoLdd5.o
                0x00002928                BitIoLdd5_Init
 .text.BitIoLdd5_SetVal
                0x00002990       0x1c ./Generated_Code/BitIoLdd5.o
                0x00002990                BitIoLdd5_SetVal
 .text.BitIoLdd5_NegVal
                0x000029ac       0x1c ./Generated_Code/BitIoLdd5.o
                0x000029ac                BitIoLdd5_NegVal
 .text.BitIoLdd6_Init
                0x000029c8       0x68 ./Generated_Code/BitIoLdd6.o
                0x000029c8                BitIoLdd6_Init
 .text.BitIoLdd6_ClrVal
                0x00002a30       0x1c ./Generated_Code/BitIoLdd6.o
                0x00002a30                BitIoLdd6_ClrVal
 .text.BitIoLdd6_SetVal
                0x00002a4c       0x1c ./Generated_Code/BitIoLdd6.o
                0x00002a4c                BitIoLdd6_SetVal
 .text.BitIoLdd6_NegVal
                0x00002a68       0x1c ./Generated_Code/BitIoLdd6.o
                0x00002a68                BitIoLdd6_NegVal
 .text.BitIoLdd7_Init
                0x00002a84       0x68 ./Generated_Code/BitIoLdd7.o
                0x00002a84                BitIoLdd7_Init
 .text.BitIoLdd7_ClrVal
                0x00002aec       0x1c ./Generated_Code/BitIoLdd7.o
                0x00002aec                BitIoLdd7_ClrVal
 .text.BitIoLdd7_SetVal
                0x00002b08       0x1c ./Generated_Code/BitIoLdd7.o
                0x00002b08                BitIoLdd7_SetVal
 .text.BitIoLdd7_NegVal
                0x00002b24       0x1c ./Generated_Code/BitIoLdd7.o
                0x00002b24                BitIoLdd7_NegVal
 .text.BitIoLdd8_Init
                0x00002b40       0x68 ./Generated_Code/BitIoLdd8.o
                0x00002b40                BitIoLdd8_Init
 .text.BitIoLdd8_ClrVal
                0x00002ba8       0x1c ./Generated_Code/BitIoLdd8.o
                0x00002ba8                BitIoLdd8_ClrVal
 .text.BitIoLdd8_SetVal
                0x00002bc4       0x1c ./Generated_Code/BitIoLdd8.o
                0x00002bc4                BitIoLdd8_SetVal
 .text.BitIoLdd8_NegVal
                0x00002be0       0x1c ./Generated_Code/BitIoLdd8.o
                0x00002be0                BitIoLdd8_NegVal
 .text.BitIoLdd9_Init
                0x00002bfc       0x64 ./Generated_Code/BitIoLdd9.o
                0x00002bfc                BitIoLdd9_Init
 .text.TimerIntLdd1_OnInterrupt
                0x00002c60       0x14 ./Generated_Code/Camera_CLK_Interruption.o
                0x00002c60                TimerIntLdd1_OnInterrupt
 .text.Cpu_INT_NMIInterrupt
                0x00002c74        0xc ./Generated_Code/Cpu.o
                0x00002c74                Cpu_INT_NMIInterrupt
 .text.Cpu_Interrupt
                0x00002c80        0xc ./Generated_Code/Cpu.o
                0x00002c80                Cpu_Interrupt
 .text.__init_hardware
                0x00002c8c      0x110 ./Generated_Code/Cpu.o
                0x00002c8c                __init_hardware
 .text.PE_low_level_init
                0x00002d9c      0x134 ./Generated_Code/Cpu.o
                0x00002d9c                PE_low_level_init
 .text.PwmLdd1_Init
                0x00002ed0       0x58 ./Generated_Code/PwmLdd1.o
                0x00002ed0                PwmLdd1_Init
 .text.PwmLdd2_Init
                0x00002f28       0x58 ./Generated_Code/PwmLdd2.o
                0x00002f28                PwmLdd2_Init
 .text.PwmLdd3_Init
                0x00002f80       0x58 ./Generated_Code/PwmLdd3.o
                0x00002f80                PwmLdd3_Init
 .text.PwmLdd4_Init
                0x00002fd8       0x58 ./Generated_Code/PwmLdd4.o
                0x00002fd8                PwmLdd4_Init
 .text.PwmLdd5_Init
                0x00003030       0x58 ./Generated_Code/PwmLdd5.o
                0x00003030                PwmLdd5_Init
 .text.PwmLdd5_Enable
                0x00003088       0x30 ./Generated_Code/PwmLdd5.o
                0x00003088                PwmLdd5_Enable
 .text.SerialCom_Init
                0x000030b8      0x1b0 ./Generated_Code/SerialCom.o
                0x000030b8                SerialCom_Init
 .text.SerialCom_SendBlock
                0x00003268       0xc4 ./Generated_Code/SerialCom.o
                0x00003268                SerialCom_SendBlock
 .text.InterruptRx
                0x0000332c       0x50 ./Generated_Code/SerialCom.o
 .text.InterruptTx
                0x0000337c       0x80 ./Generated_Code/SerialCom.o
 .text.SerialCom_Interrupt
                0x000033fc       0x64 ./Generated_Code/SerialCom.o
                0x000033fc                SerialCom_Interrupt
 .text.TU1_Init
                0x00003460       0xd4 ./Generated_Code/TU1.o
                0x00003460                TU1_Init
 .text.TU1_Enable
                0x00003534       0x2c ./Generated_Code/TU1.o
                0x00003534                TU1_Enable
 .text.TU1_Disable
                0x00003560       0x30 ./Generated_Code/TU1.o
                0x00003560                TU1_Disable
 .text.TU1_Interrupt
                0x00003590       0x38 ./Generated_Code/TU1.o
                0x00003590                TU1_Interrupt
 .text.TU2_Init
                0x000035c8      0x134 ./Generated_Code/TU2.o
                0x000035c8                TU2_Init
 .text.TU3_Init
                0x000036fc       0xcc ./Generated_Code/TU3.o
                0x000036fc                TU3_Init
 .text.TU3_Enable
                0x000037c8       0x30 ./Generated_Code/TU3.o
                0x000037c8                TU3_Enable
 .text.TimerIntLdd1_Init
                0x000037f8       0x50 ./Generated_Code/TimerIntLdd1.o
                0x000037f8                TimerIntLdd1_Init
 .text.TimerIntLdd1_Enable
                0x00003848       0x30 ./Generated_Code/TimerIntLdd1.o
                0x00003848                TimerIntLdd1_Enable
 .text.TimerIntLdd1_Disable
                0x00003878       0x30 ./Generated_Code/TimerIntLdd1.o
                0x00003878                TimerIntLdd1_Disable
 .text.TU1_OnCounterRestart
                0x000038a8       0x24 ./Generated_Code/TimerIntLdd1.o
                0x000038a8                TU1_OnCounterRestart
 .text.exit     0x000038cc       0x2c /opt/Freescale/KDS_v3/toolchain/bin/../lib/gcc/arm-none-eabi/4.8.4/../../../../arm-none-eabi/lib/armv6-m/libg_s.a(lib_a-exit.o)
                0x000038cc                exit
 .text.__libc_init_array
                0x000038f8       0x4c /opt/Freescale/KDS_v3/toolchain/bin/../lib/gcc/arm-none-eabi/4.8.4/../../../../arm-none-eabi/lib/armv6-m/libg_s.a(lib_a-init.o)
                0x000038f8                __libc_init_array
 .text.memset   0x00003944       0x10 /opt/Freescale/KDS_v3/toolchain/bin/../lib/gcc/arm-none-eabi/4.8.4/../../../../arm-none-eabi/lib/armv6-m/libg_s.a(lib_a-memset.o)
                0x00003944                memset
 .text._exit    0x00003954        0x4 /opt/Freescale/KDS_v3/toolchain/bin/../lib/gcc/arm-none-eabi/4.8.4/../../../../arm-none-eabi/lib/armv6-m/libnosys.a(_exit.o)
                0x00003954                _exit
 *(.rodata)
 .rodata        0x00003958       0x40 /opt/Freescale/KDS_v3/toolchain/bin/../lib/gcc/arm-none-eabi/4.8.4/armv6-m/libgcc.a(divsf3.o)
 .rodata        0x00003998       0x40 /opt/Freescale/KDS_v3/toolchain/bin/../lib/gcc/arm-none-eabi/4.8.4/armv6-m/libgcc.a(muldf3.o)
 *(.rodata*)
 .rodata.Camera_CLK_Interruption_OnInterrupt
                0x000039d8       0x14 ./Sources/Events.o
 .rodata.Table  0x000039ec        0x4 ./Generated_Code/AD_Converter.o
 .rodata.ChannelToPin
                0x000039f0        0x4 ./Generated_Code/AdcLdd1.o
 .rodata.str1.1
                0x000039f4        0x2 /opt/Freescale/KDS_v3/toolchain/bin/../lib/gcc/arm-none-eabi/4.8.4/../../../../arm-none-eabi/lib/armv6-m/libg_s.a(lib_a-impure.o)
 *fill*         0x000039f6        0x2 
 .rodata._global_impure_ptr
                0x000039f8        0x4 /opt/Freescale/KDS_v3/toolchain/bin/../lib/gcc/arm-none-eabi/4.8.4/../../../../arm-none-eabi/lib/armv6-m/libg_s.a(lib_a-impure.o)
                0x000039f8                _global_impure_ptr
 *(.glue_7)
 .glue_7        0x00000000        0x0 linker stubs
 *(.glue_7t)
 .glue_7t       0x00000000        0x0 linker stubs
 *(.eh_frame)
 .eh_frame      0x000039fc        0x0 /opt/Freescale/KDS_v3/toolchain/bin/../lib/gcc/arm-none-eabi/4.8.4/armv6-m/crtbegin.o
 *(.init)
 .init          0x000039fc        0x4 /opt/Freescale/KDS_v3/toolchain/bin/../lib/gcc/arm-none-eabi/4.8.4/armv6-m/crti.o
                0x000039fc                _init
 .init          0x00003a00        0x8 /opt/Freescale/KDS_v3/toolchain/bin/../lib/gcc/arm-none-eabi/4.8.4/armv6-m/crtn.o
 *(.fini)
 .fini          0x00003a08        0x4 /opt/Freescale/KDS_v3/toolchain/bin/../lib/gcc/arm-none-eabi/4.8.4/armv6-m/crti.o
                0x00003a08                _fini
 .fini          0x00003a0c        0x8 /opt/Freescale/KDS_v3/toolchain/bin/../lib/gcc/arm-none-eabi/4.8.4/armv6-m/crtn.o
                0x00003a14                . = ALIGN (0x4)
                0x00003a14                _etext = .

.vfp11_veneer   0x00003a14        0x0
 .vfp11_veneer  0x00000000        0x0 linker stubs

.v4_bx          0x00003a14        0x0
 .v4_bx         0x00000000        0x0 linker stubs

.iplt           0x00003a14        0x0
 .iplt          0x00000000        0x0 /opt/Freescale/KDS_v3/toolchain/bin/../lib/gcc/arm-none-eabi/4.8.4/armv6-m/crtbegin.o

.ARM.extab
 *(.ARM.extab* .gnu.linkonce.armextab.*)

.ARM            0x00003a14        0x8
                0x00003a14                __exidx_start = .
 *(.ARM.exidx*)
 .ARM.exidx     0x00003a14        0x8 /opt/Freescale/KDS_v3/toolchain/bin/../lib/gcc/arm-none-eabi/4.8.4/../../../../arm-none-eabi/lib/armv6-m/crt0.o
                0x00003a1c                __exidx_end = .

.rel.dyn        0x00003a1c        0x0
 .rel.iplt      0x00000000        0x0 /opt/Freescale/KDS_v3/toolchain/bin/../lib/gcc/arm-none-eabi/4.8.4/armv6-m/crtbegin.o

.ctors          0x00003a1c        0x0
                0x00003a1c                __CTOR_LIST__ = .
 *crtbegin.o(.ctors)
 *(EXCLUDE_FILE(*crtend.o) .ctors)
 *(SORT(.ctors.*))
 *(.ctors)
                0x00003a1c                __CTOR_END__ = .

.dtors          0x00003a1c        0x0
                0x00003a1c                __DTOR_LIST__ = .
 *crtbegin.o(.dtors)
 *(EXCLUDE_FILE(*crtend.o) .dtors)
 *(SORT(.dtors.*))
 *(.dtors)
                0x00003a1c                __DTOR_END__ = .

.preinit_array  0x00003a1c        0x0
                0x00003a1c                PROVIDE (__preinit_array_start, .)
 *(.preinit_array*)
                0x00003a1c                PROVIDE (__preinit_array_end, .)

.init_array     0x00003a1c        0x4
                0x00003a1c                PROVIDE (__init_array_start, .)
 *(SORT(.init_array.*))
 *(.init_array*)
 .init_array    0x00003a1c        0x4 /opt/Freescale/KDS_v3/toolchain/bin/../lib/gcc/arm-none-eabi/4.8.4/armv6-m/crtbegin.o
                0x00003a20                PROVIDE (__init_array_end, .)

.fini_array     0x00003a20        0x4
                0x00003a20                PROVIDE (__fini_array_start, .)
 *(SORT(.fini_array.*))
 *(.fini_array*)
 .fini_array    0x00003a20        0x4 /opt/Freescale/KDS_v3/toolchain/bin/../lib/gcc/arm-none-eabi/4.8.4/armv6-m/crtbegin.o
                0x00003a24                PROVIDE (__fini_array_end, .)
                0x00003a24                ___ROM_AT = .

.mtb            0x1ffff000        0x0
                0x1ffff000                . = ALIGN (0x8)
                0x1ffff000                _mtb_start = .
 *(.mtb_buf)
                0x1ffff000                . = ALIGN (0x8)
                0x1ffff000                _mtb_end = .

.data           0x1ffff000       0x60 load address 0x00003a24
                0x1ffff000                . = ALIGN (0x4)
                0x1ffff000                _sdata = .
 *(.data)
 *(.data*)
 .data.impure_data
                0x1ffff000       0x60 /opt/Freescale/KDS_v3/toolchain/bin/../lib/gcc/arm-none-eabi/4.8.4/../../../../arm-none-eabi/lib/armv6-m/libg_s.a(lib_a-impure.o)
                0x1ffff060                . = ALIGN (0x4)
                0x1ffff060                _edata = .
                0x00000060                ___data_size = (_edata - _sdata)

.jcr            0x1ffff060        0x0 load address 0x00003a84
 .jcr           0x1ffff060        0x0 /opt/Freescale/KDS_v3/toolchain/bin/../lib/gcc/arm-none-eabi/4.8.4/armv6-m/crtbegin.o

.igot.plt       0x1ffff060        0x0 load address 0x00003a84
 .igot.plt      0x00000000        0x0 /opt/Freescale/KDS_v3/toolchain/bin/../lib/gcc/arm-none-eabi/4.8.4/armv6-m/crtbegin.o
                0x1ffff060                . = ALIGN (0x4)

.bss            0x1ffff060      0x274 load address 0x00003a84
                0x1ffff060                __START_BSS = .
                0x1ffff060                PROVIDE (__bss_start__, __START_BSS)
 *(.bss)
 .bss           0x1ffff060       0x1c /opt/Freescale/KDS_v3/toolchain/bin/../lib/gcc/arm-none-eabi/4.8.4/armv6-m/crtbegin.o
 *(.bss*)
 .bss.deviceData
                0x1ffff07c        0x8 ./Sources/SerialCommunication.o
 .bss.SumChan   0x1ffff084        0x1 ./Generated_Code/AD_Converter.o
 .bss.ModeFlg   0x1ffff085        0x1 ./Generated_Code/AD_Converter.o
 *fill*         0x1ffff086        0x2 
 .bss.SampleGroup
                0x1ffff088        0x4 ./Generated_Code/AD_Converter.o
 .bss.OutFlg    0x1ffff08c        0x1 ./Generated_Code/AD_Converter.o
 *fill*         0x1ffff08d        0x3 
 .bss.DeviceDataPrv__DEFAULT_RTOS_ALLOC
                0x1ffff090        0x8 ./Generated_Code/AdcLdd1.o
 .bss.INT_ADC0__DEFAULT_RTOS_ISRPARAM
                0x1ffff098        0x4 ./Generated_Code/AdcLdd1.o
 .bss.DeviceDataPrv__DEFAULT_RTOS_ALLOC
                0x1ffff09c        0x4 ./Generated_Code/BitIoLdd1.o
 .bss.DeviceDataPrv__DEFAULT_RTOS_ALLOC
                0x1ffff0a0        0x4 ./Generated_Code/BitIoLdd10.o
 .bss.DeviceDataPrv__DEFAULT_RTOS_ALLOC
                0x1ffff0a4        0x4 ./Generated_Code/BitIoLdd11.o
 .bss.DeviceDataPrv__DEFAULT_RTOS_ALLOC
                0x1ffff0a8        0x4 ./Generated_Code/BitIoLdd2.o
 .bss.DeviceDataPrv__DEFAULT_RTOS_ALLOC
                0x1ffff0ac        0x4 ./Generated_Code/BitIoLdd3.o
 .bss.DeviceDataPrv__DEFAULT_RTOS_ALLOC
                0x1ffff0b0        0x4 ./Generated_Code/BitIoLdd4.o
 .bss.DeviceDataPrv__DEFAULT_RTOS_ALLOC
                0x1ffff0b4        0x4 ./Generated_Code/BitIoLdd5.o
 .bss.DeviceDataPrv__DEFAULT_RTOS_ALLOC
                0x1ffff0b8        0x4 ./Generated_Code/BitIoLdd6.o
 .bss.DeviceDataPrv__DEFAULT_RTOS_ALLOC
                0x1ffff0bc        0x4 ./Generated_Code/BitIoLdd7.o
 .bss.DeviceDataPrv__DEFAULT_RTOS_ALLOC
                0x1ffff0c0        0x4 ./Generated_Code/BitIoLdd8.o
 .bss.DeviceDataPrv__DEFAULT_RTOS_ALLOC
                0x1ffff0c4        0x4 ./Generated_Code/BitIoLdd9.o
 .bss.SR_lock   0x1ffff0c8        0x1 ./Generated_Code/Cpu.o
                0x1ffff0c8                SR_lock
 *fill*         0x1ffff0c9        0x3 
 .bss.PE_LDD_DeviceDataList
                0x1ffff0cc       0x58 ./Generated_Code/PE_LDD.o
                0x1ffff0cc                PE_LDD_DeviceDataList
 .bss.DeviceDataPrv__DEFAULT_RTOS_ALLOC
                0x1ffff124        0xc ./Generated_Code/PwmLdd1.o
 .bss.DeviceDataPrv__DEFAULT_RTOS_ALLOC
                0x1ffff130        0xc ./Generated_Code/PwmLdd2.o
 .bss.DeviceDataPrv__DEFAULT_RTOS_ALLOC
                0x1ffff13c        0xc ./Generated_Code/PwmLdd3.o
 .bss.DeviceDataPrv__DEFAULT_RTOS_ALLOC
                0x1ffff148        0xc ./Generated_Code/PwmLdd4.o
 .bss.DeviceDataPrv__DEFAULT_RTOS_ALLOC
                0x1ffff154        0xc ./Generated_Code/PwmLdd5.o
 .bss.DeviceDataPrv__DEFAULT_RTOS_ALLOC
                0x1ffff160       0x18 ./Generated_Code/SerialCom.o
 .bss.INT_UART0__DEFAULT_RTOS_ISRPARAM
                0x1ffff178        0x4 ./Generated_Code/SerialCom.o
 .bss.DeviceDataPrv__DEFAULT_RTOS_ALLOC
                0x1ffff17c        0x8 ./Generated_Code/TU1.o
 .bss.INT_PIT__DEFAULT_RTOS_ISRPARAM
                0x1ffff184        0x4 ./Generated_Code/TU1.o
 .bss.DeviceDataPrv__DEFAULT_RTOS_ALLOC
                0x1ffff188        0x8 ./Generated_Code/TU2.o
 .bss.DeviceDataPrv__DEFAULT_RTOS_ALLOC
                0x1ffff190        0xc ./Generated_Code/TU3.o
 .bss.DeviceDataPrv__DEFAULT_RTOS_ALLOC
                0x1ffff19c        0xc ./Generated_Code/TimerIntLdd1.o
 *(COMMON)
 COMMON         0x1ffff1a8        0xa ./Sources/BatteryController.o
                0x1ffff1a8                handlingPowerUpdate
                0x1ffff1a9                serialTest
                0x1ffff1ac                batteryLevel
                0x1ffff1b0                serialFinished
                0x1ffff1b1                serialTestStart
 *fill*         0x1ffff1b2        0x2 
 COMMON         0x1ffff1b4      0x114 ./Sources/CameraController.o
                0x1ffff1b4                clockCounter
                0x1ffff1b8                samplesNumber
                0x1ffff1bc                transferTime
                0x1ffff1c0                currentSample
                0x1ffff1c4                state
                0x1ffff1c8                rawImage
                0x1ffff248                rawImageBuffer
 COMMON         0x1ffff2c8        0x1 ./Sources/main.o
                0x1ffff2c8                ApplicationEnd
 *fill*         0x1ffff2c9        0x3 
 COMMON         0x1ffff2cc        0x6 ./Generated_Code/AD_Converter.o
                0x1ffff2cc                AdcLdd1_DeviceDataPtr
                0x1ffff2d0                AD_Converter_OutV
 COMMON         0x1ffff2d2        0x1 ./Generated_Code/Cpu.o
                0x1ffff2d2                SR_reg
                0x1ffff2d4                . = ALIGN (0x4)
 *fill*         0x1ffff2d3        0x1 
                0x1ffff2d4                __END_BSS = .
                0x1ffff2d4                PROVIDE (__bss_end__, __END_BSS)
                0x00003a84                _romp_at = (___ROM_AT + SIZEOF (.data))

.romp           0x1ffff2d4       0x18 load address 0x00003a84
                0x00003a84                __S_romp = _romp_at
                0x1ffff2d4        0x4 LONG 0x3a24 ___ROM_AT
                0x1ffff2d8        0x4 LONG 0x1ffff000 _sdata
                0x1ffff2dc        0x4 LONG 0x60 ___data_size
                0x1ffff2e0        0x4 LONG 0x0
                0x1ffff2e4        0x4 LONG 0x0
                0x1ffff2e8        0x4 LONG 0x0
                0x00020000                text_end = (ORIGIN (m_text) + 0x1fbf0)
                0x00003a9c                data_init_end = ((___ROM_AT + SIZEOF (.data)) + SIZEOF (.romp))
                0x00000001                ASSERT ((data_init_end <= text_end), region m_text overflowed with text and data)

._user_heap_stack
                0x1ffff2ec      0x400 load address 0x00003a9c
                0x1ffff2ec                . = ALIGN (0x4)
                0x1ffff2ec                PROVIDE (end, .)
                0x1ffff2ec                PROVIDE (_end, .)
                0x1ffff2ec                PROVIDE (__end__, .)
                0x1ffff2ec                __heap_addr = .
                0x1ffff2ec                __HeapBase = .
                0x1ffff2ec                . = (. + __heap_size)
                0x1ffff2ec                __HeapLimit = .
                0x1ffff6ec                . = (. + __stack_size)
 *fill*         0x1ffff2ec      0x400 
                0x1ffff6ec                . = ALIGN (0x4)

.ARM.attributes
                0x00000000       0x28
 *(.ARM.attributes)
 .ARM.attributes
                0x00000000       0x1e /opt/Freescale/KDS_v3/toolchain/bin/../lib/gcc/arm-none-eabi/4.8.4/armv6-m/crti.o
 .ARM.attributes
                0x0000001e       0x2c /opt/Freescale/KDS_v3/toolchain/bin/../lib/gcc/arm-none-eabi/4.8.4/armv6-m/crtbegin.o
 .ARM.attributes
                0x0000004a       0x1b /opt/Freescale/KDS_v3/toolchain/bin/../lib/gcc/arm-none-eabi/4.8.4/../../../../arm-none-eabi/lib/armv6-m/crt0.o
 .ARM.attributes
                0x00000065       0x32 ./Sources/BatteryController.o
 .ARM.attributes
                0x00000097       0x32 ./Sources/CameraController.o
 .ARM.attributes
                0x000000c9       0x32 ./Sources/Events.o
 .ARM.attributes
                0x000000fb       0x32 ./Sources/SerialCommunication.o
 .ARM.attributes
                0x0000012d       0x32 ./Sources/main.o
 .ARM.attributes
                0x0000015f       0x32 ./Project_Settings/Startup_Code/startup.o
 .ARM.attributes
                0x00000191       0x32 ./Generated_Code/AD_Converter.o
 .ARM.attributes
                0x000001c3       0x32 ./Generated_Code/AdcLdd1.o
 .ARM.attributes
                0x000001f5       0x32 ./Generated_Code/BitIoLdd1.o
 .ARM.attributes
                0x00000227       0x32 ./Generated_Code/BitIoLdd10.o
 .ARM.attributes
                0x00000259       0x32 ./Generated_Code/BitIoLdd11.o
 .ARM.attributes
                0x0000028b       0x32 ./Generated_Code/BitIoLdd2.o
 .ARM.attributes
                0x000002bd       0x32 ./Generated_Code/BitIoLdd3.o
 .ARM.attributes
                0x000002ef       0x32 ./Generated_Code/BitIoLdd4.o
 .ARM.attributes
                0x00000321       0x32 ./Generated_Code/BitIoLdd5.o
 .ARM.attributes
                0x00000353       0x32 ./Generated_Code/BitIoLdd6.o
 .ARM.attributes
                0x00000385       0x32 ./Generated_Code/BitIoLdd7.o
 .ARM.attributes
                0x000003b7       0x32 ./Generated_Code/BitIoLdd8.o
 .ARM.attributes
                0x000003e9       0x32 ./Generated_Code/BitIoLdd9.o
 .ARM.attributes
                0x0000041b       0x32 ./Generated_Code/Camera_CLK_Interruption.o
 .ARM.attributes
                0x0000044d       0x32 ./Generated_Code/Cpu.o
 .ARM.attributes
                0x0000047f       0x32 ./Generated_Code/PE_LDD.o
 .ARM.attributes
                0x000004b1       0x32 ./Generated_Code/PwmLdd1.o
 .ARM.attributes
                0x000004e3       0x32 ./Generated_Code/PwmLdd2.o
 .ARM.attributes
                0x00000515       0x32 ./Generated_Code/PwmLdd3.o
 .ARM.attributes
                0x00000547       0x32 ./Generated_Code/PwmLdd4.o
 .ARM.attributes
                0x00000579       0x32 ./Generated_Code/PwmLdd5.o
 .ARM.attributes
                0x000005ab       0x32 ./Generated_Code/SerialCom.o
 .ARM.attributes
                0x000005dd       0x32 ./Generated_Code/TU1.o
 .ARM.attributes
                0x0000060f       0x32 ./Generated_Code/TU2.o
 .ARM.attributes
                0x00000641       0x32 ./Generated_Code/TU3.o
 .ARM.attributes
                0x00000673       0x32 ./Generated_Code/TimerIntLdd1.o
 .ARM.attributes
                0x000006a5       0x32 ./Generated_Code/Vectors.o
 .ARM.attributes
                0x000006d7       0x1e /opt/Freescale/KDS_v3/toolchain/bin/../lib/gcc/arm-none-eabi/4.8.4/armv6-m/libgcc.a(_udivsi3.o)
 .ARM.attributes
                0x000006f5       0x1e /opt/Freescale/KDS_v3/toolchain/bin/../lib/gcc/arm-none-eabi/4.8.4/armv6-m/libgcc.a(_divsi3.o)
 .ARM.attributes
                0x00000713       0x1e /opt/Freescale/KDS_v3/toolchain/bin/../lib/gcc/arm-none-eabi/4.8.4/armv6-m/libgcc.a(_dvmd_tls.o)
 .ARM.attributes
                0x00000731       0x1e /opt/Freescale/KDS_v3/toolchain/bin/../lib/gcc/arm-none-eabi/4.8.4/armv6-m/libgcc.a(_arm_cmpdf2.o)
 .ARM.attributes
                0x0000074f       0x1e /opt/Freescale/KDS_v3/toolchain/bin/../lib/gcc/arm-none-eabi/4.8.4/armv6-m/libgcc.a(_arm_cmpsf2.o)
 .ARM.attributes
                0x0000076d       0x2c /opt/Freescale/KDS_v3/toolchain/bin/../lib/gcc/arm-none-eabi/4.8.4/armv6-m/libgcc.a(addsf3.o)
 .ARM.attributes
                0x00000799       0x2c /opt/Freescale/KDS_v3/toolchain/bin/../lib/gcc/arm-none-eabi/4.8.4/armv6-m/libgcc.a(divsf3.o)
 .ARM.attributes
                0x000007c5       0x2c /opt/Freescale/KDS_v3/toolchain/bin/../lib/gcc/arm-none-eabi/4.8.4/armv6-m/libgcc.a(eqsf2.o)
 .ARM.attributes
                0x000007f1       0x2c /opt/Freescale/KDS_v3/toolchain/bin/../lib/gcc/arm-none-eabi/4.8.4/armv6-m/libgcc.a(gesf2.o)
 .ARM.attributes
                0x0000081d       0x2c /opt/Freescale/KDS_v3/toolchain/bin/../lib/gcc/arm-none-eabi/4.8.4/armv6-m/libgcc.a(lesf2.o)
 .ARM.attributes
                0x00000849       0x2c /opt/Freescale/KDS_v3/toolchain/bin/../lib/gcc/arm-none-eabi/4.8.4/armv6-m/libgcc.a(floatunsisf.o)
 .ARM.attributes
                0x00000875       0x2c /opt/Freescale/KDS_v3/toolchain/bin/../lib/gcc/arm-none-eabi/4.8.4/armv6-m/libgcc.a(eqdf2.o)
 .ARM.attributes
                0x000008a1       0x2c /opt/Freescale/KDS_v3/toolchain/bin/../lib/gcc/arm-none-eabi/4.8.4/armv6-m/libgcc.a(gedf2.o)
 .ARM.attributes
                0x000008cd       0x2c /opt/Freescale/KDS_v3/toolchain/bin/../lib/gcc/arm-none-eabi/4.8.4/armv6-m/libgcc.a(ledf2.o)
 .ARM.attributes
                0x000008f9       0x2c /opt/Freescale/KDS_v3/toolchain/bin/../lib/gcc/arm-none-eabi/4.8.4/armv6-m/libgcc.a(muldf3.o)
 .ARM.attributes
                0x00000925       0x2c /opt/Freescale/KDS_v3/toolchain/bin/../lib/gcc/arm-none-eabi/4.8.4/armv6-m/libgcc.a(extendsfdf2.o)
 .ARM.attributes
                0x00000951       0x2c /opt/Freescale/KDS_v3/toolchain/bin/../lib/gcc/arm-none-eabi/4.8.4/armv6-m/libgcc.a(truncdfsf2.o)
 .ARM.attributes
                0x0000097d       0x1e /opt/Freescale/KDS_v3/toolchain/bin/../lib/gcc/arm-none-eabi/4.8.4/armv6-m/libgcc.a(_clzsi2.o)
 .ARM.attributes
                0x0000099b       0x2c /opt/Freescale/KDS_v3/toolchain/bin/../lib/gcc/arm-none-eabi/4.8.4/../../../../arm-none-eabi/lib/armv6-m/libg_s.a(lib_a-exit.o)
 .ARM.attributes
                0x000009c7       0x2c /opt/Freescale/KDS_v3/toolchain/bin/../lib/gcc/arm-none-eabi/4.8.4/../../../../arm-none-eabi/lib/armv6-m/libg_s.a(lib_a-impure.o)
 .ARM.attributes
                0x000009f3       0x2c /opt/Freescale/KDS_v3/toolchain/bin/../lib/gcc/arm-none-eabi/4.8.4/../../../../arm-none-eabi/lib/armv6-m/libg_s.a(lib_a-init.o)
 .ARM.attributes
                0x00000a1f       0x2c /opt/Freescale/KDS_v3/toolchain/bin/../lib/gcc/arm-none-eabi/4.8.4/../../../../arm-none-eabi/lib/armv6-m/libg_s.a(lib_a-memset.o)
 .ARM.attributes
                0x00000a4b       0x2c /opt/Freescale/KDS_v3/toolchain/bin/../lib/gcc/arm-none-eabi/4.8.4/../../../../arm-none-eabi/lib/armv6-m/libnosys.a(_exit.o)
 .ARM.attributes
                0x00000a77       0x1e /opt/Freescale/KDS_v3/toolchain/bin/../lib/gcc/arm-none-eabi/4.8.4/armv6-m/crtn.o
OUTPUT(SDP_2016.elf elf32-littlearm)

.debug_info     0x00000000     0x77b4
 .debug_info    0x00000000      0x1b0 ./Sources/BatteryController.o
 .debug_info    0x000001b0      0x1ea ./Sources/CameraController.o
 .debug_info    0x0000039a      0x279 ./Sources/Events.o
 .debug_info    0x00000613      0x2bd ./Sources/SerialCommunication.o
 .debug_info    0x000008d0      0x1fa ./Sources/main.o
 .debug_info    0x00000aca      0x20a ./Project_Settings/Startup_Code/startup.o
 .debug_info    0x00000cd4      0x3e3 ./Generated_Code/AD_Converter.o
 .debug_info    0x000010b7      0x8da ./Generated_Code/AdcLdd1.o
 .debug_info    0x00001991      0x3a7 ./Generated_Code/BitIoLdd1.o
 .debug_info    0x00001d38      0x381 ./Generated_Code/BitIoLdd10.o
 .debug_info    0x000020b9      0x381 ./Generated_Code/BitIoLdd11.o
 .debug_info    0x0000243a      0x3a7 ./Generated_Code/BitIoLdd2.o
 .debug_info    0x000027e1      0x307 ./Generated_Code/BitIoLdd3.o
 .debug_info    0x00002ae8      0x30e ./Generated_Code/BitIoLdd4.o
 .debug_info    0x00002df6      0x332 ./Generated_Code/BitIoLdd5.o
 .debug_info    0x00003128      0x332 ./Generated_Code/BitIoLdd6.o
 .debug_info    0x0000345a      0x332 ./Generated_Code/BitIoLdd7.o
 .debug_info    0x0000378c      0x332 ./Generated_Code/BitIoLdd8.o
 .debug_info    0x00003abe      0x381 ./Generated_Code/BitIoLdd9.o
 .debug_info    0x00003e3f      0x1b7 ./Generated_Code/Camera_CLK_Interruption.o
 .debug_info    0x00003ff6      0x943 ./Generated_Code/Cpu.o
 .debug_info    0x00004939      0x251 ./Generated_Code/PE_LDD.o
 .debug_info    0x00004b8a      0x231 ./Generated_Code/PwmLdd1.o
 .debug_info    0x00004dbb      0x231 ./Generated_Code/PwmLdd2.o
 .debug_info    0x00004fec      0x231 ./Generated_Code/PwmLdd3.o
 .debug_info    0x0000521d      0x231 ./Generated_Code/PwmLdd4.o
 .debug_info    0x0000544e      0x346 ./Generated_Code/PwmLdd5.o
 .debug_info    0x00005794      0x879 ./Generated_Code/SerialCom.o
 .debug_info    0x0000600d      0x5af ./Generated_Code/TU1.o
 .debug_info    0x000065bc      0x69f ./Generated_Code/TU2.o
 .debug_info    0x00006c5b      0x745 ./Generated_Code/TU3.o
 .debug_info    0x000073a0      0x205 ./Generated_Code/TimerIntLdd1.o
 .debug_info    0x000075a5      0x20f ./Generated_Code/Vectors.o

.debug_abbrev   0x00000000     0x2666
 .debug_abbrev  0x00000000       0xd4 ./Sources/BatteryController.o
 .debug_abbrev  0x000000d4      0x117 ./Sources/CameraController.o
 .debug_abbrev  0x000001eb      0x12a ./Sources/Events.o
 .debug_abbrev  0x00000315      0x10f ./Sources/SerialCommunication.o
 .debug_abbrev  0x00000424       0xd1 ./Sources/main.o
 .debug_abbrev  0x000004f5      0x11e ./Project_Settings/Startup_Code/startup.o
 .debug_abbrev  0x00000613      0x190 ./Generated_Code/AD_Converter.o
 .debug_abbrev  0x000007a3      0x1e3 ./Generated_Code/AdcLdd1.o
 .debug_abbrev  0x00000986      0x15f ./Generated_Code/BitIoLdd1.o
 .debug_abbrev  0x00000ae5      0x136 ./Generated_Code/BitIoLdd10.o
 .debug_abbrev  0x00000c1b      0x136 ./Generated_Code/BitIoLdd11.o
 .debug_abbrev  0x00000d51      0x15f ./Generated_Code/BitIoLdd2.o
 .debug_abbrev  0x00000eb0      0x10d ./Generated_Code/BitIoLdd3.o
 .debug_abbrev  0x00000fbd      0x127 ./Generated_Code/BitIoLdd4.o
 .debug_abbrev  0x000010e4      0x127 ./Generated_Code/BitIoLdd5.o
 .debug_abbrev  0x0000120b      0x127 ./Generated_Code/BitIoLdd6.o
 .debug_abbrev  0x00001332      0x127 ./Generated_Code/BitIoLdd7.o
 .debug_abbrev  0x00001459      0x127 ./Generated_Code/BitIoLdd8.o
 .debug_abbrev  0x00001580      0x136 ./Generated_Code/BitIoLdd9.o
 .debug_abbrev  0x000016b6       0xa1 ./Generated_Code/Camera_CLK_Interruption.o
 .debug_abbrev  0x00001757      0x160 ./Generated_Code/Cpu.o
 .debug_abbrev  0x000018b7      0x10d ./Generated_Code/PE_LDD.o
 .debug_abbrev  0x000019c4       0xdb ./Generated_Code/PwmLdd1.o
 .debug_abbrev  0x00001a9f       0xdb ./Generated_Code/PwmLdd2.o
 .debug_abbrev  0x00001b7a       0xdb ./Generated_Code/PwmLdd3.o
 .debug_abbrev  0x00001c55       0xdb ./Generated_Code/PwmLdd4.o
 .debug_abbrev  0x00001d30      0x122 ./Generated_Code/PwmLdd5.o
 .debug_abbrev  0x00001e52      0x1f2 ./Generated_Code/SerialCom.o
 .debug_abbrev  0x00002044      0x16a ./Generated_Code/TU1.o
 .debug_abbrev  0x000021ae      0x198 ./Generated_Code/TU2.o
 .debug_abbrev  0x00002346      0x198 ./Generated_Code/TU3.o
 .debug_abbrev  0x000024de       0xdd ./Generated_Code/TimerIntLdd1.o
 .debug_abbrev  0x000025bb       0xab ./Generated_Code/Vectors.o

.debug_aranges  0x00000000      0x7b0
 .debug_aranges
                0x00000000       0x30 ./Sources/BatteryController.o
 .debug_aranges
                0x00000030       0x30 ./Sources/CameraController.o
 .debug_aranges
                0x00000060       0x38 ./Sources/Events.o
 .debug_aranges
                0x00000098       0x50 ./Sources/SerialCommunication.o
 .debug_aranges
                0x000000e8       0x20 ./Sources/main.o
 .debug_aranges
                0x00000108       0x50 ./Project_Settings/Startup_Code/startup.o
 .debug_aranges
                0x00000158       0x60 ./Generated_Code/AD_Converter.o
 .debug_aranges
                0x000001b8       0x60 ./Generated_Code/AdcLdd1.o
 .debug_aranges
                0x00000218       0x48 ./Generated_Code/BitIoLdd1.o
 .debug_aranges
                0x00000260       0x40 ./Generated_Code/BitIoLdd10.o
 .debug_aranges
                0x000002a0       0x40 ./Generated_Code/BitIoLdd11.o
 .debug_aranges
                0x000002e0       0x48 ./Generated_Code/BitIoLdd2.o
 .debug_aranges
                0x00000328       0x28 ./Generated_Code/BitIoLdd3.o
 .debug_aranges
                0x00000350       0x30 ./Generated_Code/BitIoLdd4.o
 .debug_aranges
                0x00000380       0x38 ./Generated_Code/BitIoLdd5.o
 .debug_aranges
                0x000003b8       0x38 ./Generated_Code/BitIoLdd6.o
 .debug_aranges
                0x000003f0       0x38 ./Generated_Code/BitIoLdd7.o
 .debug_aranges
                0x00000428       0x38 ./Generated_Code/BitIoLdd8.o
 .debug_aranges
                0x00000460       0x40 ./Generated_Code/BitIoLdd9.o
 .debug_aranges
                0x000004a0       0x20 ./Generated_Code/Camera_CLK_Interruption.o
 .debug_aranges
                0x000004c0       0x38 ./Generated_Code/Cpu.o
 .debug_aranges
                0x000004f8       0x30 ./Generated_Code/PE_LDD.o
 .debug_aranges
                0x00000528       0x30 ./Generated_Code/PwmLdd1.o
 .debug_aranges
                0x00000558       0x30 ./Generated_Code/PwmLdd2.o
 .debug_aranges
                0x00000588       0x30 ./Generated_Code/PwmLdd3.o
 .debug_aranges
                0x000005b8       0x30 ./Generated_Code/PwmLdd4.o
 .debug_aranges
                0x000005e8       0x50 ./Generated_Code/PwmLdd5.o
 .debug_aranges
                0x00000638       0x48 ./Generated_Code/SerialCom.o
 .debug_aranges
                0x00000680       0x38 ./Generated_Code/TU1.o
 .debug_aranges
                0x000006b8       0x48 ./Generated_Code/TU2.o
 .debug_aranges
                0x00000700       0x60 ./Generated_Code/TU3.o
 .debug_aranges
                0x00000760       0x38 ./Generated_Code/TimerIntLdd1.o
 .debug_aranges
                0x00000798       0x18 ./Generated_Code/Vectors.o

.debug_ranges   0x00000000      0x598
 .debug_ranges  0x00000000       0x20 ./Sources/BatteryController.o
 .debug_ranges  0x00000020       0x20 ./Sources/CameraController.o
 .debug_ranges  0x00000040       0x28 ./Sources/Events.o
 .debug_ranges  0x00000068       0x40 ./Sources/SerialCommunication.o
 .debug_ranges  0x000000a8       0x10 ./Sources/main.o
 .debug_ranges  0x000000b8       0x40 ./Project_Settings/Startup_Code/startup.o
 .debug_ranges  0x000000f8       0x50 ./Generated_Code/AD_Converter.o
 .debug_ranges  0x00000148       0x50 ./Generated_Code/AdcLdd1.o
 .debug_ranges  0x00000198       0x38 ./Generated_Code/BitIoLdd1.o
 .debug_ranges  0x000001d0       0x30 ./Generated_Code/BitIoLdd10.o
 .debug_ranges  0x00000200       0x30 ./Generated_Code/BitIoLdd11.o
 .debug_ranges  0x00000230       0x38 ./Generated_Code/BitIoLdd2.o
 .debug_ranges  0x00000268       0x18 ./Generated_Code/BitIoLdd3.o
 .debug_ranges  0x00000280       0x20 ./Generated_Code/BitIoLdd4.o
 .debug_ranges  0x000002a0       0x28 ./Generated_Code/BitIoLdd5.o
 .debug_ranges  0x000002c8       0x28 ./Generated_Code/BitIoLdd6.o
 .debug_ranges  0x000002f0       0x28 ./Generated_Code/BitIoLdd7.o
 .debug_ranges  0x00000318       0x28 ./Generated_Code/BitIoLdd8.o
 .debug_ranges  0x00000340       0x30 ./Generated_Code/BitIoLdd9.o
 .debug_ranges  0x00000370       0x10 ./Generated_Code/Camera_CLK_Interruption.o
 .debug_ranges  0x00000380       0x28 ./Generated_Code/Cpu.o
 .debug_ranges  0x000003a8       0x20 ./Generated_Code/PE_LDD.o
 .debug_ranges  0x000003c8       0x20 ./Generated_Code/PwmLdd1.o
 .debug_ranges  0x000003e8       0x20 ./Generated_Code/PwmLdd2.o
 .debug_ranges  0x00000408       0x20 ./Generated_Code/PwmLdd3.o
 .debug_ranges  0x00000428       0x20 ./Generated_Code/PwmLdd4.o
 .debug_ranges  0x00000448       0x40 ./Generated_Code/PwmLdd5.o
 .debug_ranges  0x00000488       0x38 ./Generated_Code/SerialCom.o
 .debug_ranges  0x000004c0       0x28 ./Generated_Code/TU1.o
 .debug_ranges  0x000004e8       0x38 ./Generated_Code/TU2.o
 .debug_ranges  0x00000520       0x50 ./Generated_Code/TU3.o
 .debug_ranges  0x00000570       0x28 ./Generated_Code/TimerIntLdd1.o

.debug_macro    0x00000000    0x150da
 .debug_macro   0x00000000      0x169 ./Sources/BatteryController.o
 .debug_macro   0x00000169      0x802 ./Sources/BatteryController.o
 .debug_macro   0x0000096b       0x16 ./Sources/BatteryController.o
 .debug_macro   0x00000981       0x44 ./Sources/BatteryController.o
 .debug_macro   0x000009c5      0x209 ./Sources/BatteryController.o
 .debug_macro   0x00000bce     0x1602 ./Sources/BatteryController.o
 .debug_macro   0x000021d0      0x14e ./Sources/BatteryController.o
 .debug_macro   0x0000231e       0x64 ./Sources/BatteryController.o
 .debug_macro   0x00002382     0x6691 ./Sources/BatteryController.o
 .debug_macro   0x00008a13       0x94 ./Sources/BatteryController.o
 .debug_macro   0x00008aa7      0x12c ./Sources/BatteryController.o
 .debug_macro   0x00008bd3       0x9a ./Sources/BatteryController.o
 .debug_macro   0x00008c6d       0x3a ./Sources/BatteryController.o
 .debug_macro   0x00008ca7       0x17 ./Sources/BatteryController.o
 .debug_macro   0x00008cbe       0x40 ./Sources/BatteryController.o
 .debug_macro   0x00008cfe       0x17 ./Sources/BatteryController.o
 .debug_macro   0x00008d15       0x40 ./Sources/BatteryController.o
 .debug_macro   0x00008d55       0x17 ./Sources/BatteryController.o
 .debug_macro   0x00008d6c       0x40 ./Sources/BatteryController.o
 .debug_macro   0x00008dac       0x17 ./Sources/BatteryController.o
 .debug_macro   0x00008dc3      0x61c ./Sources/BatteryController.o
 .debug_macro   0x000093df       0x89 ./Sources/BatteryController.o
 .debug_macro   0x00009468       0x10 ./Sources/BatteryController.o
 .debug_macro   0x00009478       0x49 ./Sources/BatteryController.o
 .debug_macro   0x000094c1       0x10 ./Sources/BatteryController.o
 .debug_macro   0x000094d1       0xea ./Sources/CameraController.o
 .debug_macro   0x000095bb       0xb5 ./Sources/CameraController.o
 .debug_macro   0x00009670       0x5a ./Sources/CameraController.o
 .debug_macro   0x000096ca       0x29 ./Sources/CameraController.o
 .debug_macro   0x000096f3       0x11 ./Sources/CameraController.o
 .debug_macro   0x00009704      0x353 ./Sources/Events.o
 .debug_macro   0x00009a57       0x94 ./Sources/Events.o
 .debug_macro   0x00009aeb       0x46 ./Sources/Events.o
 .debug_macro   0x00009b31       0x26 ./Sources/Events.o
 .debug_macro   0x00009b57       0x4c ./Sources/Events.o
 .debug_macro   0x00009ba3       0x26 ./Sources/Events.o
 .debug_macro   0x00009bc9       0xbb ./Sources/Events.o
 .debug_macro   0x00009c84       0x3a ./Sources/Events.o
 .debug_macro   0x00009cbe       0x10 ./Sources/Events.o
 .debug_macro   0x00009cce      0x1dc ./Sources/Events.o
 .debug_macro   0x00009eaa       0x89 ./Sources/Events.o
 .debug_macro   0x00009f33       0x28 ./Sources/Events.o
 .debug_macro   0x00009f5b       0x17 ./Sources/Events.o
 .debug_macro   0x00009f72       0x2e ./Sources/Events.o
 .debug_macro   0x00009fa0       0x17 ./Sources/Events.o
 .debug_macro   0x00009fb7       0x2e ./Sources/Events.o
 .debug_macro   0x00009fe5       0x17 ./Sources/Events.o
 .debug_macro   0x00009ffc       0x2e ./Sources/Events.o
 .debug_macro   0x0000a02a       0x17 ./Sources/Events.o
 .debug_macro   0x0000a041       0x8f ./Sources/Events.o
 .debug_macro   0x0000a0d0       0x46 ./Sources/Events.o
 .debug_macro   0x0000a116       0x32 ./Sources/Events.o
 .debug_macro   0x0000a148       0x34 ./Sources/Events.o
 .debug_macro   0x0000a17c       0x40 ./Sources/Events.o
 .debug_macro   0x0000a1bc       0x46 ./Sources/Events.o
 .debug_macro   0x0000a202       0x1f ./Sources/Events.o
 .debug_macro   0x0000a221       0x46 ./Sources/Events.o
 .debug_macro   0x0000a267       0x1f ./Sources/Events.o
 .debug_macro   0x0000a286       0x46 ./Sources/Events.o
 .debug_macro   0x0000a2cc       0x1f ./Sources/Events.o
 .debug_macro   0x0000a2eb       0x16 ./Sources/Events.o
 .debug_macro   0x0000a301       0xa7 ./Sources/SerialCommunication.o
 .debug_macro   0x0000a3a8       0x43 ./Sources/SerialCommunication.o
 .debug_macro   0x0000a3eb      0x366 ./Sources/main.o
 .debug_macro   0x0000a751       0x22 ./Sources/main.o
 .debug_macro   0x0000a773      0x121 ./Project_Settings/Startup_Code/startup.o
 .debug_macro   0x0000a894       0x58 ./Project_Settings/Startup_Code/startup.o
 .debug_macro   0x0000a8ec       0x35 ./Project_Settings/Startup_Code/startup.o
 .debug_macro   0x0000a921       0xa3 ./Project_Settings/Startup_Code/startup.o
 .debug_macro   0x0000a9c4      0x166 ./Project_Settings/Startup_Code/startup.o
 .debug_macro   0x0000ab2a       0x4a ./Project_Settings/Startup_Code/startup.o
 .debug_macro   0x0000ab74       0x52 ./Project_Settings/Startup_Code/startup.o
 .debug_macro   0x0000abc6       0x16 ./Project_Settings/Startup_Code/startup.o
 .debug_macro   0x0000abdc       0x43 ./Project_Settings/Startup_Code/startup.o
 .debug_macro   0x0000ac1f      0x180 ./Project_Settings/Startup_Code/startup.o
 .debug_macro   0x0000ad9f      0x2a6 ./Project_Settings/Startup_Code/startup.o
 .debug_macro   0x0000b045       0x10 ./Project_Settings/Startup_Code/startup.o
 .debug_macro   0x0000b055       0x35 ./Project_Settings/Startup_Code/startup.o
 .debug_macro   0x0000b08a       0x16 ./Project_Settings/Startup_Code/startup.o
 .debug_macro   0x0000b0a0       0x22 ./Project_Settings/Startup_Code/startup.o
 .debug_macro   0x0000b0c2       0x10 ./Project_Settings/Startup_Code/startup.o
 .debug_macro   0x0000b0d2      0x20f ./Project_Settings/Startup_Code/startup.o
 .debug_macro   0x0000b2e1     0x6685 ./Project_Settings/Startup_Code/startup.o
 .debug_macro   0x00011966      0x36b ./Generated_Code/AD_Converter.o
 .debug_macro   0x00011cd1       0xd3 ./Generated_Code/AdcLdd1.o
 .debug_macro   0x00011da4      0x616 ./Generated_Code/AdcLdd1.o
 .debug_macro   0x000123ba       0xa6 ./Generated_Code/BitIoLdd1.o
 .debug_macro   0x00012460       0xa6 ./Generated_Code/BitIoLdd10.o
 .debug_macro   0x00012506       0x40 ./Generated_Code/BitIoLdd10.o
 .debug_macro   0x00012546       0xa6 ./Generated_Code/BitIoLdd11.o
 .debug_macro   0x000125ec       0x40 ./Generated_Code/BitIoLdd11.o
 .debug_macro   0x0001262c       0xa6 ./Generated_Code/BitIoLdd2.o
 .debug_macro   0x000126d2       0x46 ./Generated_Code/BitIoLdd2.o
 .debug_macro   0x00012718       0xa6 ./Generated_Code/BitIoLdd3.o
 .debug_macro   0x000127be       0x2e ./Generated_Code/BitIoLdd3.o
 .debug_macro   0x000127ec       0xa6 ./Generated_Code/BitIoLdd4.o
 .debug_macro   0x00012892       0xa6 ./Generated_Code/BitIoLdd5.o
 .debug_macro   0x00012938       0xa6 ./Generated_Code/BitIoLdd6.o
 .debug_macro   0x000129de       0x3a ./Generated_Code/BitIoLdd6.o
 .debug_macro   0x00012a18       0xa6 ./Generated_Code/BitIoLdd7.o
 .debug_macro   0x00012abe       0x3a ./Generated_Code/BitIoLdd7.o
 .debug_macro   0x00012af8       0xa6 ./Generated_Code/BitIoLdd8.o
 .debug_macro   0x00012b9e       0x3a ./Generated_Code/BitIoLdd8.o
 .debug_macro   0x00012bd8       0xa6 ./Generated_Code/BitIoLdd9.o
 .debug_macro   0x00012c7e       0x40 ./Generated_Code/BitIoLdd9.o
 .debug_macro   0x00012cbe      0x34d ./Generated_Code/Camera_CLK_Interruption.o
 .debug_macro   0x0001300b      0x3a9 ./Generated_Code/Cpu.o
 .debug_macro   0x000133b4      0x2be ./Generated_Code/PE_LDD.o
 .debug_macro   0x00013672       0xbe ./Generated_Code/PwmLdd1.o
 .debug_macro   0x00013730       0xbe ./Generated_Code/PwmLdd2.o
 .debug_macro   0x000137ee       0xbe ./Generated_Code/PwmLdd3.o
 .debug_macro   0x000138ac       0xbe ./Generated_Code/PwmLdd4.o
 .debug_macro   0x0001396a       0xbb ./Generated_Code/PwmLdd5.o
 .debug_macro   0x00013a25      0x386 ./Generated_Code/SerialCom.o
 .debug_macro   0x00013dab      0x303 ./Generated_Code/SerialCom.o
 .debug_macro   0x000140ae      0x99c ./Generated_Code/SerialCom.o
 .debug_macro   0x00014a4a       0xbb ./Generated_Code/TU1.o
 .debug_macro   0x00014b05       0xbc ./Generated_Code/TU2.o
 .debug_macro   0x00014bc1       0xb4 ./Generated_Code/TU3.o
 .debug_macro   0x00014c75       0xca ./Generated_Code/TimerIntLdd1.o
 .debug_macro   0x00014d3f      0x39b ./Generated_Code/Vectors.o

.debug_line     0x00000000     0x8228
 .debug_line    0x00000000      0x41a ./Sources/BatteryController.o
 .debug_line    0x0000041a      0x388 ./Sources/CameraController.o
 .debug_line    0x000007a2      0x614 ./Sources/Events.o
 .debug_line    0x00000db6      0x34e ./Sources/SerialCommunication.o
 .debug_line    0x00001104      0x5f5 ./Sources/main.o
 .debug_line    0x000016f9      0x3e8 ./Project_Settings/Startup_Code/startup.o
 .debug_line    0x00001ae1      0x6e4 ./Generated_Code/AD_Converter.o
 .debug_line    0x000021c5      0x39a ./Generated_Code/AdcLdd1.o
 .debug_line    0x0000255f      0x2e8 ./Generated_Code/BitIoLdd1.o
 .debug_line    0x00002847      0x2d8 ./Generated_Code/BitIoLdd10.o
 .debug_line    0x00002b1f      0x2d8 ./Generated_Code/BitIoLdd11.o
 .debug_line    0x00002df7      0x2e8 ./Generated_Code/BitIoLdd2.o
 .debug_line    0x000030df      0x29d ./Generated_Code/BitIoLdd3.o
 .debug_line    0x0000337c      0x2ae ./Generated_Code/BitIoLdd4.o
 .debug_line    0x0000362a      0x2c0 ./Generated_Code/BitIoLdd5.o
 .debug_line    0x000038ea      0x2c0 ./Generated_Code/BitIoLdd6.o
 .debug_line    0x00003baa      0x2c0 ./Generated_Code/BitIoLdd7.o
 .debug_line    0x00003e6a      0x2c0 ./Generated_Code/BitIoLdd8.o
 .debug_line    0x0000412a      0x2d6 ./Generated_Code/BitIoLdd9.o
 .debug_line    0x00004400      0x613 ./Generated_Code/Camera_CLK_Interruption.o
 .debug_line    0x00004a13      0x8e6 ./Generated_Code/Cpu.o
 .debug_line    0x000052f9      0x549 ./Generated_Code/PE_LDD.o
 .debug_line    0x00005842      0x2be ./Generated_Code/PwmLdd1.o
 .debug_line    0x00005b00      0x2be ./Generated_Code/PwmLdd2.o
 .debug_line    0x00005dbe      0x2be ./Generated_Code/PwmLdd3.o
 .debug_line    0x0000607c      0x2be ./Generated_Code/PwmLdd4.o
 .debug_line    0x0000633a      0x31f ./Generated_Code/PwmLdd5.o
 .debug_line    0x00006659      0x711 ./Generated_Code/SerialCom.o
 .debug_line    0x00006d6a      0x2dc ./Generated_Code/TU1.o
 .debug_line    0x00007046      0x32b ./Generated_Code/TU2.o
 .debug_line    0x00007371      0x357 ./Generated_Code/TU3.o
 .debug_line    0x000076c8      0x2f7 ./Generated_Code/TimerIntLdd1.o
 .debug_line    0x000079bf      0x869 ./Generated_Code/Vectors.o

.debug_str      0x00000000    0x45418
 .debug_str     0x00000000    0x32089 ./Sources/BatteryController.o
                              0x32485 (size before relaxing)
 .debug_str     0x00032089      0xeee ./Sources/CameraController.o
                              0x2d2dd (size before relaxing)
 .debug_str     0x00032f77     0x3b0f ./Sources/Events.o
                              0x36daf (size before relaxing)
 .debug_str     0x00036a86      0x100 ./Sources/SerialCommunication.o
                              0x2bfcf (size before relaxing)
 .debug_str     0x00036b86       0x99 ./Sources/main.o
                              0x36d58 (size before relaxing)
 .debug_str     0x00036c1f     0x25f0 ./Project_Settings/Startup_Code/startup.o
                              0x27318 (size before relaxing)
 .debug_str     0x0003920f      0x1be ./Generated_Code/AD_Converter.o
                              0x36eb2 (size before relaxing)
 .debug_str     0x000393cd      0x4cd ./Generated_Code/AdcLdd1.o
                              0x3162f (size before relaxing)
 .debug_str     0x0003989a       0xf5 ./Generated_Code/BitIoLdd1.o
                              0x2ce22 (size before relaxing)
 .debug_str     0x0003998f       0xa8 ./Generated_Code/BitIoLdd10.o
                              0x2ce04 (size before relaxing)
 .debug_str     0x00039a37       0xa8 ./Generated_Code/BitIoLdd11.o
                              0x2ce04 (size before relaxing)
 .debug_str     0x00039adf       0xb1 ./Generated_Code/BitIoLdd2.o
                              0x2ce22 (size before relaxing)
 .debug_str     0x00039b90       0x6d ./Generated_Code/BitIoLdd3.o
                              0x2cd60 (size before relaxing)
 .debug_str     0x00039bfd       0x7e ./Generated_Code/BitIoLdd4.o
                              0x2cd84 (size before relaxing)
 .debug_str     0x00039c7b       0x8f ./Generated_Code/BitIoLdd5.o
                              0x2cdb2 (size before relaxing)
 .debug_str     0x00039d0a       0x8f ./Generated_Code/BitIoLdd6.o
                              0x2cdb2 (size before relaxing)
 .debug_str     0x00039d99       0x8f ./Generated_Code/BitIoLdd7.o
                              0x2cdb2 (size before relaxing)
 .debug_str     0x00039e28       0x8f ./Generated_Code/BitIoLdd8.o
                              0x2cdb2 (size before relaxing)
 .debug_str     0x00039eb7       0xa0 ./Generated_Code/BitIoLdd9.o
                              0x2cdf6 (size before relaxing)
 .debug_str     0x00039f57       0x45 ./Generated_Code/Camera_CLK_Interruption.o
                              0x36cf8 (size before relaxing)
 .debug_str     0x00039f9c      0x19c ./Generated_Code/Cpu.o
                              0x36fbb (size before relaxing)
 .debug_str     0x0003a138      0x17e ./Generated_Code/PE_LDD.o
                              0x36d40 (size before relaxing)
 .debug_str     0x0003a2b6       0x8a ./Generated_Code/PwmLdd1.o
                              0x2e06f (size before relaxing)
 .debug_str     0x0003a340       0x5d ./Generated_Code/PwmLdd2.o
                              0x2e06f (size before relaxing)
 .debug_str     0x0003a39d       0x5d ./Generated_Code/PwmLdd3.o
                              0x2e06f (size before relaxing)
 .debug_str     0x0003a3fa       0x4f ./Generated_Code/PwmLdd4.o
                              0x2e06f (size before relaxing)
 .debug_str     0x0003a449       0xae ./Generated_Code/PwmLdd5.o
                              0x2e149 (size before relaxing)
 .debug_str     0x0003a4f7     0xa9f9 ./Generated_Code/SerialCom.o
                              0x418ed (size before relaxing)
 .debug_str     0x00044ef0      0x121 ./Generated_Code/TU1.o
                              0x2d287 (size before relaxing)
 .debug_str     0x00045011      0x1f8 ./Generated_Code/TU2.o
                              0x2e1e5 (size before relaxing)
 .debug_str     0x00045209      0x127 ./Generated_Code/TU3.o
                              0x2e1d8 (size before relaxing)
 .debug_str     0x00045330       0xcc ./Generated_Code/TimerIntLdd1.o
                              0x2d1d6 (size before relaxing)
 .debug_str     0x000453fc       0x1c ./Generated_Code/Vectors.o
                              0x36d02 (size before relaxing)

.comment        0x00000000       0x70
 .comment       0x00000000       0x70 ./Sources/BatteryController.o
                                 0x71 (size before relaxing)
 .comment       0x00000000       0x71 ./Sources/CameraController.o
 .comment       0x00000000       0x71 ./Sources/Events.o
 .comment       0x00000000       0x71 ./Sources/SerialCommunication.o
 .comment       0x00000000       0x71 ./Sources/main.o
 .comment       0x00000000       0x71 ./Project_Settings/Startup_Code/startup.o
 .comment       0x00000000       0x71 ./Generated_Code/AD_Converter.o
 .comment       0x00000000       0x71 ./Generated_Code/AdcLdd1.o
 .comment       0x00000000       0x71 ./Generated_Code/BitIoLdd1.o
 .comment       0x00000000       0x71 ./Generated_Code/BitIoLdd10.o
 .comment       0x00000000       0x71 ./Generated_Code/BitIoLdd11.o
 .comment       0x00000000       0x71 ./Generated_Code/BitIoLdd2.o
 .comment       0x00000000       0x71 ./Generated_Code/BitIoLdd3.o
 .comment       0x00000000       0x71 ./Generated_Code/BitIoLdd4.o
 .comment       0x00000000       0x71 ./Generated_Code/BitIoLdd5.o
 .comment       0x00000000       0x71 ./Generated_Code/BitIoLdd6.o
 .comment       0x00000000       0x71 ./Generated_Code/BitIoLdd7.o
 .comment       0x00000000       0x71 ./Generated_Code/BitIoLdd8.o
 .comment       0x00000000       0x71 ./Generated_Code/BitIoLdd9.o
 .comment       0x00000000       0x71 ./Generated_Code/Camera_CLK_Interruption.o
 .comment       0x00000000       0x71 ./Generated_Code/Cpu.o
 .comment       0x00000000       0x71 ./Generated_Code/PE_LDD.o
 .comment       0x00000000       0x71 ./Generated_Code/PwmLdd1.o
 .comment       0x00000000       0x71 ./Generated_Code/PwmLdd2.o
 .comment       0x00000000       0x71 ./Generated_Code/PwmLdd3.o
 .comment       0x00000000       0x71 ./Generated_Code/PwmLdd4.o
 .comment       0x00000000       0x71 ./Generated_Code/PwmLdd5.o
 .comment       0x00000000       0x71 ./Generated_Code/SerialCom.o
 .comment       0x00000000       0x71 ./Generated_Code/TU1.o
 .comment       0x00000000       0x71 ./Generated_Code/TU2.o
 .comment       0x00000000       0x71 ./Generated_Code/TU3.o
 .comment       0x00000000       0x71 ./Generated_Code/TimerIntLdd1.o
 .comment       0x00000000       0x71 ./Generated_Code/Vectors.o

.debug_frame    0x00000000     0x1744
 .debug_frame   0x00000000       0x6c ./Sources/BatteryController.o
 .debug_frame   0x0000006c       0x6c ./Sources/CameraController.o
 .debug_frame   0x000000d8       0x84 ./Sources/Events.o
 .debug_frame   0x0000015c       0xec ./Sources/SerialCommunication.o
 .debug_frame   0x00000248       0x30 ./Sources/main.o
 .debug_frame   0x00000278       0xd0 ./Project_Settings/Startup_Code/startup.o
 .debug_frame   0x00000348      0x124 ./Generated_Code/AD_Converter.o
 .debug_frame   0x0000046c      0x130 ./Generated_Code/AdcLdd1.o
 .debug_frame   0x0000059c       0xd0 ./Generated_Code/BitIoLdd1.o
 .debug_frame   0x0000066c       0xb0 ./Generated_Code/BitIoLdd10.o
 .debug_frame   0x0000071c       0xb0 ./Generated_Code/BitIoLdd11.o
 .debug_frame   0x000007cc       0xd0 ./Generated_Code/BitIoLdd2.o
 .debug_frame   0x0000089c       0x50 ./Generated_Code/BitIoLdd3.o
 .debug_frame   0x000008ec       0x70 ./Generated_Code/BitIoLdd4.o
 .debug_frame   0x0000095c       0x90 ./Generated_Code/BitIoLdd5.o
 .debug_frame   0x000009ec       0x90 ./Generated_Code/BitIoLdd6.o
 .debug_frame   0x00000a7c       0x90 ./Generated_Code/BitIoLdd7.o
 .debug_frame   0x00000b0c       0x90 ./Generated_Code/BitIoLdd8.o
 .debug_frame   0x00000b9c       0xb0 ./Generated_Code/BitIoLdd9.o
 .debug_frame   0x00000c4c       0x30 ./Generated_Code/Camera_CLK_Interruption.o
 .debug_frame   0x00000c7c       0x80 ./Generated_Code/Cpu.o
 .debug_frame   0x00000cfc       0x6c ./Generated_Code/PE_LDD.o
 .debug_frame   0x00000d68       0x70 ./Generated_Code/PwmLdd1.o
 .debug_frame   0x00000dd8       0x70 ./Generated_Code/PwmLdd2.o
 .debug_frame   0x00000e48       0x70 ./Generated_Code/PwmLdd3.o
 .debug_frame   0x00000eb8       0x70 ./Generated_Code/PwmLdd4.o
 .debug_frame   0x00000f28       0xf0 ./Generated_Code/PwmLdd5.o
 .debug_frame   0x00001018       0xd0 ./Generated_Code/SerialCom.o
 .debug_frame   0x000010e8       0x90 ./Generated_Code/TU1.o
 .debug_frame   0x00001178       0xd0 ./Generated_Code/TU2.o
 .debug_frame   0x00001248      0x130 ./Generated_Code/TU3.o
 .debug_frame   0x00001378       0x90 ./Generated_Code/TimerIntLdd1.o
 .debug_frame   0x00001408       0x20 /opt/Freescale/KDS_v3/toolchain/bin/../lib/gcc/arm-none-eabi/4.8.4/armv6-m/libgcc.a(_udivsi3.o)
 .debug_frame   0x00001428       0x20 /opt/Freescale/KDS_v3/toolchain/bin/../lib/gcc/arm-none-eabi/4.8.4/armv6-m/libgcc.a(_divsi3.o)
 .debug_frame   0x00001448       0x30 /opt/Freescale/KDS_v3/toolchain/bin/../lib/gcc/arm-none-eabi/4.8.4/armv6-m/libgcc.a(addsf3.o)
 .debug_frame   0x00001478       0x3c /opt/Freescale/KDS_v3/toolchain/bin/../lib/gcc/arm-none-eabi/4.8.4/armv6-m/libgcc.a(divsf3.o)
 .debug_frame   0x000014b4       0x2c /opt/Freescale/KDS_v3/toolchain/bin/../lib/gcc/arm-none-eabi/4.8.4/armv6-m/libgcc.a(eqsf2.o)
 .debug_frame   0x000014e0       0x30 /opt/Freescale/KDS_v3/toolchain/bin/../lib/gcc/arm-none-eabi/4.8.4/armv6-m/libgcc.a(gesf2.o)
 .debug_frame   0x00001510       0x30 /opt/Freescale/KDS_v3/toolchain/bin/../lib/gcc/arm-none-eabi/4.8.4/armv6-m/libgcc.a(lesf2.o)
 .debug_frame   0x00001540       0x28 /opt/Freescale/KDS_v3/toolchain/bin/../lib/gcc/arm-none-eabi/4.8.4/armv6-m/libgcc.a(floatunsisf.o)
 .debug_frame   0x00001568       0x3c /opt/Freescale/KDS_v3/toolchain/bin/../lib/gcc/arm-none-eabi/4.8.4/armv6-m/libgcc.a(eqdf2.o)
 .debug_frame   0x000015a4       0x38 /opt/Freescale/KDS_v3/toolchain/bin/../lib/gcc/arm-none-eabi/4.8.4/armv6-m/libgcc.a(gedf2.o)
 .debug_frame   0x000015dc       0x3c /opt/Freescale/KDS_v3/toolchain/bin/../lib/gcc/arm-none-eabi/4.8.4/armv6-m/libgcc.a(ledf2.o)
 .debug_frame   0x00001618       0x3c /opt/Freescale/KDS_v3/toolchain/bin/../lib/gcc/arm-none-eabi/4.8.4/armv6-m/libgcc.a(muldf3.o)
 .debug_frame   0x00001654       0x2c /opt/Freescale/KDS_v3/toolchain/bin/../lib/gcc/arm-none-eabi/4.8.4/armv6-m/libgcc.a(extendsfdf2.o)
 .debug_frame   0x00001680       0x30 /opt/Freescale/KDS_v3/toolchain/bin/../lib/gcc/arm-none-eabi/4.8.4/armv6-m/libgcc.a(truncdfsf2.o)
 .debug_frame   0x000016b0       0x28 /opt/Freescale/KDS_v3/toolchain/bin/../lib/gcc/arm-none-eabi/4.8.4/../../../../arm-none-eabi/lib/armv6-m/libg_s.a(lib_a-exit.o)
 .debug_frame   0x000016d8       0x2c /opt/Freescale/KDS_v3/toolchain/bin/../lib/gcc/arm-none-eabi/4.8.4/../../../../arm-none-eabi/lib/armv6-m/libg_s.a(lib_a-init.o)
 .debug_frame   0x00001704       0x20 /opt/Freescale/KDS_v3/toolchain/bin/../lib/gcc/arm-none-eabi/4.8.4/../../../../arm-none-eabi/lib/armv6-m/libg_s.a(lib_a-memset.o)
 .debug_frame   0x00001724       0x20 /opt/Freescale/KDS_v3/toolchain/bin/../lib/gcc/arm-none-eabi/4.8.4/../../../../arm-none-eabi/lib/armv6-m/libnosys.a(_exit.o)
