Archive member included because of file (symbol)

/opt/Freescale/KDS_v3/toolchain/bin/../lib/gcc/arm-none-eabi/4.8.4/armv6-m/libgcc.a(_udivsi3.o)
                              ./Sources/SerialCommunication.o (__aeabi_uidiv)
/opt/Freescale/KDS_v3/toolchain/bin/../lib/gcc/arm-none-eabi/4.8.4/armv6-m/libgcc.a(_divsi3.o)
                              ./Sources/CameraController.o (__aeabi_idiv)
/opt/Freescale/KDS_v3/toolchain/bin/../lib/gcc/arm-none-eabi/4.8.4/armv6-m/libgcc.a(_dvmd_tls.o)
                              /opt/Freescale/KDS_v3/toolchain/bin/../lib/gcc/arm-none-eabi/4.8.4/armv6-m/libgcc.a(_udivsi3.o) (__aeabi_idiv0)
/opt/Freescale/KDS_v3/toolchain/bin/../lib/gcc/arm-none-eabi/4.8.4/armv6-m/libgcc.a(_arm_cmpdf2.o)
                              ./Sources/ImageProcessing.o (__aeabi_dcmplt)
/opt/Freescale/KDS_v3/toolchain/bin/../lib/gcc/arm-none-eabi/4.8.4/armv6-m/libgcc.a(_arm_cmpsf2.o)
                              ./Sources/BatteryController.o (__aeabi_fcmpgt)
/opt/Freescale/KDS_v3/toolchain/bin/../lib/gcc/arm-none-eabi/4.8.4/armv6-m/libgcc.a(_fixunssfsi.o)
                              ./Generated_Code/PwmLdd5.o (__aeabi_f2uiz)
/opt/Freescale/KDS_v3/toolchain/bin/../lib/gcc/arm-none-eabi/4.8.4/armv6-m/libgcc.a(addsf3.o)
                              ./Sources/BatteryController.o (__aeabi_fadd)
/opt/Freescale/KDS_v3/toolchain/bin/../lib/gcc/arm-none-eabi/4.8.4/armv6-m/libgcc.a(divsf3.o)
                              ./Sources/BatteryController.o (__aeabi_fdiv)
/opt/Freescale/KDS_v3/toolchain/bin/../lib/gcc/arm-none-eabi/4.8.4/armv6-m/libgcc.a(eqsf2.o)
                              /opt/Freescale/KDS_v3/toolchain/bin/../lib/gcc/arm-none-eabi/4.8.4/armv6-m/libgcc.a(_arm_cmpsf2.o) (__eqsf2)
/opt/Freescale/KDS_v3/toolchain/bin/../lib/gcc/arm-none-eabi/4.8.4/armv6-m/libgcc.a(gesf2.o)
                              /opt/Freescale/KDS_v3/toolchain/bin/../lib/gcc/arm-none-eabi/4.8.4/armv6-m/libgcc.a(_arm_cmpsf2.o) (__gesf2)
/opt/Freescale/KDS_v3/toolchain/bin/../lib/gcc/arm-none-eabi/4.8.4/armv6-m/libgcc.a(lesf2.o)
                              /opt/Freescale/KDS_v3/toolchain/bin/../lib/gcc/arm-none-eabi/4.8.4/armv6-m/libgcc.a(_arm_cmpsf2.o) (__lesf2)
/opt/Freescale/KDS_v3/toolchain/bin/../lib/gcc/arm-none-eabi/4.8.4/armv6-m/libgcc.a(mulsf3.o)
                              ./Sources/SerialCommunication.o (__aeabi_fmul)
/opt/Freescale/KDS_v3/toolchain/bin/../lib/gcc/arm-none-eabi/4.8.4/armv6-m/libgcc.a(subsf3.o)
                              /opt/Freescale/KDS_v3/toolchain/bin/../lib/gcc/arm-none-eabi/4.8.4/armv6-m/libgcc.a(_fixunssfsi.o) (__aeabi_fsub)
/opt/Freescale/KDS_v3/toolchain/bin/../lib/gcc/arm-none-eabi/4.8.4/armv6-m/libgcc.a(fixsfsi.o)
                              ./Sources/SerialCommunication.o (__aeabi_f2iz)
/opt/Freescale/KDS_v3/toolchain/bin/../lib/gcc/arm-none-eabi/4.8.4/armv6-m/libgcc.a(floatsisf.o)
                              ./Sources/SerialCommunication.o (__aeabi_i2f)
/opt/Freescale/KDS_v3/toolchain/bin/../lib/gcc/arm-none-eabi/4.8.4/armv6-m/libgcc.a(floatunsisf.o)
                              ./Sources/BatteryController.o (__aeabi_ui2f)
/opt/Freescale/KDS_v3/toolchain/bin/../lib/gcc/arm-none-eabi/4.8.4/armv6-m/libgcc.a(adddf3.o)
                              ./Sources/PID.o (__aeabi_dadd)
/opt/Freescale/KDS_v3/toolchain/bin/../lib/gcc/arm-none-eabi/4.8.4/armv6-m/libgcc.a(divdf3.o)
                              ./Sources/Error_management.o (__aeabi_ddiv)
/opt/Freescale/KDS_v3/toolchain/bin/../lib/gcc/arm-none-eabi/4.8.4/armv6-m/libgcc.a(eqdf2.o)
                              /opt/Freescale/KDS_v3/toolchain/bin/../lib/gcc/arm-none-eabi/4.8.4/armv6-m/libgcc.a(_arm_cmpdf2.o) (__eqdf2)
/opt/Freescale/KDS_v3/toolchain/bin/../lib/gcc/arm-none-eabi/4.8.4/armv6-m/libgcc.a(gedf2.o)
                              /opt/Freescale/KDS_v3/toolchain/bin/../lib/gcc/arm-none-eabi/4.8.4/armv6-m/libgcc.a(_arm_cmpdf2.o) (__gedf2)
/opt/Freescale/KDS_v3/toolchain/bin/../lib/gcc/arm-none-eabi/4.8.4/armv6-m/libgcc.a(ledf2.o)
                              /opt/Freescale/KDS_v3/toolchain/bin/../lib/gcc/arm-none-eabi/4.8.4/armv6-m/libgcc.a(_arm_cmpdf2.o) (__ledf2)
/opt/Freescale/KDS_v3/toolchain/bin/../lib/gcc/arm-none-eabi/4.8.4/armv6-m/libgcc.a(muldf3.o)
                              ./Sources/BatteryController.o (__aeabi_dmul)
/opt/Freescale/KDS_v3/toolchain/bin/../lib/gcc/arm-none-eabi/4.8.4/armv6-m/libgcc.a(subdf3.o)
                              ./Sources/PID.o (__aeabi_dsub)
/opt/Freescale/KDS_v3/toolchain/bin/../lib/gcc/arm-none-eabi/4.8.4/armv6-m/libgcc.a(fixdfsi.o)
                              ./Sources/SystemController.o (__aeabi_d2iz)
/opt/Freescale/KDS_v3/toolchain/bin/../lib/gcc/arm-none-eabi/4.8.4/armv6-m/libgcc.a(floatsidf.o)
                              ./Sources/Error_management.o (__aeabi_i2d)
/opt/Freescale/KDS_v3/toolchain/bin/../lib/gcc/arm-none-eabi/4.8.4/armv6-m/libgcc.a(extendsfdf2.o)
                              ./Sources/BatteryController.o (__aeabi_f2d)
[...]
Memory Configuration

Name             Origin             Length             Attributes
m_interrupts     0x00000000         0x000000c0         xr
m_text           0x00000410         0x0001fbf0         xr
m_data           0x1ffff000         0x00004000         rw
m_cfmprotrom     0x00000400         0x00000010         xr
*default*        0x00000000         0xffffffff

Linker script and memory map

LOAD /opt/Freescale/KDS_v3/toolchain/bin/../lib/gcc/arm-none-eabi/4.8.4/armv6-m/crti.o
LOAD /opt/Freescale/KDS_v3/toolchain/bin/../lib/gcc/arm-none-eabi/4.8.4/armv6-m/crtbegin.o
LOAD /opt/Freescale/KDS_v3/toolchain/bin/../lib/gcc/arm-none-eabi/4.8.4/../../../../arm-none-eabi/lib/armv6-m/crt0.o
LOAD ./Sources/BatteryController.o
LOAD ./Sources/CameraController.o
LOAD ./Sources/Error_management.o
LOAD ./Sources/Events.o
LOAD ./Sources/ImageProcessing.o
LOAD ./Sources/MotorController.o
LOAD ./Sources/PID.o
LOAD ./Sources/SerialCommunication.o
LOAD ./Sources/ServoController.o
LOAD ./Sources/SystemController.o
LOAD ./Sources/main.o
LOAD ./Project_Settings/Startup_Code/startup.o
LOAD ./Generated_Code/AD_Converter.o
LOAD ./Generated_Code/AdcLdd1.o
LOAD ./Generated_Code/BitIoLdd1.o
LOAD ./Generated_Code/BitIoLdd10.o
LOAD ./Generated_Code/BitIoLdd11.o
LOAD ./Generated_Code/BitIoLdd2.o
LOAD ./Generated_Code/BitIoLdd3.o
LOAD ./Generated_Code/BitIoLdd4.o
LOAD ./Generated_Code/BitIoLdd5.o
LOAD ./Generated_Code/BitIoLdd6.o
LOAD ./Generated_Code/BitIoLdd7.o
LOAD ./Generated_Code/BitIoLdd8.o
LOAD ./Generated_Code/BitIoLdd9.o
LOAD ./Generated_Code/BlueLED.o
LOAD ./Generated_Code/CLK.o
LOAD ./Generated_Code/Camera_CLK_Interruption.o
LOAD ./Generated_Code/Cpu.o
LOAD ./Generated_Code/Enable_Motors.o
LOAD ./Generated_Code/ErrorLED.o
LOAD ./Generated_Code/GreenLED.o
LOAD ./Generated_Code/Motor_A_In1.o
LOAD ./Generated_Code/Motor_A_In2.o
LOAD ./Generated_Code/Motor_B_In1.o
LOAD ./Generated_Code/Motor_B_In2.o
LOAD ./Generated_Code/PE_LDD.o
LOAD ./Generated_Code/Power_Level1.o
LOAD ./Generated_Code/Power_Level2.o
LOAD ./Generated_Code/Power_Level3.o
LOAD ./Generated_Code/Power_Level4.o
LOAD ./Generated_Code/PwmLdd1.o
LOAD ./Generated_Code/PwmLdd2.o
LOAD ./Generated_Code/PwmLdd3.o
LOAD ./Generated_Code/PwmLdd4.o
LOAD ./Generated_Code/PwmLdd5.o
LOAD ./Generated_Code/SI.o
LOAD ./Generated_Code/SW2_Start_Button.o
LOAD ./Generated_Code/SerialCom.o
LOAD ./Generated_Code/Servomotor.o
LOAD ./Generated_Code/TU1.o
LOAD ./Generated_Code/TU2.o
LOAD ./Generated_Code/TU3.o
LOAD ./Generated_Code/TimerIntLdd1.o
LOAD ./Generated_Code/Vectors.o
LOAD /opt/Freescale/KDS_v3/toolchain/bin/../lib/gcc/arm-none-eabi/4.8.4/../../../../arm-none-eabi/lib/armv6-m/libstdc++_s.a
LOAD /opt/Freescale/KDS_v3/toolchain/bin/../lib/gcc/arm-none-eabi/4.8.4/../../../../arm-none-eabi/lib/armv6-m/libm.a
START GROUP
LOAD /opt/Freescale/KDS_v3/toolchain/bin/../lib/gcc/arm-none-eabi/4.8.4/armv6-m/libgcc.a
LOAD /opt/Freescale/KDS_v3/toolchain/bin/../lib/gcc/arm-none-eabi/4.8.4/../../../../arm-none-eabi/lib/armv6-m/libg_s.a
LOAD /opt/Freescale/KDS_v3/toolchain/bin/../lib/gcc/arm-none-eabi/4.8.4/../../../../arm-none-eabi/lib/armv6-m/libc_s.a
END GROUP
START GROUP
LOAD /opt/Freescale/KDS_v3/toolchain/bin/../lib/gcc/arm-none-eabi/4.8.4/armv6-m/libgcc.a
LOAD /opt/Freescale/KDS_v3/toolchain/bin/../lib/gcc/arm-none-eabi/4.8.4/../../../../arm-none-eabi/lib/armv6-m/libc_s.a
LOAD /opt/Freescale/KDS_v3/toolchain/bin/../lib/gcc/arm-none-eabi/4.8.4/../../../../arm-none-eabi/lib/armv6-m/libnosys.a
END GROUP
START GROUP
LOAD /opt/Freescale/KDS_v3/toolchain/bin/../lib/gcc/arm-none-eabi/4.8.4/armv6-m/libgcc.a
LOAD /opt/Freescale/KDS_v3/toolchain/bin/../lib/gcc/arm-none-eabi/4.8.4/../../../../arm-none-eabi/lib/armv6-m/libc_s.a
LOAD /opt/Freescale/KDS_v3/toolchain/bin/../lib/gcc/arm-none-eabi/4.8.4/../../../../arm-none-eabi/lib/armv6-m/libnosys.a
END GROUP
LOAD /opt/Freescale/KDS_v3/toolchain/bin/../lib/gcc/arm-none-eabi/4.8.4/armv6-m/crtend.o
LOAD /opt/Freescale/KDS_v3/toolchain/bin/../lib/gcc/arm-none-eabi/4.8.4/armv6-m/crtn.o
                0x20003000                _estack = 0x20003000
                0x20003000                __SP_INIT = _estack
                0x20003000                __stack = _estack
                0x00000000                __heap_size = 0x0
                0x00000400                __stack_size = 0x400

.interrupts     0x00000000       0xc0
                0x00000000                __vector_table = .
                0x00000000                . = ALIGN (0x4)
 *(.vectortable)
 .vectortable   0x00000000       0xc0 ./Generated_Code/Vectors.o
                0x00000000                __vect_table
                0x000000c0                . = ALIGN (0x4)

.cfmprotect     0x00000400       0x10
                0x00000400                . = ALIGN (0x4)
 *(.cfmconfig)
 .cfmconfig     0x00000400       0x10 ./Generated_Code/Cpu.o
                0x00000400                _cfm
                0x00000410                . = ALIGN (0x4)

.text           0x00000410     0x5430
                0x00000410                . = ALIGN (0x4)
 *(.text)
 .text          0x00000410       0x60 /opt/Freescale/KDS_v3/toolchain/bin/../lib/gcc/arm-none-eabi/4.8.4/armv6-m/crtbegin.o
 .text          0x00000470       0x78 /opt/Freescale/KDS_v3/toolchain/bin/../lib/gcc/arm-none-eabi/4.8.4/../../../../arm-none-eabi/lib/armv6-m/crt0.o
                0x00000470                _mainCRTStartup
                0x00000470                _start
 .text          0x000004e8       0x9c /opt/Freescale/KDS_v3/toolchain/bin/../lib/gcc/arm-none-eabi/4.8.4/armv6-m/libgcc.a(_udivsi3.o)
                0x000004e8                __udivsi3
                0x000004e8                __aeabi_uidiv
                0x00000570                __aeabi_uidivmod
 .text          0x00000584       0xc0 /opt/Freescale/KDS_v3/toolchain/bin/../lib/gcc/arm-none-eabi/4.8.4/armv6-m/libgcc.a(_divsi3.o)
                0x00000584                __aeabi_idiv
                0x00000584                __divsi3
                0x00000630                __aeabi_idivmod
 .text          0x00000644        0x4 /opt/Freescale/KDS_v3/toolchain/bin/../lib/gcc/arm-none-eabi/4.8.4/armv6-m/libgcc.a(_dvmd_tls.o)
                0x00000644                __aeabi_ldiv0
                0x00000644                __aeabi_idiv0
 .text          0x00000648       0x7c /opt/Freescale/KDS_v3/toolchain/bin/../lib/gcc/arm-none-eabi/4.8.4/armv6-m/libgcc.a(_arm_cmpdf2.o)
                0x00000648                __aeabi_cdrcmple
                0x00000658                __aeabi_cdcmple
                0x00000658                __aeabi_cdcmpeq
                0x00000668                __aeabi_dcmpeq
                0x00000674                __aeabi_dcmplt
                0x00000688                __aeabi_dcmple
                0x0000069c                __aeabi_dcmpgt
                0x000006b0                __aeabi_dcmpge
 .text          0x000006c4       0x74 /opt/Freescale/KDS_v3/toolchain/bin/../lib/gcc/arm-none-eabi/4.8.4/armv6-m/libgcc.a(_arm_cmpsf2.o)
                0x000006c4                __aeabi_cfrcmple
                0x000006cc                __aeabi_cfcmple
                0x000006cc                __aeabi_cfcmpeq
                0x000006dc                __aeabi_fcmpeq
                0x000006e8                __aeabi_fcmplt
                0x000006fc                __aeabi_fcmple
                0x00000710                __aeabi_fcmpgt
                0x00000724                __aeabi_fcmpge
 .text          0x00000738       0x30 /opt/Freescale/KDS_v3/toolchain/bin/../lib/gcc/arm-none-eabi/4.8.4/armv6-m/libgcc.a(_fixunssfsi.o)
                0x00000738                __aeabi_f2uiz
                0x00000738                __fixunssfsi
 .text          0x00000768      0x2d8 /opt/Freescale/KDS_v3/toolchain/bin/../lib/gcc/arm-none-eabi/4.8.4/armv6-m/libgcc.a(addsf3.o)
                0x00000768                __aeabi_fadd
 .text          0x00000a40      0x24c /opt/Freescale/KDS_v3/toolchain/bin/../lib/gcc/arm-none-eabi/4.8.4/armv6-m/libgcc.a(divsf3.o)
                0x00000a40                __aeabi_fdiv
 .text          0x00000c8c       0x54 /opt/Freescale/KDS_v3/toolchain/bin/../lib/gcc/arm-none-eabi/4.8.4/armv6-m/libgcc.a(eqsf2.o)
                0x00000c8c                __nesf2
                0x00000c8c                __eqsf2
 .text          0x00000ce0       0x90 /opt/Freescale/KDS_v3/toolchain/bin/../lib/gcc/arm-none-eabi/4.8.4/armv6-m/libgcc.a(gesf2.o)
                0x00000ce0                __gtsf2
                0x00000ce0                __gesf2
 .text          0x00000d70       0x98 /opt/Freescale/KDS_v3/toolchain/bin/../lib/gcc/arm-none-eabi/4.8.4/armv6-m/libgcc.a(lesf2.o)
                0x00000d70                __lesf2
                0x00000d70                __ltsf2
 .text          0x00000e08      0x254 /opt/Freescale/KDS_v3/toolchain/bin/../lib/gcc/arm-none-eabi/4.8.4/armv6-m/libgcc.a(mulsf3.o)
                0x00000e08                __aeabi_fmul
 .text          0x0000105c      0x2ec /opt/Freescale/KDS_v3/toolchain/bin/../lib/gcc/arm-none-eabi/4.8.4/armv6-m/libgcc.a(subsf3.o)
                0x0000105c                __aeabi_fsub
 .text          0x00001348       0x40 /opt/Freescale/KDS_v3/toolchain/bin/../lib/gcc/arm-none-eabi/4.8.4/armv6-m/libgcc.a(fixsfsi.o)
                0x00001348                __aeabi_f2iz
 .text          0x00001388       0xb8 /opt/Freescale/KDS_v3/toolchain/bin/../lib/gcc/arm-none-eabi/4.8.4/armv6-m/libgcc.a(floatsisf.o)
                0x00001388                __aeabi_i2f
 .text          0x00001440       0xa0 /opt/Freescale/KDS_v3/toolchain/bin/../lib/gcc/arm-none-eabi/4.8.4/armv6-m/libgcc.a(floatunsisf.o)
                0x00001440                __aeabi_ui2f
 .text          0x000014e0      0x644 /opt/Freescale/KDS_v3/toolchain/bin/../lib/gcc/arm-none-eabi/4.8.4/armv6-m/libgcc.a(adddf3.o)
                0x000014e0                __aeabi_dadd
 .text          0x00001b24      0x648 /opt/Freescale/KDS_v3/toolchain/bin/../lib/gcc/arm-none-eabi/4.8.4/armv6-m/libgcc.a(divdf3.o)
                0x00001b24                __aeabi_ddiv
 .text          0x0000216c       0x94 /opt/Freescale/KDS_v3/toolchain/bin/../lib/gcc/arm-none-eabi/4.8.4/armv6-m/libgcc.a(eqdf2.o)
                0x0000216c                __eqdf2
                0x0000216c                __nedf2
 .text          0x00002200       0xfc /opt/Freescale/KDS_v3/toolchain/bin/../lib/gcc/arm-none-eabi/4.8.4/armv6-m/libgcc.a(gedf2.o)
                0x00002200                __gtdf2
                0x00002200                __gedf2
 .text          0x000022fc       0xfc /opt/Freescale/KDS_v3/toolchain/bin/../lib/gcc/arm-none-eabi/4.8.4/armv6-m/libgcc.a(ledf2.o)
                0x000022fc                __ltdf2
                0x000022fc                __ledf2
 .text          0x000023f8      0x520 /opt/Freescale/KDS_v3/toolchain/bin/../lib/gcc/arm-none-eabi/4.8.4/armv6-m/libgcc.a(muldf3.o)
                0x000023f8                __aeabi_dmul
 .text          0x00002918       0x68 /opt/Freescale/KDS_v3/toolchain/bin/../lib/gcc/arm-none-eabi/4.8.4/armv6-m/libgcc.a(fixdfsi.o)
                0x00002918                __aeabi_d2iz
 .text          0x00002980       0x7c /opt/Freescale/KDS_v3/toolchain/bin/../lib/gcc/arm-none-eabi/4.8.4/armv6-m/libgcc.a(floatsidf.o)
                0x00002980                __aeabi_i2d
 .text          0x000029fc       0xa4 /opt/Freescale/KDS_v3/toolchain/bin/../lib/gcc/arm-none-eabi/4.8.4/armv6-m/libgcc.a(extendsfdf2.o)
                0x000029fc                __aeabi_f2d
 .text          0x00002aa0      0x118 /opt/Freescale/KDS_v3/toolchain/bin/../lib/gcc/arm-none-eabi/4.8.4/armv6-m/libgcc.a(truncdfsf2.o)
                0x00002aa0                __aeabi_d2f
 .text          0x00002bb8       0x3c /opt/Freescale/KDS_v3/toolchain/bin/../lib/gcc/arm-none-eabi/4.8.4/armv6-m/libgcc.a(_clzsi2.o)
                0x00002bb8                __clzsi2
 *(.text*)
 .text.updateBatteryLevel
                0x00002bf4       0x28 ./Sources/BatteryController.o
                0x00002bf4                updateBatteryLevel
 *fill*         0x00002c1c        0x4 
 .text.updatePowerState
                0x00002c20      0x230 ./Sources/BatteryController.o
                0x00002c20                updatePowerState
 .text.initializeCamera
                0x00002e50       0x28 ./Sources/CameraController.o
                0x00002e50                initializeCamera
 .text.getRawImageMean
                0x00002e78       0x74 ./Sources/CameraController.o
                0x00002e78                getRawImageMean
 .text.verifySample
                0x00002eec       0x70 ./Sources/CameraController.o
                0x00002eec                verifySample
 .text.get_error
                0x00002f5c       0x7c ./Sources/Error_management.o
                0x00002f5c                get_error
 .text.Cpu_OnNMIINT
                0x00002fd8        0x8 ./Sources/Events.o
                0x00002fd8                Cpu_OnNMIINT
 .text.Camera_CLK_Interruption_OnInterrupt
                0x00002fe0      0x120 ./Sources/Events.o
                0x00002fe0                Camera_CLK_Interruption_OnInterrupt
 .text.AD_Converter_OnEnd
                0x00003100       0x34 ./Sources/Events.o
                0x00003100                AD_Converter_OnEnd
 .text.SerialCom_OnBlockSent
                0x00003134       0x18 ./Sources/Events.o
                0x00003134                SerialCom_OnBlockSent
 .text.calibration
                0x0000314c       0x38 ./Sources/ImageProcessing.o
                0x0000314c                calibration
 *fill*         0x00003184        0x4 
 .text.binarization
                0x00003188       0x90 ./Sources/ImageProcessing.o
                0x00003188                binarization
 .text.setBorders
                0x00003218       0xc0 ./Sources/ImageProcessing.o
                0x00003218                setBorders
 .text.setMotorsSpeed
                0x000032d8       0xc4 ./Sources/MotorController.o
                0x000032d8                setMotorsSpeed
 *fill*         0x0000339c        0x4 
 .text.resetPID
                0x000033a0       0x60 ./Sources/PID.o
                0x000033a0                resetPID
 .text.update_pid
                0x00003400       0x88 ./Sources/PID.o
                0x00003400                update_pid
 .text.init_Serial
                0x00003488       0x20 ./Sources/SerialCommunication.o
 .text.sendAChar
                0x000034a8       0x44 ./Sources/SerialCommunication.o
 .text.itoa_8_bit
                0x000034ec       0x9c ./Sources/SerialCommunication.o
                0x000034ec                itoa_8_bit
 .text.sendArrayOfPixels
                0x00003588       0x50 ./Sources/SerialCommunication.o
                0x00003588                sendArrayOfPixels
 .text.setServoDirection
                0x000035d8       0x44 ./Sources/ServoController.o
                0x000035d8                setServoDirection
 *fill*         0x0000361c        0x4 
 .text.advancedControl
                0x00003620       0x50 ./Sources/SystemController.o
                0x00003620                advancedControl
 .text.main     0x00003670      0x13c ./Sources/main.o
                0x00003670                main
 .text.__copy_rom_section
                0x000037ac       0xd8 ./Project_Settings/Startup_Code/startup.o
                0x000037ac                __copy_rom_section
 .text.__copy_rom_sections_to_ram
                0x00003884       0x98 ./Project_Settings/Startup_Code/startup.o
                0x00003884                __copy_rom_sections_to_ram
 .text.__init_registers
                0x0000391c        0x8 ./Project_Settings/Startup_Code/startup.o
                0x0000391c                __init_registers
 .text.__init_user
                0x00003924        0x8 ./Project_Settings/Startup_Code/startup.o
                0x00003924                __init_user
 .text.__thumb_startup
                0x0000392c       0x30 ./Project_Settings/Startup_Code/startup.o
                0x0000392c                __thumb_startup
 .text.ClrSumV  0x0000395c       0x18 ./Generated_Code/AD_Converter.o
 .text.AD_Converter_HWEnDi
                0x00003974       0x9c ./Generated_Code/AD_Converter.o
                0x00003974                AD_Converter_HWEnDi
 .text.AD_Converter_MeasureChan
                0x00003a10       0x64 ./Generated_Code/AD_Converter.o
                0x00003a10                AD_Converter_MeasureChan
 .text.AD_Converter_GetChanValue
                0x00003a74       0x58 ./Generated_Code/AD_Converter.o
                0x00003a74                AD_Converter_GetChanValue
 .text.AdcLdd1_OnMeasurementComplete
                0x00003acc       0xf8 ./Generated_Code/AD_Converter.o
                0x00003acc                AdcLdd1_OnMeasurementComplete
 .text.AD_Converter_Init
                0x00003bc4       0x2c ./Generated_Code/AD_Converter.o
                0x00003bc4                AD_Converter_Init
 .text.AdcLdd1_Init
                0x00003bf0       0xe0 ./Generated_Code/AdcLdd1.o
                0x00003bf0                AdcLdd1_Init
 .text.AdcLdd1_StartSingleMeasurement
                0x00003cd0       0x44 ./Generated_Code/AdcLdd1.o
                0x00003cd0                AdcLdd1_StartSingleMeasurement
 .text.AdcLdd1_CreateSampleGroup
                0x00003d14       0x6c ./Generated_Code/AdcLdd1.o
                0x00003d14                AdcLdd1_CreateSampleGroup
 .text.AdcLdd1_GetMeasuredValues
                0x00003d80       0x60 ./Generated_Code/AdcLdd1.o
                0x00003d80                AdcLdd1_GetMeasuredValues
 .text.AdcLdd1_GetCalibrationResultStatus
                0x00003de0       0xb8 ./Generated_Code/AdcLdd1.o
                0x00003de0                AdcLdd1_GetCalibrationResultStatus
 .text.AdcLdd1_MeasurementCompleteInterrupt
                0x00003e98       0x30 ./Generated_Code/AdcLdd1.o
                0x00003e98                AdcLdd1_MeasurementCompleteInterrupt
 .text.BitIoLdd1_Init
                0x00003ec8       0x60 ./Generated_Code/BitIoLdd1.o
                0x00003ec8                BitIoLdd1_Init
 .text.BitIoLdd1_GetVal
                0x00003f28       0x28 ./Generated_Code/BitIoLdd1.o
                0x00003f28                BitIoLdd1_GetVal
 .text.BitIoLdd1_ClrVal
                0x00003f50       0x18 ./Generated_Code/BitIoLdd1.o
                0x00003f50                BitIoLdd1_ClrVal
 .text.BitIoLdd1_SetVal
                0x00003f68       0x18 ./Generated_Code/BitIoLdd1.o
                0x00003f68                BitIoLdd1_SetVal
 .text.BitIoLdd10_Init
                0x00003f80       0x60 ./Generated_Code/BitIoLdd10.o
                0x00003f80                BitIoLdd10_Init
 .text.BitIoLdd11_Init
                0x00003fe0       0x60 ./Generated_Code/BitIoLdd11.o
                0x00003fe0                BitIoLdd11_Init
 .text.BitIoLdd2_Init
                0x00004040       0x60 ./Generated_Code/BitIoLdd2.o
                0x00004040                BitIoLdd2_Init
 .text.BitIoLdd2_GetVal
                0x000040a0       0x28 ./Generated_Code/BitIoLdd2.o
                0x000040a0                BitIoLdd2_GetVal
 .text.BitIoLdd2_ClrVal
                0x000040c8       0x18 ./Generated_Code/BitIoLdd2.o
                0x000040c8                BitIoLdd2_ClrVal
 .text.BitIoLdd2_SetVal
                0x000040e0       0x18 ./Generated_Code/BitIoLdd2.o
                0x000040e0                BitIoLdd2_SetVal
 .text.BitIoLdd3_Init
                0x000040f8       0x58 ./Generated_Code/BitIoLdd3.o
                0x000040f8                BitIoLdd3_Init
 .text.BitIoLdd3_GetVal
                0x00004150       0x28 ./Generated_Code/BitIoLdd3.o
                0x00004150                BitIoLdd3_GetVal
 .text.BitIoLdd4_Init
                0x00004178       0x68 ./Generated_Code/BitIoLdd4.o
                0x00004178                BitIoLdd4_Init
 .text.BitIoLdd4_SetVal
                0x000041e0       0x1c ./Generated_Code/BitIoLdd4.o
                0x000041e0                BitIoLdd4_SetVal
 .text.BitIoLdd5_Init
                0x000041fc       0x68 ./Generated_Code/BitIoLdd5.o
                0x000041fc                BitIoLdd5_Init
 .text.BitIoLdd5_SetVal
                0x00004264       0x1c ./Generated_Code/BitIoLdd5.o
                0x00004264                BitIoLdd5_SetVal
 .text.BitIoLdd5_NegVal
                0x00004280       0x1c ./Generated_Code/BitIoLdd5.o
                0x00004280                BitIoLdd5_NegVal
 .text.BitIoLdd6_Init
                0x0000429c       0x68 ./Generated_Code/BitIoLdd6.o
                0x0000429c                BitIoLdd6_Init
 .text.BitIoLdd6_ClrVal
                0x00004304       0x1c ./Generated_Code/BitIoLdd6.o
                0x00004304                BitIoLdd6_ClrVal
 .text.BitIoLdd6_SetVal
                0x00004320       0x1c ./Generated_Code/BitIoLdd6.o
                0x00004320                BitIoLdd6_SetVal
 .text.BitIoLdd6_NegVal
                0x0000433c       0x1c ./Generated_Code/BitIoLdd6.o
                0x0000433c                BitIoLdd6_NegVal
 .text.BitIoLdd7_Init
                0x00004358       0x68 ./Generated_Code/BitIoLdd7.o
                0x00004358                BitIoLdd7_Init
 .text.BitIoLdd7_ClrVal
                0x000043c0       0x1c ./Generated_Code/BitIoLdd7.o
                0x000043c0                BitIoLdd7_ClrVal
 .text.BitIoLdd7_SetVal
                0x000043dc       0x1c ./Generated_Code/BitIoLdd7.o
                0x000043dc                BitIoLdd7_SetVal
 .text.BitIoLdd7_NegVal
                0x000043f8       0x1c ./Generated_Code/BitIoLdd7.o
                0x000043f8                BitIoLdd7_NegVal
 .text.BitIoLdd8_Init
                0x00004414       0x68 ./Generated_Code/BitIoLdd8.o
                0x00004414                BitIoLdd8_Init
 .text.BitIoLdd8_ClrVal
                0x0000447c       0x1c ./Generated_Code/BitIoLdd8.o
                0x0000447c                BitIoLdd8_ClrVal
 .text.BitIoLdd8_SetVal
                0x00004498       0x1c ./Generated_Code/BitIoLdd8.o
                0x00004498                BitIoLdd8_SetVal
 .text.BitIoLdd8_NegVal
                0x000044b4       0x1c ./Generated_Code/BitIoLdd8.o
                0x000044b4                BitIoLdd8_NegVal
 .text.BitIoLdd9_Init
                0x000044d0       0x64 ./Generated_Code/BitIoLdd9.o
                0x000044d0                BitIoLdd9_Init
 .text.TimerIntLdd1_OnInterrupt
                0x00004534       0x14 ./Generated_Code/Camera_CLK_Interruption.o
                0x00004534                TimerIntLdd1_OnInterrupt
 .text.Cpu_INT_NMIInterrupt
                0x00004548        0xc ./Generated_Code/Cpu.o
                0x00004548                Cpu_INT_NMIInterrupt
 .text.Cpu_Interrupt
                0x00004554        0xc ./Generated_Code/Cpu.o
                0x00004554                Cpu_Interrupt
 .text.__init_hardware
                0x00004560      0x110 ./Generated_Code/Cpu.o
                0x00004560                __init_hardware
 .text.PE_low_level_init
                0x00004670      0x134 ./Generated_Code/Cpu.o
                0x00004670                PE_low_level_init
 .text.PwmLdd1_Init
                0x000047a4       0x58 ./Generated_Code/PwmLdd1.o
                0x000047a4                PwmLdd1_Init
 .text.PwmLdd1_SetRatio8
                0x000047fc       0x34 ./Generated_Code/PwmLdd1.o
                0x000047fc                PwmLdd1_SetRatio8
 .text.SetRatio
                0x00004830       0x68 ./Generated_Code/PwmLdd1.o
 .text.PwmLdd2_Init
                0x00004898       0x58 ./Generated_Code/PwmLdd2.o
                0x00004898                PwmLdd2_Init
 .text.PwmLdd2_SetRatio8
                0x000048f0       0x34 ./Generated_Code/PwmLdd2.o
                0x000048f0                PwmLdd2_SetRatio8
 .text.SetRatio
                0x00004924       0x68 ./Generated_Code/PwmLdd2.o
 .text.PwmLdd3_Init
                0x0000498c       0x58 ./Generated_Code/PwmLdd3.o
                0x0000498c                PwmLdd3_Init
 .text.PwmLdd3_SetRatio8
                0x000049e4       0x34 ./Generated_Code/PwmLdd3.o
                0x000049e4                PwmLdd3_SetRatio8
 .text.SetRatio
                0x00004a18       0x68 ./Generated_Code/PwmLdd3.o
 .text.PwmLdd4_Init
                0x00004a80       0x58 ./Generated_Code/PwmLdd4.o
                0x00004a80                PwmLdd4_Init
 .text.PwmLdd4_SetRatio8
                0x00004ad8       0x34 ./Generated_Code/PwmLdd4.o
                0x00004ad8                PwmLdd4_SetRatio8
 .text.SetRatio
                0x00004b0c       0x68 ./Generated_Code/PwmLdd4.o
 .text.PwmLdd5_Init
                0x00004b74       0x58 ./Generated_Code/PwmLdd5.o
                0x00004b74                PwmLdd5_Init
 .text.PwmLdd5_Enable
                0x00004bcc       0x30 ./Generated_Code/PwmLdd5.o
                0x00004bcc                PwmLdd5_Enable
 .text.PwmLdd5_SetDutyUS
                0x00004bfc       0x7c ./Generated_Code/PwmLdd5.o
                0x00004bfc                PwmLdd5_SetDutyUS
 .text.SetRatio
                0x00004c78       0x68 ./Generated_Code/PwmLdd5.o
 .text.SerialCom_Init
                0x00004ce0      0x1b0 ./Generated_Code/SerialCom.o
                0x00004ce0                SerialCom_Init
 .text.SerialCom_SendBlock
                0x00004e90       0xc4 ./Generated_Code/SerialCom.o
                0x00004e90                SerialCom_SendBlock
 .text.InterruptRx
                0x00004f54       0x50 ./Generated_Code/SerialCom.o
 .text.InterruptTx
                0x00004fa4       0x80 ./Generated_Code/SerialCom.o
 .text.SerialCom_Interrupt
                0x00005024       0x64 ./Generated_Code/SerialCom.o
                0x00005024                SerialCom_Interrupt
 .text.TU1_Init
                0x00005088       0xd4 ./Generated_Code/TU1.o
                0x00005088                TU1_Init
 .text.TU1_Enable
                0x0000515c       0x2c ./Generated_Code/TU1.o
                0x0000515c                TU1_Enable
 .text.TU1_SetEventMask
                0x00005188       0x74 ./Generated_Code/TU1.o
                0x00005188                TU1_SetEventMask
 .text.TU1_Interrupt
                0x000051fc       0x38 ./Generated_Code/TU1.o
                0x000051fc                TU1_Interrupt
 .text.TU2_Init
                0x00005234      0x134 ./Generated_Code/TU2.o
                0x00005234                TU2_Init
 .text.TU2_GetPeriodTicks
                0x00005368       0x3c ./Generated_Code/TU2.o
                0x00005368                TU2_GetPeriodTicks
 .text.TU2_SetOffsetTicks
                0x000053a4       0x58 ./Generated_Code/TU2.o
                0x000053a4                TU2_SetOffsetTicks
 .text.TU3_Init
                0x000053fc       0xcc ./Generated_Code/TU3.o
                0x000053fc                TU3_Init
 .text.TU3_Enable
                0x000054c8       0x30 ./Generated_Code/TU3.o
                0x000054c8                TU3_Enable
 .text.TU3_GetPeriodTicks
                0x000054f8       0x3c ./Generated_Code/TU3.o
                0x000054f8                TU3_GetPeriodTicks
 .text.TU3_SetOffsetTicks
                0x00005534       0x44 ./Generated_Code/TU3.o
                0x00005534                TU3_SetOffsetTicks
 .text.TimerIntLdd1_Init
                0x00005578       0x50 ./Generated_Code/TimerIntLdd1.o
                0x00005578                TimerIntLdd1_Init
 .text.TimerIntLdd1_Enable
                0x000055c8       0x30 ./Generated_Code/TimerIntLdd1.o
                0x000055c8                TimerIntLdd1_Enable
 .text.TimerIntLdd1_SetEventMask
                0x000055f8       0x40 ./Generated_Code/TimerIntLdd1.o
                0x000055f8                TimerIntLdd1_SetEventMask
 .text.TU1_OnCounterRestart
                0x00005638       0x24 ./Generated_Code/TimerIntLdd1.o
                0x00005638                TU1_OnCounterRestart
 .text.exit     0x0000565c       0x2c /opt/Freescale/KDS_v3/toolchain/bin/../lib/gcc/arm-none-eabi/4.8.4/../../../../arm-none-eabi/lib/armv6-m/libg_s.a(lib_a-exit.o)
                0x0000565c                exit
 .text.__libc_init_array
                0x00005688       0x4c /opt/Freescale/KDS_v3/toolchain/bin/../lib/gcc/arm-none-eabi/4.8.4/../../../../arm-none-eabi/lib/armv6-m/libg_s.a(lib_a-init.o)
                0x00005688                __libc_init_array
 .text.memset   0x000056d4       0x10 /opt/Freescale/KDS_v3/toolchain/bin/../lib/gcc/arm-none-eabi/4.8.4/../../../../arm-none-eabi/lib/armv6-m/libg_s.a(lib_a-memset.o)
                0x000056d4                memset
 .text._exit    0x000056e4        0x4 /opt/Freescale/KDS_v3/toolchain/bin/../lib/gcc/arm-none-eabi/4.8.4/../../../../arm-none-eabi/lib/armv6-m/libnosys.a(_exit.o)
                0x000056e4                _exit
 *(.rodata)
 .rodata        0x000056e8       0x14 ./Sources/main.o
 .rodata        0x000056fc       0x40 /opt/Freescale/KDS_v3/toolchain/bin/../lib/gcc/arm-none-eabi/4.8.4/armv6-m/libgcc.a(divsf3.o)
 .rodata        0x0000573c       0x40 /opt/Freescale/KDS_v3/toolchain/bin/../lib/gcc/arm-none-eabi/4.8.4/armv6-m/libgcc.a(mulsf3.o)
 .rodata        0x0000577c       0x40 /opt/Freescale/KDS_v3/toolchain/bin/../lib/gcc/arm-none-eabi/4.8.4/armv6-m/libgcc.a(divdf3.o)
 .rodata        0x000057bc       0x40 /opt/Freescale/KDS_v3/toolchain/bin/../lib/gcc/arm-none-eabi/4.8.4/armv6-m/libgcc.a(muldf3.o)
 *(.rodata*)
 .rodata.Camera_CLK_Interruption_OnInterrupt
                0x000057fc       0x14 ./Sources/Events.o
 .rodata.Table  0x00005810        0x4 ./Generated_Code/AD_Converter.o
 .rodata.ChannelToPin
                0x00005814        0x4 ./Generated_Code/AdcLdd1.o
 .rodata.ChannelDevice
                0x00005818        0x4 ./Generated_Code/TU2.o
 .rodata.ChannelMode
                0x0000581c        0x4 ./Generated_Code/TU2.o
 .rodata.str1.1
                0x00005820        0x2 /opt/Freescale/KDS_v3/toolchain/bin/../lib/gcc/arm-none-eabi/4.8.4/../../../../arm-none-eabi/lib/armv6-m/libg_s.a(lib_a-impure.o)
 *fill*         0x00005822        0x2 
 .rodata._global_impure_ptr
                0x00005824        0x4 /opt/Freescale/KDS_v3/toolchain/bin/../lib/gcc/arm-none-eabi/4.8.4/../../../../arm-none-eabi/lib/armv6-m/libg_s.a(lib_a-impure.o)
                0x00005824                _global_impure_ptr
 *(.glue_7)
 .glue_7        0x00000000        0x0 linker stubs
 *(.glue_7t)
 .glue_7t       0x00000000        0x0 linker stubs
 *(.eh_frame)
 .eh_frame      0x00005828        0x0 /opt/Freescale/KDS_v3/toolchain/bin/../lib/gcc/arm-none-eabi/4.8.4/armv6-m/crtbegin.o
 *(.init)
 .init          0x00005828        0x4 /opt/Freescale/KDS_v3/toolchain/bin/../lib/gcc/arm-none-eabi/4.8.4/armv6-m/crti.o
                0x00005828                _init
 .init          0x0000582c        0x8 /opt/Freescale/KDS_v3/toolchain/bin/../lib/gcc/arm-none-eabi/4.8.4/armv6-m/crtn.o
 *(.fini)
 .fini          0x00005834        0x4 /opt/Freescale/KDS_v3/toolchain/bin/../lib/gcc/arm-none-eabi/4.8.4/armv6-m/crti.o
                0x00005834                _fini
 .fini          0x00005838        0x8 /opt/Freescale/KDS_v3/toolchain/bin/../lib/gcc/arm-none-eabi/4.8.4/armv6-m/crtn.o
                0x00005840                . = ALIGN (0x4)
                0x00005840                _etext = .

.vfp11_veneer   0x00005840        0x0
 .vfp11_veneer  0x00000000        0x0 linker stubs

.v4_bx          0x00005840        0x0
 .v4_bx         0x00000000        0x0 linker stubs

.iplt           0x00005840        0x0
 .iplt          0x00000000        0x0 /opt/Freescale/KDS_v3/toolchain/bin/../lib/gcc/arm-none-eabi/4.8.4/armv6-m/crtbegin.o

.ARM.extab
 *(.ARM.extab* .gnu.linkonce.armextab.*)

.ARM            0x00005840        0x8
                0x00005840                __exidx_start = .
 *(.ARM.exidx*)
 .ARM.exidx     0x00005840        0x8 /opt/Freescale/KDS_v3/toolchain/bin/../lib/gcc/arm-none-eabi/4.8.4/../../../../arm-none-eabi/lib/armv6-m/crt0.o
                0x00005848                __exidx_end = .

.rel.dyn        0x00005848        0x0
 .rel.iplt      0x00000000        0x0 /opt/Freescale/KDS_v3/toolchain/bin/../lib/gcc/arm-none-eabi/4.8.4/armv6-m/crtbegin.o

.ctors          0x00005848        0x0
                0x00005848                __CTOR_LIST__ = .
 *crtbegin.o(.ctors)
 *(EXCLUDE_FILE(*crtend.o) .ctors)
 *(SORT(.ctors.*))
 *(.ctors)
                0x00005848                __CTOR_END__ = .

.dtors          0x00005848        0x0
                0x00005848                __DTOR_LIST__ = .
 *crtbegin.o(.dtors)
 *(EXCLUDE_FILE(*crtend.o) .dtors)
 *(SORT(.dtors.*))
 *(.dtors)
                0x00005848                __DTOR_END__ = .

.preinit_array  0x00005848        0x0
                0x00005848                PROVIDE (__preinit_array_start, .)
 *(.preinit_array*)
                0x00005848                PROVIDE (__preinit_array_end, .)

.init_array     0x00005848        0x4
                0x00005848                PROVIDE (__init_array_start, .)
 *(SORT(.init_array.*))
 *(.init_array*)
 .init_array    0x00005848        0x4 /opt/Freescale/KDS_v3/toolchain/bin/../lib/gcc/arm-none-eabi/4.8.4/armv6-m/crtbegin.o
                0x0000584c                PROVIDE (__init_array_end, .)

.fini_array     0x0000584c        0x4
                0x0000584c                PROVIDE (__fini_array_start, .)
 *(SORT(.fini_array.*))
 *(.fini_array*)
 .fini_array    0x0000584c        0x4 /opt/Freescale/KDS_v3/toolchain/bin/../lib/gcc/arm-none-eabi/4.8.4/armv6-m/crtbegin.o
                0x00005850                PROVIDE (__fini_array_end, .)
                0x00005850                ___ROM_AT = .

.mtb            0x1ffff000        0x0
                0x1ffff000                . = ALIGN (0x8)
                0x1ffff000                _mtb_start = .
 *(.mtb_buf)
                0x1ffff000                . = ALIGN (0x8)
                0x1ffff000                _mtb_end = .

.data           0x1ffff000       0x60 load address 0x00005850
                0x1ffff000                . = ALIGN (0x4)
                0x1ffff000                _sdata = .
 *(.data)
 *(.data*)
 .data.impure_data
                0x1ffff000       0x60 /opt/Freescale/KDS_v3/toolchain/bin/../lib/gcc/arm-none-eabi/4.8.4/../../../../arm-none-eabi/lib/armv6-m/libg_s.a(lib_a-impure.o)
                0x1ffff060                . = ALIGN (0x4)
                0x1ffff060                _edata = .
                0x00000060                ___data_size = (_edata - _sdata)

.jcr            0x1ffff060        0x0 load address 0x000058b0
 .jcr           0x1ffff060        0x0 /opt/Freescale/KDS_v3/toolchain/bin/../lib/gcc/arm-none-eabi/4.8.4/armv6-m/crtbegin.o

.igot.plt       0x1ffff060        0x0 load address 0x000058b0
 .igot.plt      0x00000000        0x0 /opt/Freescale/KDS_v3/toolchain/bin/../lib/gcc/arm-none-eabi/4.8.4/armv6-m/crtbegin.o
                0x1ffff060                . = ALIGN (0x4)

.bss            0x1ffff060      0x2f0 load address 0x000058b0
                0x1ffff060                __START_BSS = .
                0x1ffff060                PROVIDE (__bss_start__, __START_BSS)
 *(.bss)
 .bss           0x1ffff060       0x1c /opt/Freescale/KDS_v3/toolchain/bin/../lib/gcc/arm-none-eabi/4.8.4/armv6-m/crtbegin.o
 *(.bss*)
 .bss.deviceData
                0x1ffff07c        0x8 ./Sources/SerialCommunication.o
 .bss.SumChan   0x1ffff084        0x1 ./Generated_Code/AD_Converter.o
 .bss.ModeFlg   0x1ffff085        0x1 ./Generated_Code/AD_Converter.o
 *fill*         0x1ffff086        0x2 
 .bss.SampleGroup
                0x1ffff088        0x4 ./Generated_Code/AD_Converter.o
 .bss.OutFlg    0x1ffff08c        0x1 ./Generated_Code/AD_Converter.o
 *fill*         0x1ffff08d        0x3 
 .bss.DeviceDataPrv__DEFAULT_RTOS_ALLOC
                0x1ffff090        0x8 ./Generated_Code/AdcLdd1.o
 .bss.INT_ADC0__DEFAULT_RTOS_ISRPARAM
                0x1ffff098        0x4 ./Generated_Code/AdcLdd1.o
 .bss.DeviceDataPrv__DEFAULT_RTOS_ALLOC
                0x1ffff09c        0x4 ./Generated_Code/BitIoLdd1.o
 .bss.DeviceDataPrv__DEFAULT_RTOS_ALLOC
                0x1ffff0a0        0x4 ./Generated_Code/BitIoLdd10.o
 .bss.DeviceDataPrv__DEFAULT_RTOS_ALLOC
                0x1ffff0a4        0x4 ./Generated_Code/BitIoLdd11.o
 .bss.DeviceDataPrv__DEFAULT_RTOS_ALLOC
                0x1ffff0a8        0x4 ./Generated_Code/BitIoLdd2.o
 .bss.DeviceDataPrv__DEFAULT_RTOS_ALLOC
                0x1ffff0ac        0x4 ./Generated_Code/BitIoLdd3.o
 .bss.DeviceDataPrv__DEFAULT_RTOS_ALLOC
                0x1ffff0b0        0x4 ./Generated_Code/BitIoLdd4.o
 .bss.DeviceDataPrv__DEFAULT_RTOS_ALLOC
                0x1ffff0b4        0x4 ./Generated_Code/BitIoLdd5.o
 .bss.DeviceDataPrv__DEFAULT_RTOS_ALLOC
                0x1ffff0b8        0x4 ./Generated_Code/BitIoLdd6.o
 .bss.DeviceDataPrv__DEFAULT_RTOS_ALLOC
                0x1ffff0bc        0x4 ./Generated_Code/BitIoLdd7.o
 .bss.DeviceDataPrv__DEFAULT_RTOS_ALLOC
                0x1ffff0c0        0x4 ./Generated_Code/BitIoLdd8.o
 .bss.DeviceDataPrv__DEFAULT_RTOS_ALLOC
                0x1ffff0c4        0x4 ./Generated_Code/BitIoLdd9.o
 .bss.SR_lock   0x1ffff0c8        0x1 ./Generated_Code/Cpu.o
                0x1ffff0c8                SR_lock
 *fill*         0x1ffff0c9        0x3 
 .bss.PE_LDD_DeviceDataList
                0x1ffff0cc       0x58 ./Generated_Code/PE_LDD.o
                0x1ffff0cc                PE_LDD_DeviceDataList
 .bss.DeviceDataPrv__DEFAULT_RTOS_ALLOC
                0x1ffff124        0xc ./Generated_Code/PwmLdd1.o
 .bss.DeviceDataPrv__DEFAULT_RTOS_ALLOC
                0x1ffff130        0xc ./Generated_Code/PwmLdd2.o
 .bss.DeviceDataPrv__DEFAULT_RTOS_ALLOC
                0x1ffff13c        0xc ./Generated_Code/PwmLdd3.o
 .bss.DeviceDataPrv__DEFAULT_RTOS_ALLOC
                0x1ffff148        0xc ./Generated_Code/PwmLdd4.o
 .bss.DeviceDataPrv__DEFAULT_RTOS_ALLOC
                0x1ffff154        0xc ./Generated_Code/PwmLdd5.o
 .bss.DeviceDataPrv__DEFAULT_RTOS_ALLOC
                0x1ffff160       0x18 ./Generated_Code/SerialCom.o
 .bss.INT_UART0__DEFAULT_RTOS_ISRPARAM
                0x1ffff178        0x4 ./Generated_Code/SerialCom.o
 .bss.DeviceDataPrv__DEFAULT_RTOS_ALLOC
                0x1ffff17c        0x8 ./Generated_Code/TU1.o
 .bss.INT_PIT__DEFAULT_RTOS_ISRPARAM
                0x1ffff184        0x4 ./Generated_Code/TU1.o
 .bss.DeviceDataPrv__DEFAULT_RTOS_ALLOC
                0x1ffff188        0x8 ./Generated_Code/TU2.o
 .bss.DeviceDataPrv__DEFAULT_RTOS_ALLOC
                0x1ffff190        0xc ./Generated_Code/TU3.o
 .bss.DeviceDataPrv__DEFAULT_RTOS_ALLOC
                0x1ffff19c        0xc ./Generated_Code/TimerIntLdd1.o
 *(COMMON)
 COMMON         0x1ffff1a8        0xa ./Sources/BatteryController.o
                0x1ffff1a8                handlingPowerUpdate
                0x1ffff1a9                serialTest
                0x1ffff1ac                batteryLevel
                0x1ffff1b0                serialFinished
                0x1ffff1b1                serialTestStart
 *fill*         0x1ffff1b2        0x2 
 COMMON         0x1ffff1b4      0x114 ./Sources/CameraController.o
                0x1ffff1b4                clockCounter
                0x1ffff1b8                samplesNumber
                0x1ffff1bc                transferTime
                0x1ffff1c0                currentSample
                0x1ffff1c4                state
                0x1ffff1c8                rawImage
                0x1ffff248                rawImageBuffer
 COMMON         0x1ffff2c8       0x80 ./Sources/Error_management.o
                0x1ffff2c8                referenceImage
 COMMON         0x1ffff348        0x6 ./Generated_Code/AD_Converter.o
                0x1ffff348                AdcLdd1_DeviceDataPtr
                0x1ffff34c                AD_Converter_OutV
 COMMON         0x1ffff34e        0x1 ./Generated_Code/Cpu.o
                0x1ffff34e                SR_reg
                0x1ffff350                . = ALIGN (0x4)
 *fill*         0x1ffff34f        0x1 
                0x1ffff350                __END_BSS = .
                0x1ffff350                PROVIDE (__bss_end__, __END_BSS)
                0x000058b0                _romp_at = (___ROM_AT + SIZEOF (.data))

.romp           0x1ffff350       0x18 load address 0x000058b0
                0x000058b0                __S_romp = _romp_at
                0x1ffff350        0x4 LONG 0x5850 ___ROM_AT
                0x1ffff354        0x4 LONG 0x1ffff000 _sdata
                0x1ffff358        0x4 LONG 0x60 ___data_size
                0x1ffff35c        0x4 LONG 0x0
                0x1ffff360        0x4 LONG 0x0
                0x1ffff364        0x4 LONG 0x0
                0x00020000                text_end = (ORIGIN (m_text) + 0x1fbf0)
                0x000058c8                data_init_end = ((___ROM_AT + SIZEOF (.data)) + SIZEOF (.romp))
                0x00000001                ASSERT ((data_init_end <= text_end), region m_text overflowed with text and data)

._user_heap_stack
                0x1ffff368      0x400 load address 0x000058c8
                0x1ffff368                . = ALIGN (0x4)
                0x1ffff368                PROVIDE (end, .)
                0x1ffff368                PROVIDE (_end, .)
                0x1ffff368                PROVIDE (__end__, .)
                0x1ffff368                __heap_addr = .
                0x1ffff368                __HeapBase = .
                0x1ffff368                . = (. + __heap_size)
                0x1ffff368                __HeapLimit = .
                0x1ffff768                . = (. + __stack_size)
 *fill*         0x1ffff368      0x400 
                0x1ffff768                . = ALIGN (0x4)

.ARM.attributes
                0x00000000       0x28
 *(.ARM.attributes)
 .ARM.attributes
                0x00000000       0x1e /opt/Freescale/KDS_v3/toolchain/bin/../lib/gcc/arm-none-eabi/4.8.4/armv6-m/crti.o
 .ARM.attributes
                0x0000001e       0x2c /opt/Freescale/KDS_v3/toolchain/bin/../lib/gcc/arm-none-eabi/4.8.4/armv6-m/crtbegin.o
 .ARM.attributes
                0x0000004a       0x1b /opt/Freescale/KDS_v3/toolchain/bin/../lib/gcc/arm-none-eabi/4.8.4/../../../../arm-none-eabi/lib/armv6-m/crt0.o
 .ARM.attributes
                0x00000065       0x32 ./Sources/BatteryController.o
 .ARM.attributes
                0x00000097       0x32 ./Sources/CameraController.o
 .ARM.attributes
                0x000000c9       0x32 ./Sources/Error_management.o
 .ARM.attributes
                0x000000fb       0x32 ./Sources/Events.o
 .ARM.attributes
                0x0000012d       0x32 ./Sources/ImageProcessing.o
 .ARM.attributes
                0x0000015f       0x32 ./Sources/MotorController.o
 .ARM.attributes
                0x00000191       0x32 ./Sources/PID.o
 .ARM.attributes
                0x000001c3       0x32 ./Sources/SerialCommunication.o
 .ARM.attributes
                0x000001f5       0x32 ./Sources/ServoController.o
 .ARM.attributes
                0x00000227       0x32 ./Sources/SystemController.o
 .ARM.attributes
                0x00000259       0x32 ./Sources/main.o
 .ARM.attributes
                0x0000028b       0x32 ./Project_Settings/Startup_Code/startup.o
 .ARM.attributes
                0x000002bd       0x32 ./Generated_Code/AD_Converter.o
 .ARM.attributes
                0x000002ef       0x32 ./Generated_Code/AdcLdd1.o
 .ARM.attributes
                0x00000321       0x32 ./Generated_Code/BitIoLdd1.o
 .ARM.attributes
                0x00000353       0x32 ./Generated_Code/BitIoLdd10.o
 .ARM.attributes
                0x00000385       0x32 ./Generated_Code/BitIoLdd11.o
 .ARM.attributes
                0x000003b7       0x32 ./Generated_Code/BitIoLdd2.o
 .ARM.attributes
                0x000003e9       0x32 ./Generated_Code/BitIoLdd3.o
 .ARM.attributes
                0x0000041b       0x32 ./Generated_Code/BitIoLdd4.o
 .ARM.attributes
                0x0000044d       0x32 ./Generated_Code/BitIoLdd5.o
 .ARM.attributes
                0x0000047f       0x32 ./Generated_Code/BitIoLdd6.o
 .ARM.attributes
                0x000004b1       0x32 ./Generated_Code/BitIoLdd7.o
 .ARM.attributes
                0x000004e3       0x32 ./Generated_Code/BitIoLdd8.o
 .ARM.attributes
                0x00000515       0x32 ./Generated_Code/BitIoLdd9.o
 .ARM.attributes
                0x00000547       0x32 ./Generated_Code/Camera_CLK_Interruption.o
 .ARM.attributes
                0x00000579       0x32 ./Generated_Code/Cpu.o
 .ARM.attributes
                0x000005ab       0x32 ./Generated_Code/PE_LDD.o
 .ARM.attributes
                0x000005dd       0x32 ./Generated_Code/PwmLdd1.o
 .ARM.attributes
                0x0000060f       0x32 ./Generated_Code/PwmLdd2.o
 .ARM.attributes
                0x00000641       0x32 ./Generated_Code/PwmLdd3.o
 .ARM.attributes
                0x00000673       0x32 ./Generated_Code/PwmLdd4.o
 .ARM.attributes
                0x000006a5       0x32 ./Generated_Code/PwmLdd5.o
 .ARM.attributes
                0x000006d7       0x32 ./Generated_Code/SerialCom.o
 .ARM.attributes
                0x00000709       0x32 ./Generated_Code/TU1.o
 .ARM.attributes
                0x0000073b       0x32 ./Generated_Code/TU2.o
 .ARM.attributes
                0x0000076d       0x32 ./Generated_Code/TU3.o
 .ARM.attributes
                0x0000079f       0x32 ./Generated_Code/TimerIntLdd1.o
 .ARM.attributes
                0x000007d1       0x32 ./Generated_Code/Vectors.o
 .ARM.attributes
                0x00000803       0x1e /opt/Freescale/KDS_v3/toolchain/bin/../lib/gcc/arm-none-eabi/4.8.4/armv6-m/libgcc.a(_udivsi3.o)
 .ARM.attributes
                0x00000821       0x1e /opt/Freescale/KDS_v3/toolchain/bin/../lib/gcc/arm-none-eabi/4.8.4/armv6-m/libgcc.a(_divsi3.o)
 .ARM.attributes
                0x0000083f       0x1e /opt/Freescale/KDS_v3/toolchain/bin/../lib/gcc/arm-none-eabi/4.8.4/armv6-m/libgcc.a(_dvmd_tls.o)
 .ARM.attributes
                0x0000085d       0x1e /opt/Freescale/KDS_v3/toolchain/bin/../lib/gcc/arm-none-eabi/4.8.4/armv6-m/libgcc.a(_arm_cmpdf2.o)
 .ARM.attributes
                0x0000087b       0x1e /opt/Freescale/KDS_v3/toolchain/bin/../lib/gcc/arm-none-eabi/4.8.4/armv6-m/libgcc.a(_arm_cmpsf2.o)
 .ARM.attributes
                0x00000899       0x2c /opt/Freescale/KDS_v3/toolchain/bin/../lib/gcc/arm-none-eabi/4.8.4/armv6-m/libgcc.a(_fixunssfsi.o)
 .ARM.attributes
                0x000008c5       0x2c /opt/Freescale/KDS_v3/toolchain/bin/../lib/gcc/arm-none-eabi/4.8.4/armv6-m/libgcc.a(addsf3.o)
 .ARM.attributes
                0x000008f1       0x2c /opt/Freescale/KDS_v3/toolchain/bin/../lib/gcc/arm-none-eabi/4.8.4/armv6-m/libgcc.a(divsf3.o)
 .ARM.attributes
                0x0000091d       0x2c /opt/Freescale/KDS_v3/toolchain/bin/../lib/gcc/arm-none-eabi/4.8.4/armv6-m/libgcc.a(eqsf2.o)
 .ARM.attributes
                0x00000949       0x2c /opt/Freescale/KDS_v3/toolchain/bin/../lib/gcc/arm-none-eabi/4.8.4/armv6-m/libgcc.a(gesf2.o)
 .ARM.attributes
                0x00000975       0x2c /opt/Freescale/KDS_v3/toolchain/bin/../lib/gcc/arm-none-eabi/4.8.4/armv6-m/libgcc.a(lesf2.o)
 .ARM.attributes
                0x000009a1       0x2c /opt/Freescale/KDS_v3/toolchain/bin/../lib/gcc/arm-none-eabi/4.8.4/armv6-m/libgcc.a(mulsf3.o)
 .ARM.attributes
                0x000009cd       0x2c /opt/Freescale/KDS_v3/toolchain/bin/../lib/gcc/arm-none-eabi/4.8.4/armv6-m/libgcc.a(subsf3.o)
 .ARM.attributes
                0x000009f9       0x2c /opt/Freescale/KDS_v3/toolchain/bin/../lib/gcc/arm-none-eabi/4.8.4/armv6-m/libgcc.a(fixsfsi.o)
 .ARM.attributes
                0x00000a25       0x2c /opt/Freescale/KDS_v3/toolchain/bin/../lib/gcc/arm-none-eabi/4.8.4/armv6-m/libgcc.a(floatsisf.o)
 .ARM.attributes
                0x00000a51       0x2c /opt/Freescale/KDS_v3/toolchain/bin/../lib/gcc/arm-none-eabi/4.8.4/armv6-m/libgcc.a(floatunsisf.o)
 .ARM.attributes
                0x00000a7d       0x2c /opt/Freescale/KDS_v3/toolchain/bin/../lib/gcc/arm-none-eabi/4.8.4/armv6-m/libgcc.a(adddf3.o)
 .ARM.attributes
                0x00000aa9       0x2c /opt/Freescale/KDS_v3/toolchain/bin/../lib/gcc/arm-none-eabi/4.8.4/armv6-m/libgcc.a(divdf3.o)
 .ARM.attributes
                0x00000ad5       0x2c /opt/Freescale/KDS_v3/toolchain/bin/../lib/gcc/arm-none-eabi/4.8.4/armv6-m/libgcc.a(eqdf2.o)
 .ARM.attributes
                0x00000b01       0x2c /opt/Freescale/KDS_v3/toolchain/bin/../lib/gcc/arm-none-eabi/4.8.4/armv6-m/libgcc.a(gedf2.o)
 .ARM.attributes
                0x00000b2d       0x2c /opt/Freescale/KDS_v3/toolchain/bin/../lib/gcc/arm-none-eabi/4.8.4/armv6-m/libgcc.a(ledf2.o)
 .ARM.attributes
                0x00000b59       0x2c /opt/Freescale/KDS_v3/toolchain/bin/../lib/gcc/arm-none-eabi/4.8.4/armv6-m/libgcc.a(muldf3.o)
 .ARM.attributes
                0x00000b85       0x2c /opt/Freescale/KDS_v3/toolchain/bin/../lib/gcc/arm-none-eabi/4.8.4/armv6-m/libgcc.a(fixdfsi.o)
 .ARM.attributes
                0x00000bb1       0x2c /opt/Freescale/KDS_v3/toolchain/bin/../lib/gcc/arm-none-eabi/4.8.4/armv6-m/libgcc.a(floatsidf.o)
 .ARM.attributes
                0x00000bdd       0x2c /opt/Freescale/KDS_v3/toolchain/bin/../lib/gcc/arm-none-eabi/4.8.4/armv6-m/libgcc.a(extendsfdf2.o)
 .ARM.attributes
                0x00000c09       0x2c /opt/Freescale/KDS_v3/toolchain/bin/../lib/gcc/arm-none-eabi/4.8.4/armv6-m/libgcc.a(truncdfsf2.o)
 .ARM.attributes
                0x00000c35       0x1e /opt/Freescale/KDS_v3/toolchain/bin/../lib/gcc/arm-none-eabi/4.8.4/armv6-m/libgcc.a(_clzsi2.o)
 .ARM.attributes
                0x00000c53       0x2c /opt/Freescale/KDS_v3/toolchain/bin/../lib/gcc/arm-none-eabi/4.8.4/../../../../arm-none-eabi/lib/armv6-m/libg_s.a(lib_a-exit.o)
 .ARM.attributes
                0x00000c7f       0x2c /opt/Freescale/KDS_v3/toolchain/bin/../lib/gcc/arm-none-eabi/4.8.4/../../../../arm-none-eabi/lib/armv6-m/libg_s.a(lib_a-impure.o)
 .ARM.attributes
                0x00000cab       0x2c /opt/Freescale/KDS_v3/toolchain/bin/../lib/gcc/arm-none-eabi/4.8.4/../../../../arm-none-eabi/lib/armv6-m/libg_s.a(lib_a-init.o)
 .ARM.attributes
                0x00000cd7       0x2c /opt/Freescale/KDS_v3/toolchain/bin/../lib/gcc/arm-none-eabi/4.8.4/../../../../arm-none-eabi/lib/armv6-m/libg_s.a(lib_a-memset.o)
 .ARM.attributes
                0x00000d03       0x2c /opt/Freescale/KDS_v3/toolchain/bin/../lib/gcc/arm-none-eabi/4.8.4/../../../../arm-none-eabi/lib/armv6-m/libnosys.a(_exit.o)
 .ARM.attributes
                0x00000d2f       0x1e /opt/Freescale/KDS_v3/toolchain/bin/../lib/gcc/arm-none-eabi/4.8.4/armv6-m/crtn.o
OUTPUT(SDP_2016.elf elf32-littlearm)

.debug_info     0x00000000     0x81e6
 .debug_info    0x00000000      0x1b0 ./Sources/BatteryController.o
 .debug_info    0x000001b0      0x1ea ./Sources/CameraController.o
 .debug_info    0x0000039a      0x19f ./Sources/Error_management.o
 .debug_info    0x00000539      0x279 ./Sources/Events.o
 .debug_info    0x000007b2      0x225 ./Sources/ImageProcessing.o
 .debug_info    0x000009d7       0xdb ./Sources/MotorController.o
 .debug_info    0x00000ab2      0x19e ./Sources/PID.o
 .debug_info    0x00000c50      0x2bd ./Sources/SerialCommunication.o
 .debug_info    0x00000f0d       0xcd ./Sources/ServoController.o
 .debug_info    0x00000fda      0x171 ./Sources/SystemController.o
 .debug_info    0x0000114b      0x305 ./Sources/main.o
 .debug_info    0x00001450      0x20a ./Project_Settings/Startup_Code/startup.o
 .debug_info    0x0000165a      0x3e3 ./Generated_Code/AD_Converter.o
 .debug_info    0x00001a3d      0x8da ./Generated_Code/AdcLdd1.o
 .debug_info    0x00002317      0x3a7 ./Generated_Code/BitIoLdd1.o
 .debug_info    0x000026be      0x381 ./Generated_Code/BitIoLdd10.o
 .debug_info    0x00002a3f      0x381 ./Generated_Code/BitIoLdd11.o
 .debug_info    0x00002dc0      0x3a7 ./Generated_Code/BitIoLdd2.o
 .debug_info    0x00003167      0x307 ./Generated_Code/BitIoLdd3.o
 .debug_info    0x0000346e      0x30e ./Generated_Code/BitIoLdd4.o
 .debug_info    0x0000377c      0x332 ./Generated_Code/BitIoLdd5.o
 .debug_info    0x00003aae      0x332 ./Generated_Code/BitIoLdd6.o
 .debug_info    0x00003de0      0x332 ./Generated_Code/BitIoLdd7.o
 .debug_info    0x00004112      0x332 ./Generated_Code/BitIoLdd8.o
 .debug_info    0x00004444      0x381 ./Generated_Code/BitIoLdd9.o
 .debug_info    0x000047c5      0x1b7 ./Generated_Code/Camera_CLK_Interruption.o
 .debug_info    0x0000497c      0x943 ./Generated_Code/Cpu.o
 .debug_info    0x000052bf      0x251 ./Generated_Code/PE_LDD.o
 .debug_info    0x00005510      0x231 ./Generated_Code/PwmLdd1.o
 .debug_info    0x00005741      0x231 ./Generated_Code/PwmLdd2.o
 .debug_info    0x00005972      0x231 ./Generated_Code/PwmLdd3.o
 .debug_info    0x00005ba3      0x231 ./Generated_Code/PwmLdd4.o
 .debug_info    0x00005dd4      0x346 ./Generated_Code/PwmLdd5.o
 .debug_info    0x0000611a      0x879 ./Generated_Code/SerialCom.o
 .debug_info    0x00006993      0x5f3 ./Generated_Code/TU1.o
 .debug_info    0x00006f86      0x69f ./Generated_Code/TU2.o
 .debug_info    0x00007625      0x745 ./Generated_Code/TU3.o
 .debug_info    0x00007d6a      0x26d ./Generated_Code/TimerIntLdd1.o
 .debug_info    0x00007fd7      0x20f ./Generated_Code/Vectors.o

.debug_abbrev   0x00000000     0x2ade
 .debug_abbrev  0x00000000       0xd4 ./Sources/BatteryController.o
 .debug_abbrev  0x000000d4      0x117 ./Sources/CameraController.o
 .debug_abbrev  0x000001eb       0xa7 ./Sources/Error_management.o
 .debug_abbrev  0x00000292      0x12a ./Sources/Events.o
 .debug_abbrev  0x000003bc       0xe0 ./Sources/ImageProcessing.o
 .debug_abbrev  0x0000049c       0x89 ./Sources/MotorController.o
 .debug_abbrev  0x00000525       0xdc ./Sources/PID.o
 .debug_abbrev  0x00000601      0x10f ./Sources/SerialCommunication.o
 .debug_abbrev  0x00000710       0x89 ./Sources/ServoController.o
 .debug_abbrev  0x00000799       0x9c ./Sources/SystemController.o
 .debug_abbrev  0x00000835       0xef ./Sources/main.o
 .debug_abbrev  0x00000924      0x11e ./Project_Settings/Startup_Code/startup.o
 .debug_abbrev  0x00000a42      0x190 ./Generated_Code/AD_Converter.o
 .debug_abbrev  0x00000bd2      0x1e3 ./Generated_Code/AdcLdd1.o
 .debug_abbrev  0x00000db5      0x15f ./Generated_Code/BitIoLdd1.o
 .debug_abbrev  0x00000f14      0x136 ./Generated_Code/BitIoLdd10.o
 .debug_abbrev  0x0000104a      0x136 ./Generated_Code/BitIoLdd11.o
 .debug_abbrev  0x00001180      0x15f ./Generated_Code/BitIoLdd2.o
 .debug_abbrev  0x000012df      0x10d ./Generated_Code/BitIoLdd3.o
 .debug_abbrev  0x000013ec      0x127 ./Generated_Code/BitIoLdd4.o
 .debug_abbrev  0x00001513      0x127 ./Generated_Code/BitIoLdd5.o
 .debug_abbrev  0x0000163a      0x127 ./Generated_Code/BitIoLdd6.o
 .debug_abbrev  0x00001761      0x127 ./Generated_Code/BitIoLdd7.o
 .debug_abbrev  0x00001888      0x127 ./Generated_Code/BitIoLdd8.o
 .debug_abbrev  0x000019af      0x136 ./Generated_Code/BitIoLdd9.o
 .debug_abbrev  0x00001ae5       0xa1 ./Generated_Code/Camera_CLK_Interruption.o
 .debug_abbrev  0x00001b86      0x160 ./Generated_Code/Cpu.o
 .debug_abbrev  0x00001ce6      0x10d ./Generated_Code/PE_LDD.o
 .debug_abbrev  0x00001df3       0xdb ./Generated_Code/PwmLdd1.o
 .debug_abbrev  0x00001ece       0xdb ./Generated_Code/PwmLdd2.o
 .debug_abbrev  0x00001fa9       0xdb ./Generated_Code/PwmLdd3.o
 .debug_abbrev  0x00002084       0xdb ./Generated_Code/PwmLdd4.o
 .debug_abbrev  0x0000215f      0x122 ./Generated_Code/PwmLdd5.o
 .debug_abbrev  0x00002281      0x1f2 ./Generated_Code/SerialCom.o
 .debug_abbrev  0x00002473      0x195 ./Generated_Code/TU1.o
 .debug_abbrev  0x00002608      0x198 ./Generated_Code/TU2.o
 .debug_abbrev  0x000027a0      0x198 ./Generated_Code/TU3.o
 .debug_abbrev  0x00002938       0xfb ./Generated_Code/TimerIntLdd1.o
 .debug_abbrev  0x00002a33       0xab ./Generated_Code/Vectors.o

.debug_aranges  0x00000000      0x8a8
 .debug_aranges
                0x00000000       0x30 ./Sources/BatteryController.o
 .debug_aranges
                0x00000030       0x30 ./Sources/CameraController.o
 .debug_aranges
                0x00000060       0x20 ./Sources/Error_management.o
 .debug_aranges
                0x00000080       0x38 ./Sources/Events.o
 .debug_aranges
                0x000000b8       0x30 ./Sources/ImageProcessing.o
 .debug_aranges
                0x000000e8       0x20 ./Sources/MotorController.o
 .debug_aranges
                0x00000108       0x38 ./Sources/PID.o
 .debug_aranges
                0x00000140       0x50 ./Sources/SerialCommunication.o
 .debug_aranges
                0x00000190       0x20 ./Sources/ServoController.o
 .debug_aranges
                0x000001b0       0x20 ./Sources/SystemController.o
 .debug_aranges
                0x000001d0       0x20 ./Sources/main.o
 .debug_aranges
                0x000001f0       0x50 ./Project_Settings/Startup_Code/startup.o
 .debug_aranges
                0x00000240       0x60 ./Generated_Code/AD_Converter.o
 .debug_aranges
                0x000002a0       0x60 ./Generated_Code/AdcLdd1.o
 .debug_aranges
                0x00000300       0x48 ./Generated_Code/BitIoLdd1.o
 .debug_aranges
                0x00000348       0x40 ./Generated_Code/BitIoLdd10.o
 .debug_aranges
                0x00000388       0x40 ./Generated_Code/BitIoLdd11.o
 .debug_aranges
                0x000003c8       0x48 ./Generated_Code/BitIoLdd2.o
 .debug_aranges
                0x00000410       0x28 ./Generated_Code/BitIoLdd3.o
 .debug_aranges
                0x00000438       0x30 ./Generated_Code/BitIoLdd4.o
 .debug_aranges
                0x00000468       0x38 ./Generated_Code/BitIoLdd5.o
 .debug_aranges
                0x000004a0       0x38 ./Generated_Code/BitIoLdd6.o
 .debug_aranges
                0x000004d8       0x38 ./Generated_Code/BitIoLdd7.o
 .debug_aranges
                0x00000510       0x38 ./Generated_Code/BitIoLdd8.o
 .debug_aranges
                0x00000548       0x40 ./Generated_Code/BitIoLdd9.o
 .debug_aranges
                0x00000588       0x20 ./Generated_Code/Camera_CLK_Interruption.o
 .debug_aranges
                0x000005a8       0x38 ./Generated_Code/Cpu.o
 .debug_aranges
                0x000005e0       0x30 ./Generated_Code/PE_LDD.o
 .debug_aranges
                0x00000610       0x30 ./Generated_Code/PwmLdd1.o
 .debug_aranges
                0x00000640       0x30 ./Generated_Code/PwmLdd2.o
 .debug_aranges
                0x00000670       0x30 ./Generated_Code/PwmLdd3.o
 .debug_aranges
                0x000006a0       0x30 ./Generated_Code/PwmLdd4.o
 .debug_aranges
                0x000006d0       0x50 ./Generated_Code/PwmLdd5.o
 .debug_aranges
                0x00000720       0x48 ./Generated_Code/SerialCom.o
 .debug_aranges
                0x00000768       0x40 ./Generated_Code/TU1.o
 .debug_aranges
                0x000007a8       0x48 ./Generated_Code/TU2.o
 .debug_aranges
                0x000007f0       0x60 ./Generated_Code/TU3.o
 .debug_aranges
                0x00000850       0x40 ./Generated_Code/TimerIntLdd1.o
 .debug_aranges
                0x00000890       0x18 ./Generated_Code/Vectors.o

.debug_ranges   0x00000000      0x630
 .debug_ranges  0x00000000       0x20 ./Sources/BatteryController.o
 .debug_ranges  0x00000020       0x20 ./Sources/CameraController.o
 .debug_ranges  0x00000040       0x10 ./Sources/Error_management.o
 .debug_ranges  0x00000050       0x28 ./Sources/Events.o
 .debug_ranges  0x00000078       0x20 ./Sources/ImageProcessing.o
 .debug_ranges  0x00000098       0x10 ./Sources/MotorController.o
 .debug_ranges  0x000000a8       0x28 ./Sources/PID.o
 .debug_ranges  0x000000d0       0x40 ./Sources/SerialCommunication.o
 .debug_ranges  0x00000110       0x10 ./Sources/ServoController.o
 .debug_ranges  0x00000120       0x10 ./Sources/SystemController.o
 .debug_ranges  0x00000130       0x10 ./Sources/main.o
 .debug_ranges  0x00000140       0x40 ./Project_Settings/Startup_Code/startup.o
 .debug_ranges  0x00000180       0x50 ./Generated_Code/AD_Converter.o
 .debug_ranges  0x000001d0       0x50 ./Generated_Code/AdcLdd1.o
 .debug_ranges  0x00000220       0x38 ./Generated_Code/BitIoLdd1.o
 .debug_ranges  0x00000258       0x30 ./Generated_Code/BitIoLdd10.o
 .debug_ranges  0x00000288       0x30 ./Generated_Code/BitIoLdd11.o
 .debug_ranges  0x000002b8       0x38 ./Generated_Code/BitIoLdd2.o
 .debug_ranges  0x000002f0       0x18 ./Generated_Code/BitIoLdd3.o
 .debug_ranges  0x00000308       0x20 ./Generated_Code/BitIoLdd4.o
 .debug_ranges  0x00000328       0x28 ./Generated_Code/BitIoLdd5.o
 .debug_ranges  0x00000350       0x28 ./Generated_Code/BitIoLdd6.o
 .debug_ranges  0x00000378       0x28 ./Generated_Code/BitIoLdd7.o
 .debug_ranges  0x000003a0       0x28 ./Generated_Code/BitIoLdd8.o
 .debug_ranges  0x000003c8       0x30 ./Generated_Code/BitIoLdd9.o
 .debug_ranges  0x000003f8       0x10 ./Generated_Code/Camera_CLK_Interruption.o
 .debug_ranges  0x00000408       0x28 ./Generated_Code/Cpu.o
 .debug_ranges  0x00000430       0x20 ./Generated_Code/PE_LDD.o
 .debug_ranges  0x00000450       0x20 ./Generated_Code/PwmLdd1.o
 .debug_ranges  0x00000470       0x20 ./Generated_Code/PwmLdd2.o
 .debug_ranges  0x00000490       0x20 ./Generated_Code/PwmLdd3.o
 .debug_ranges  0x000004b0       0x20 ./Generated_Code/PwmLdd4.o
 .debug_ranges  0x000004d0       0x40 ./Generated_Code/PwmLdd5.o
 .debug_ranges  0x00000510       0x38 ./Generated_Code/SerialCom.o
 .debug_ranges  0x00000548       0x30 ./Generated_Code/TU1.o
 .debug_ranges  0x00000578       0x38 ./Generated_Code/TU2.o
 .debug_ranges  0x000005b0       0x50 ./Generated_Code/TU3.o
 .debug_ranges  0x00000600       0x30 ./Generated_Code/TimerIntLdd1.o

.debug_macro    0x00000000    0x15a0f
 .debug_macro   0x00000000      0x169 ./Sources/BatteryController.o
 .debug_macro   0x00000169      0x802 ./Sources/BatteryController.o
 .debug_macro   0x0000096b       0x16 ./Sources/BatteryController.o
 .debug_macro   0x00000981       0x44 ./Sources/BatteryController.o
 .debug_macro   0x000009c5      0x209 ./Sources/BatteryController.o
 .debug_macro   0x00000bce     0x1602 ./Sources/BatteryController.o
 .debug_macro   0x000021d0      0x14e ./Sources/BatteryController.o
 .debug_macro   0x0000231e       0x64 ./Sources/BatteryController.o
 .debug_macro   0x00002382     0x6691 ./Sources/BatteryController.o
 .debug_macro   0x00008a13       0x94 ./Sources/BatteryController.o
 .debug_macro   0x00008aa7      0x12c ./Sources/BatteryController.o
 .debug_macro   0x00008bd3       0x9a ./Sources/BatteryController.o
 .debug_macro   0x00008c6d       0x3a ./Sources/BatteryController.o
 .debug_macro   0x00008ca7       0x17 ./Sources/BatteryController.o
 .debug_macro   0x00008cbe       0x40 ./Sources/BatteryController.o
 .debug_macro   0x00008cfe       0x17 ./Sources/BatteryController.o
 .debug_macro   0x00008d15       0x40 ./Sources/BatteryController.o
 .debug_macro   0x00008d55       0x17 ./Sources/BatteryController.o
 .debug_macro   0x00008d6c       0x40 ./Sources/BatteryController.o
 .debug_macro   0x00008dac       0x17 ./Sources/BatteryController.o
 .debug_macro   0x00008dc3      0x61c ./Sources/BatteryController.o
 .debug_macro   0x000093df       0x89 ./Sources/BatteryController.o
 .debug_macro   0x00009468       0x10 ./Sources/BatteryController.o
 .debug_macro   0x00009478       0x49 ./Sources/BatteryController.o
 .debug_macro   0x000094c1       0x10 ./Sources/BatteryController.o
 .debug_macro   0x000094d1       0xea ./Sources/CameraController.o
 .debug_macro   0x000095bb       0xb5 ./Sources/CameraController.o
 .debug_macro   0x00009670       0x62 ./Sources/CameraController.o
 .debug_macro   0x000096d2       0x2f ./Sources/CameraController.o
 .debug_macro   0x00009701       0x1f ./Sources/CameraController.o
 .debug_macro   0x00009720       0xfe ./Sources/Error_management.o
 .debug_macro   0x0000981e      0x353 ./Sources/Events.o
 .debug_macro   0x00009b71       0x94 ./Sources/Events.o
 .debug_macro   0x00009c05       0x46 ./Sources/Events.o
 .debug_macro   0x00009c4b       0x26 ./Sources/Events.o
 .debug_macro   0x00009c71       0x4c ./Sources/Events.o
 .debug_macro   0x00009cbd       0x26 ./Sources/Events.o
 .debug_macro   0x00009ce3       0xbb ./Sources/Events.o
 .debug_macro   0x00009d9e       0x3a ./Sources/Events.o
 .debug_macro   0x00009dd8       0x10 ./Sources/Events.o
 .debug_macro   0x00009de8      0x1dc ./Sources/Events.o
 .debug_macro   0x00009fc4       0x89 ./Sources/Events.o
 .debug_macro   0x0000a04d       0x28 ./Sources/Events.o
 .debug_macro   0x0000a075       0x17 ./Sources/Events.o
 .debug_macro   0x0000a08c       0x2e ./Sources/Events.o
 .debug_macro   0x0000a0ba       0x17 ./Sources/Events.o
 .debug_macro   0x0000a0d1       0x2e ./Sources/Events.o
 .debug_macro   0x0000a0ff       0x17 ./Sources/Events.o
 .debug_macro   0x0000a116       0x2e ./Sources/Events.o
 .debug_macro   0x0000a144       0x17 ./Sources/Events.o
 .debug_macro   0x0000a15b       0x8f ./Sources/Events.o
 .debug_macro   0x0000a1ea       0x46 ./Sources/Events.o
 .debug_macro   0x0000a230       0x32 ./Sources/Events.o
 .debug_macro   0x0000a262       0x34 ./Sources/Events.o
 .debug_macro   0x0000a296       0x40 ./Sources/Events.o
 .debug_macro   0x0000a2d6       0x46 ./Sources/Events.o
 .debug_macro   0x0000a31c       0x1f ./Sources/Events.o
 .debug_macro   0x0000a33b       0x46 ./Sources/Events.o
 .debug_macro   0x0000a381       0x1f ./Sources/Events.o
 .debug_macro   0x0000a3a0       0x46 ./Sources/Events.o
 .debug_macro   0x0000a3e6       0x1f ./Sources/Events.o
 .debug_macro   0x0000a405       0x16 ./Sources/Events.o
 .debug_macro   0x0000a41b       0xf4 ./Sources/ImageProcessing.o
 .debug_macro   0x0000a50f      0x157 ./Sources/MotorController.o
 .debug_macro   0x0000a666       0x34 ./Sources/MotorController.o
 .debug_macro   0x0000a69a       0x1b ./Sources/PID.o
 .debug_macro   0x0000a6b5       0xa7 ./Sources/SerialCommunication.o
 .debug_macro   0x0000a75c       0x43 ./Sources/SerialCommunication.o
 .debug_macro   0x0000a79f       0xd3 ./Sources/ServoController.o
 .debug_macro   0x0000a872      0x1d6 ./Sources/ServoController.o
 .debug_macro   0x0000aa48       0x89 ./Sources/ServoController.o
 .debug_macro   0x0000aad1       0x1c ./Sources/ServoController.o
 .debug_macro   0x0000aaed      0x20b ./Sources/SystemController.o
 .debug_macro   0x0000acf8      0x38e ./Sources/main.o
 .debug_macro   0x0000b086       0x22 ./Sources/main.o
 .debug_macro   0x0000b0a8      0x121 ./Project_Settings/Startup_Code/startup.o
 .debug_macro   0x0000b1c9       0x58 ./Project_Settings/Startup_Code/startup.o
 .debug_macro   0x0000b221       0x35 ./Project_Settings/Startup_Code/startup.o
 .debug_macro   0x0000b256       0xa3 ./Project_Settings/Startup_Code/startup.o
 .debug_macro   0x0000b2f9      0x166 ./Project_Settings/Startup_Code/startup.o
 .debug_macro   0x0000b45f       0x4a ./Project_Settings/Startup_Code/startup.o
 .debug_macro   0x0000b4a9       0x52 ./Project_Settings/Startup_Code/startup.o
 .debug_macro   0x0000b4fb       0x16 ./Project_Settings/Startup_Code/startup.o
 .debug_macro   0x0000b511       0x43 ./Project_Settings/Startup_Code/startup.o
 .debug_macro   0x0000b554      0x180 ./Project_Settings/Startup_Code/startup.o
 .debug_macro   0x0000b6d4      0x2a6 ./Project_Settings/Startup_Code/startup.o
 .debug_macro   0x0000b97a       0x10 ./Project_Settings/Startup_Code/startup.o
 .debug_macro   0x0000b98a       0x35 ./Project_Settings/Startup_Code/startup.o
 .debug_macro   0x0000b9bf       0x16 ./Project_Settings/Startup_Code/startup.o
 .debug_macro   0x0000b9d5       0x22 ./Project_Settings/Startup_Code/startup.o
 .debug_macro   0x0000b9f7       0x10 ./Project_Settings/Startup_Code/startup.o
 .debug_macro   0x0000ba07      0x20f ./Project_Settings/Startup_Code/startup.o
 .debug_macro   0x0000bc16     0x6685 ./Project_Settings/Startup_Code/startup.o
 .debug_macro   0x0001229b      0x36b ./Generated_Code/AD_Converter.o
 .debug_macro   0x00012606       0xd3 ./Generated_Code/AdcLdd1.o
 .debug_macro   0x000126d9      0x616 ./Generated_Code/AdcLdd1.o
 .debug_macro   0x00012cef       0xa6 ./Generated_Code/BitIoLdd1.o
 .debug_macro   0x00012d95       0xa6 ./Generated_Code/BitIoLdd10.o
 .debug_macro   0x00012e3b       0x40 ./Generated_Code/BitIoLdd10.o
 .debug_macro   0x00012e7b       0xa6 ./Generated_Code/BitIoLdd11.o
 .debug_macro   0x00012f21       0x40 ./Generated_Code/BitIoLdd11.o
 .debug_macro   0x00012f61       0xa6 ./Generated_Code/BitIoLdd2.o
 .debug_macro   0x00013007       0x46 ./Generated_Code/BitIoLdd2.o
 .debug_macro   0x0001304d       0xa6 ./Generated_Code/BitIoLdd3.o
 .debug_macro   0x000130f3       0x2e ./Generated_Code/BitIoLdd3.o
 .debug_macro   0x00013121       0xa6 ./Generated_Code/BitIoLdd4.o
 .debug_macro   0x000131c7       0xa6 ./Generated_Code/BitIoLdd5.o
 .debug_macro   0x0001326d       0xa6 ./Generated_Code/BitIoLdd6.o
 .debug_macro   0x00013313       0x3a ./Generated_Code/BitIoLdd6.o
 .debug_macro   0x0001334d       0xa6 ./Generated_Code/BitIoLdd7.o
 .debug_macro   0x000133f3       0x3a ./Generated_Code/BitIoLdd7.o
 .debug_macro   0x0001342d       0xa6 ./Generated_Code/BitIoLdd8.o
 .debug_macro   0x000134d3       0x3a ./Generated_Code/BitIoLdd8.o
 .debug_macro   0x0001350d       0xa6 ./Generated_Code/BitIoLdd9.o
 .debug_macro   0x000135b3       0x40 ./Generated_Code/BitIoLdd9.o
 .debug_macro   0x000135f3      0x34d ./Generated_Code/Camera_CLK_Interruption.o
 .debug_macro   0x00013940      0x3a9 ./Generated_Code/Cpu.o
 .debug_macro   0x00013ce9      0x2be ./Generated_Code/PE_LDD.o
 .debug_macro   0x00013fa7       0xbe ./Generated_Code/PwmLdd1.o
 .debug_macro   0x00014065       0xbe ./Generated_Code/PwmLdd2.o
 .debug_macro   0x00014123       0xbe ./Generated_Code/PwmLdd3.o
 .debug_macro   0x000141e1       0xbe ./Generated_Code/PwmLdd4.o
 .debug_macro   0x0001429f       0xbb ./Generated_Code/PwmLdd5.o
 .debug_macro   0x0001435a      0x386 ./Generated_Code/SerialCom.o
 .debug_macro   0x000146e0      0x303 ./Generated_Code/SerialCom.o
 .debug_macro   0x000149e3      0x99c ./Generated_Code/SerialCom.o
 .debug_macro   0x0001537f       0xbb ./Generated_Code/TU1.o
 .debug_macro   0x0001543a       0xbc ./Generated_Code/TU2.o
 .debug_macro   0x000154f6       0xb4 ./Generated_Code/TU3.o
 .debug_macro   0x000155aa       0xca ./Generated_Code/TimerIntLdd1.o
 .debug_macro   0x00015674      0x39b ./Generated_Code/Vectors.o

.debug_line     0x00000000     0x9569
 .debug_line    0x00000000      0x41a ./Sources/BatteryController.o
 .debug_line    0x0000041a      0x388 ./Sources/CameraController.o
 .debug_line    0x000007a2      0x35f ./Sources/Error_management.o
 .debug_line    0x00000b01      0x614 ./Sources/Events.o
 .debug_line    0x00001115      0x3af ./Sources/ImageProcessing.o
 .debug_line    0x000014c4      0x39a ./Sources/MotorController.o
 .debug_line    0x0000185e       0x8e ./Sources/PID.o
 .debug_line    0x000018ec      0x34e ./Sources/SerialCommunication.o
 .debug_line    0x00001c3a      0x2fd ./Sources/ServoController.o
 .debug_line    0x00001f37      0x476 ./Sources/SystemController.o
 .debug_line    0x000023ad      0x64f ./Sources/main.o
 .debug_line    0x000029fc      0x3e8 ./Project_Settings/Startup_Code/startup.o
 .debug_line    0x00002de4      0x6e4 ./Generated_Code/AD_Converter.o
 .debug_line    0x000034c8      0x39a ./Generated_Code/AdcLdd1.o
 .debug_line    0x00003862      0x2e8 ./Generated_Code/BitIoLdd1.o
 .debug_line    0x00003b4a      0x2d8 ./Generated_Code/BitIoLdd10.o
 .debug_line    0x00003e22      0x2d8 ./Generated_Code/BitIoLdd11.o
 .debug_line    0x000040fa      0x2e8 ./Generated_Code/BitIoLdd2.o
 .debug_line    0x000043e2      0x29d ./Generated_Code/BitIoLdd3.o
 .debug_line    0x0000467f      0x2ae ./Generated_Code/BitIoLdd4.o
 .debug_line    0x0000492d      0x2c0 ./Generated_Code/BitIoLdd5.o
 .debug_line    0x00004bed      0x2c0 ./Generated_Code/BitIoLdd6.o
 .debug_line    0x00004ead      0x2c0 ./Generated_Code/BitIoLdd7.o
 .debug_line    0x0000516d      0x2c0 ./Generated_Code/BitIoLdd8.o
 .debug_line    0x0000542d      0x2d6 ./Generated_Code/BitIoLdd9.o
 .debug_line    0x00005703      0x613 ./Generated_Code/Camera_CLK_Interruption.o
 .debug_line    0x00005d16      0x8e6 ./Generated_Code/Cpu.o
 .debug_line    0x000065fc      0x549 ./Generated_Code/PE_LDD.o
 .debug_line    0x00006b45      0x2be ./Generated_Code/PwmLdd1.o
 .debug_line    0x00006e03      0x2be ./Generated_Code/PwmLdd2.o
 .debug_line    0x000070c1      0x2be ./Generated_Code/PwmLdd3.o
 .debug_line    0x0000737f      0x2be ./Generated_Code/PwmLdd4.o
 .debug_line    0x0000763d      0x31f ./Generated_Code/PwmLdd5.o
 .debug_line    0x0000795c      0x711 ./Generated_Code/SerialCom.o
 .debug_line    0x0000806d      0x2f4 ./Generated_Code/TU1.o
 .debug_line    0x00008361      0x32b ./Generated_Code/TU2.o
 .debug_line    0x0000868c      0x357 ./Generated_Code/TU3.o
 .debug_line    0x000089e3      0x31d ./Generated_Code/TimerIntLdd1.o
 .debug_line    0x00008d00      0x869 ./Generated_Code/Vectors.o

.debug_str      0x00000000    0x4584c
 .debug_str     0x00000000    0x32089 ./Sources/BatteryController.o
                              0x32485 (size before relaxing)
 .debug_str     0x00032089     0x1009 ./Sources/CameraController.o
                              0x2d3fe (size before relaxing)
 .debug_str     0x00033092       0x8d ./Sources/Error_management.o
                              0x2d3c9 (size before relaxing)
 .debug_str     0x0003311f     0x3b0f ./Sources/Events.o
                              0x36ed0 (size before relaxing)
 .debug_str     0x00036c2e       0x79 ./Sources/ImageProcessing.o
                              0x2d3dd (size before relaxing)
 .debug_str     0x00036ca7       0x67 ./Sources/MotorController.o
                              0x2efb1 (size before relaxing)
 .debug_str     0x00036d0e       0xb6 ./Sources/PID.o
                               0x2373 (size before relaxing)
 .debug_str     0x00036dc4       0xfa ./Sources/SerialCommunication.o
                              0x2bfcf (size before relaxing)
 .debug_str     0x00036ebe       0x8a ./Sources/ServoController.o
                              0x2e205 (size before relaxing)
 .debug_str     0x00036f48       0x91 ./Sources/SystemController.o
                              0x30961 (size before relaxing)
 .debug_str     0x00036fd9       0x40 ./Sources/main.o
                              0x36f56 (size before relaxing)
 .debug_str     0x00037019     0x25f0 ./Project_Settings/Startup_Code/startup.o
                              0x27318 (size before relaxing)
 .debug_str     0x00039609      0x1be ./Generated_Code/AD_Converter.o
                              0x36fd3 (size before relaxing)
 .debug_str     0x000397c7      0x4cd ./Generated_Code/AdcLdd1.o
                              0x3162f (size before relaxing)
 .debug_str     0x00039c94       0xf5 ./Generated_Code/BitIoLdd1.o
                              0x2ce22 (size before relaxing)
 .debug_str     0x00039d89       0xa8 ./Generated_Code/BitIoLdd10.o
                              0x2ce04 (size before relaxing)
 .debug_str     0x00039e31       0xa8 ./Generated_Code/BitIoLdd11.o
                              0x2ce04 (size before relaxing)
 .debug_str     0x00039ed9       0xb1 ./Generated_Code/BitIoLdd2.o
                              0x2ce22 (size before relaxing)
 .debug_str     0x00039f8a       0x6d ./Generated_Code/BitIoLdd3.o
                              0x2cd60 (size before relaxing)
 .debug_str     0x00039ff7       0x7e ./Generated_Code/BitIoLdd4.o
                              0x2cd84 (size before relaxing)
 .debug_str     0x0003a075       0x8f ./Generated_Code/BitIoLdd5.o
                              0x2cdb2 (size before relaxing)
 .debug_str     0x0003a104       0x8f ./Generated_Code/BitIoLdd6.o
                              0x2cdb2 (size before relaxing)
 .debug_str     0x0003a193       0x8f ./Generated_Code/BitIoLdd7.o
                              0x2cdb2 (size before relaxing)
 .debug_str     0x0003a222       0x8f ./Generated_Code/BitIoLdd8.o
                              0x2cdb2 (size before relaxing)
 .debug_str     0x0003a2b1       0xa0 ./Generated_Code/BitIoLdd9.o
                              0x2cdf6 (size before relaxing)
 .debug_str     0x0003a351       0x45 ./Generated_Code/Camera_CLK_Interruption.o
                              0x36e19 (size before relaxing)
 .debug_str     0x0003a396      0x19c ./Generated_Code/Cpu.o
                              0x370dc (size before relaxing)
 .debug_str     0x0003a532      0x17e ./Generated_Code/PE_LDD.o
                              0x36e61 (size before relaxing)
 .debug_str     0x0003a6b0       0x8a ./Generated_Code/PwmLdd1.o
                              0x2e06f (size before relaxing)
 .debug_str     0x0003a73a       0x5d ./Generated_Code/PwmLdd2.o
                              0x2e06f (size before relaxing)
 .debug_str     0x0003a797       0x5d ./Generated_Code/PwmLdd3.o
                              0x2e06f (size before relaxing)
 .debug_str     0x0003a7f4       0x4f ./Generated_Code/PwmLdd4.o
                              0x2e06f (size before relaxing)
 .debug_str     0x0003a843       0xae ./Generated_Code/PwmLdd5.o
                              0x2e149 (size before relaxing)
 .debug_str     0x0003a8f1     0xa9f9 ./Generated_Code/SerialCom.o
                              0x41a0e (size before relaxing)
 .debug_str     0x000452ea      0x141 ./Generated_Code/TU1.o
                              0x2d2fc (size before relaxing)
 .debug_str     0x0004542b      0x1f8 ./Generated_Code/TU2.o
                              0x2e1e5 (size before relaxing)
 .debug_str     0x00045623      0x127 ./Generated_Code/TU3.o
                              0x2e1d8 (size before relaxing)
 .debug_str     0x0004574a       0xe6 ./Generated_Code/TimerIntLdd1.o
                              0x2d33e (size before relaxing)
 .debug_str     0x00045830       0x1c ./Generated_Code/Vectors.o
                              0x36e23 (size before relaxing)

.comment        0x00000000       0x70
 .comment       0x00000000       0x70 ./Sources/BatteryController.o
                                 0x71 (size before relaxing)
 .comment       0x00000000       0x71 ./Sources/CameraController.o
 .comment       0x00000000       0x71 ./Sources/Error_management.o
 .comment       0x00000000       0x71 ./Sources/Events.o
 .comment       0x00000000       0x71 ./Sources/ImageProcessing.o
 .comment       0x00000000       0x71 ./Sources/MotorController.o
 .comment       0x00000000       0x71 ./Sources/PID.o
 .comment       0x00000000       0x71 ./Sources/SerialCommunication.o
 .comment       0x00000000       0x71 ./Sources/ServoController.o
 .comment       0x00000000       0x71 ./Sources/SystemController.o
 .comment       0x00000000       0x71 ./Sources/main.o
 .comment       0x00000000       0x71 ./Project_Settings/Startup_Code/startup.o
 .comment       0x00000000       0x71 ./Generated_Code/AD_Converter.o
 .comment       0x00000000       0x71 ./Generated_Code/AdcLdd1.o
 .comment       0x00000000       0x71 ./Generated_Code/BitIoLdd1.o
 .comment       0x00000000       0x71 ./Generated_Code/BitIoLdd10.o
 .comment       0x00000000       0x71 ./Generated_Code/BitIoLdd11.o
 .comment       0x00000000       0x71 ./Generated_Code/BitIoLdd2.o
 .comment       0x00000000       0x71 ./Generated_Code/BitIoLdd3.o
 .comment       0x00000000       0x71 ./Generated_Code/BitIoLdd4.o
 .comment       0x00000000       0x71 ./Generated_Code/BitIoLdd5.o
 .comment       0x00000000       0x71 ./Generated_Code/BitIoLdd6.o
 .comment       0x00000000       0x71 ./Generated_Code/BitIoLdd7.o
 .comment       0x00000000       0x71 ./Generated_Code/BitIoLdd8.o
 .comment       0x00000000       0x71 ./Generated_Code/BitIoLdd9.o
 .comment       0x00000000       0x71 ./Generated_Code/Camera_CLK_Interruption.o
 .comment       0x00000000       0x71 ./Generated_Code/Cpu.o
 .comment       0x00000000       0x71 ./Generated_Code/PE_LDD.o
 .comment       0x00000000       0x71 ./Generated_Code/PwmLdd1.o
 .comment       0x00000000       0x71 ./Generated_Code/PwmLdd2.o
 .comment       0x00000000       0x71 ./Generated_Code/PwmLdd3.o
 .comment       0x00000000       0x71 ./Generated_Code/PwmLdd4.o
 .comment       0x00000000       0x71 ./Generated_Code/PwmLdd5.o
 .comment       0x00000000       0x71 ./Generated_Code/SerialCom.o
 .comment       0x00000000       0x71 ./Generated_Code/TU1.o
 .comment       0x00000000       0x71 ./Generated_Code/TU2.o
 .comment       0x00000000       0x71 ./Generated_Code/TU3.o
 .comment       0x00000000       0x71 ./Generated_Code/TimerIntLdd1.o
 .comment       0x00000000       0x71 ./Generated_Code/Vectors.o

.debug_frame    0x00000000     0x1b00
 .debug_frame   0x00000000       0x6c ./Sources/BatteryController.o
 .debug_frame   0x0000006c       0x6c ./Sources/CameraController.o
 .debug_frame   0x000000d8       0x34 ./Sources/Error_management.o
 .debug_frame   0x0000010c       0x84 ./Sources/Events.o
 .debug_frame   0x00000190       0x70 ./Sources/ImageProcessing.o
 .debug_frame   0x00000200       0x30 ./Sources/MotorController.o
 .debug_frame   0x00000230       0x94 ./Sources/PID.o
 .debug_frame   0x000002c4       0xec ./Sources/SerialCommunication.o
 .debug_frame   0x000003b0       0x30 ./Sources/ServoController.o
 .debug_frame   0x000003e0       0x30 ./Sources/SystemController.o
 .debug_frame   0x00000410       0x30 ./Sources/main.o
 .debug_frame   0x00000440       0xd0 ./Project_Settings/Startup_Code/startup.o
 .debug_frame   0x00000510      0x124 ./Generated_Code/AD_Converter.o
 .debug_frame   0x00000634      0x130 ./Generated_Code/AdcLdd1.o
 .debug_frame   0x00000764       0xd0 ./Generated_Code/BitIoLdd1.o
 .debug_frame   0x00000834       0xb0 ./Generated_Code/BitIoLdd10.o
 .debug_frame   0x000008e4       0xb0 ./Generated_Code/BitIoLdd11.o
 .debug_frame   0x00000994       0xd0 ./Generated_Code/BitIoLdd2.o
 .debug_frame   0x00000a64       0x50 ./Generated_Code/BitIoLdd3.o
 .debug_frame   0x00000ab4       0x70 ./Generated_Code/BitIoLdd4.o
 .debug_frame   0x00000b24       0x90 ./Generated_Code/BitIoLdd5.o
 .debug_frame   0x00000bb4       0x90 ./Generated_Code/BitIoLdd6.o
 .debug_frame   0x00000c44       0x90 ./Generated_Code/BitIoLdd7.o
 .debug_frame   0x00000cd4       0x90 ./Generated_Code/BitIoLdd8.o
 .debug_frame   0x00000d64       0xb0 ./Generated_Code/BitIoLdd9.o
 .debug_frame   0x00000e14       0x30 ./Generated_Code/Camera_CLK_Interruption.o
 .debug_frame   0x00000e44       0x80 ./Generated_Code/Cpu.o
 .debug_frame   0x00000ec4       0x6c ./Generated_Code/PE_LDD.o
 .debug_frame   0x00000f30       0x70 ./Generated_Code/PwmLdd1.o
 .debug_frame   0x00000fa0       0x70 ./Generated_Code/PwmLdd2.o
 .debug_frame   0x00001010       0x70 ./Generated_Code/PwmLdd3.o
 .debug_frame   0x00001080       0x70 ./Generated_Code/PwmLdd4.o
 .debug_frame   0x000010f0       0xf0 ./Generated_Code/PwmLdd5.o
 .debug_frame   0x000011e0       0xd0 ./Generated_Code/SerialCom.o
 .debug_frame   0x000012b0       0xb0 ./Generated_Code/TU1.o
 .debug_frame   0x00001360       0xd0 ./Generated_Code/TU2.o
 .debug_frame   0x00001430      0x130 ./Generated_Code/TU3.o
 .debug_frame   0x00001560       0xb0 ./Generated_Code/TimerIntLdd1.o
 .debug_frame   0x00001610       0x20 /opt/Freescale/KDS_v3/toolchain/bin/../lib/gcc/arm-none-eabi/4.8.4/armv6-m/libgcc.a(_udivsi3.o)
 .debug_frame   0x00001630       0x20 /opt/Freescale/KDS_v3/toolchain/bin/../lib/gcc/arm-none-eabi/4.8.4/armv6-m/libgcc.a(_divsi3.o)
 .debug_frame   0x00001650       0x28 /opt/Freescale/KDS_v3/toolchain/bin/../lib/gcc/arm-none-eabi/4.8.4/armv6-m/libgcc.a(_fixunssfsi.o)
 .debug_frame   0x00001678       0x30 /opt/Freescale/KDS_v3/toolchain/bin/../lib/gcc/arm-none-eabi/4.8.4/armv6-m/libgcc.a(addsf3.o)
 .debug_frame   0x000016a8       0x3c /opt/Freescale/KDS_v3/toolchain/bin/../lib/gcc/arm-none-eabi/4.8.4/armv6-m/libgcc.a(divsf3.o)
 .debug_frame   0x000016e4       0x2c /opt/Freescale/KDS_v3/toolchain/bin/../lib/gcc/arm-none-eabi/4.8.4/armv6-m/libgcc.a(eqsf2.o)
 .debug_frame   0x00001710       0x30 /opt/Freescale/KDS_v3/toolchain/bin/../lib/gcc/arm-none-eabi/4.8.4/armv6-m/libgcc.a(gesf2.o)
 .debug_frame   0x00001740       0x30 /opt/Freescale/KDS_v3/toolchain/bin/../lib/gcc/arm-none-eabi/4.8.4/armv6-m/libgcc.a(lesf2.o)
 .debug_frame   0x00001770       0x3c /opt/Freescale/KDS_v3/toolchain/bin/../lib/gcc/arm-none-eabi/4.8.4/armv6-m/libgcc.a(mulsf3.o)
 .debug_frame   0x000017ac       0x30 /opt/Freescale/KDS_v3/toolchain/bin/../lib/gcc/arm-none-eabi/4.8.4/armv6-m/libgcc.a(subsf3.o)
 .debug_frame   0x000017dc       0x20 /opt/Freescale/KDS_v3/toolchain/bin/../lib/gcc/arm-none-eabi/4.8.4/armv6-m/libgcc.a(fixsfsi.o)
 .debug_frame   0x000017fc       0x2c /opt/Freescale/KDS_v3/toolchain/bin/../lib/gcc/arm-none-eabi/4.8.4/armv6-m/libgcc.a(floatsisf.o)
 .debug_frame   0x00001828       0x28 /opt/Freescale/KDS_v3/toolchain/bin/../lib/gcc/arm-none-eabi/4.8.4/armv6-m/libgcc.a(floatunsisf.o)
 .debug_frame   0x00001850       0x3c /opt/Freescale/KDS_v3/toolchain/bin/../lib/gcc/arm-none-eabi/4.8.4/armv6-m/libgcc.a(adddf3.o)
 .debug_frame   0x0000188c       0x3c /opt/Freescale/KDS_v3/toolchain/bin/../lib/gcc/arm-none-eabi/4.8.4/armv6-m/libgcc.a(divdf3.o)
 .debug_frame   0x000018c8       0x3c /opt/Freescale/KDS_v3/toolchain/bin/../lib/gcc/arm-none-eabi/4.8.4/armv6-m/libgcc.a(eqdf2.o)
 .debug_frame   0x00001904       0x38 /opt/Freescale/KDS_v3/toolchain/bin/../lib/gcc/arm-none-eabi/4.8.4/armv6-m/libgcc.a(gedf2.o)
 .debug_frame   0x0000193c       0x3c /opt/Freescale/KDS_v3/toolchain/bin/../lib/gcc/arm-none-eabi/4.8.4/armv6-m/libgcc.a(ledf2.o)
 .debug_frame   0x00001978       0x3c /opt/Freescale/KDS_v3/toolchain/bin/../lib/gcc/arm-none-eabi/4.8.4/armv6-m/libgcc.a(muldf3.o)
 .debug_frame   0x000019b4       0x2c /opt/Freescale/KDS_v3/toolchain/bin/../lib/gcc/arm-none-eabi/4.8.4/armv6-m/libgcc.a(fixdfsi.o)
 .debug_frame   0x000019e0       0x30 /opt/Freescale/KDS_v3/toolchain/bin/../lib/gcc/arm-none-eabi/4.8.4/armv6-m/libgcc.a(floatsidf.o)
 .debug_frame   0x00001a10       0x2c /opt/Freescale/KDS_v3/toolchain/bin/../lib/gcc/arm-none-eabi/4.8.4/armv6-m/libgcc.a(extendsfdf2.o)
 .debug_frame   0x00001a3c       0x30 /opt/Freescale/KDS_v3/toolchain/bin/../lib/gcc/arm-none-eabi/4.8.4/armv6-m/libgcc.a(truncdfsf2.o)
 .debug_frame   0x00001a6c       0x28 /opt/Freescale/KDS_v3/toolchain/bin/../lib/gcc/arm-none-eabi/4.8.4/../../../../arm-none-eabi/lib/armv6-m/libg_s.a(lib_a-exit.o)
 .debug_frame   0x00001a94       0x2c /opt/Freescale/KDS_v3/toolchain/bin/../lib/gcc/arm-none-eabi/4.8.4/../../../../arm-none-eabi/lib/armv6-m/libg_s.a(lib_a-init.o)
 .debug_frame   0x00001ac0       0x20 /opt/Freescale/KDS_v3/toolchain/bin/../lib/gcc/arm-none-eabi/4.8.4/../../../../arm-none-eabi/lib/armv6-m/libg_s.a(lib_a-memset.o)
 .debug_frame   0x00001ae0       0x20 /opt/Freescale/KDS_v3/toolchain/bin/../lib/gcc/arm-none-eabi/4.8.4/../../../../arm-none-eabi/lib/armv6-m/libnosys.a(_exit.o)
